[0/2] Re-checking globbed directories...
ninja: no work to do.
----------- Initializing AUV-Based EDC simulation -----------
Use sweeps like: ./ns3 run "scratch/edc --trafficLoad=1 --nodes=126"

----------- AUV-Based EDC UW-LSN summary -----------
Paper setup: MAC=Underwater MAC, UDP-like packets, omni acoustic, BW=25000 Hz, rate=31200 bps, simTime=23450 s, trafficStop=4000 s, protocol=pure-acoustic, auvCollectionMedium=none, energyModel=hardware, matchHybridQueues=1, ddnBufferPolicy=priority, nodeIdlePowerW=0.0005
Acoustic MAC: aloha (hop ACKs off; end-to-end retry)
Topology: BSN=144 DRN=36 DDN=8 SINK=15 sinkPlacement=hybrid AUV=0 length=12600 m pipelineDepth=1000 m ddnEomOffset=500 m
Ranges: BSN=100 DRN=250 DDN=400 DDN-AUV=400 SINK=500 m
AUV: speed=6.087 km/h contactDepth=500 m sinusAmplitude=0 m completePatrolInSimTime=0
UWOC: waterType=clear-ocean c=0.151 1/m opticalRange=30 m dataRate=2.5e+06 bps pointingSigma=0.75 m pointingCoherence=60 s m divergence=30 deg disableOpticalLoss=0
Traffic: load=0.05 pkt/s payloadBytes(H/M/L)=64/256/25000 ddnContactPacketsPerTick=0 sinkContactPacketsPerTick=0
Generated=208 gatewayOriginated=135 reachedDDN=207 collectedByAUV=0 deliveredToSink=207 directCriticalToSink=14 directMediumToSink=58 directLowToSink=135 mediumFallbackRhoMax=0 lowFallbackRhoMax=0 opticalTransfers=0 opticalAttempted=0 opticalLost=0 opticalPending=0 opticalLossPct=0 opticalMeanPktSuccess=0 opticalMeanSnrDb=0 acousticTransfers=1831 acousticTxBytes=5284935 acousticTxAirtimeS=1355.11 acousticSourceAttempts=105 acousticRetransmissions=32 acousticRetryExhausted=1 acousticAcks=72 acousticPending=0 directSourceAttempts=277 directRetransmissions=67 directCyclesExhausted=3 directAcks=207 directPending=0 mobileSourceAttempts=0 mobileRetransmissions=0 mobileContactFailures=0 mobileAcks=0 mobilePending=0 auvSurfaceSourceAttempts=0 auvSurfaceRetransmissions=0 auvSurfaceContactFailures=0 auvSurfaceAcks=0 auvSurfacePending=0 energyConsumedJ=13916.3 ddnBuffered=0 auvBuffered=0
Priority: highGenerated=14 mediumGenerated=59 lowGenerated=135 highDelivered=14 mediumDelivered=58 lowDelivered=135
PDR_surface=99.5192 %
AvgDelay_E2E=28.8513 s  (BSN->surface-sink, includes AUV transit)
Throughput=1156.7570 bps
EnergyPerPkt=67228.3498 mJ/pkt
PDR_DDN=34.6154 %  (BSN->DDN acoustic, comparable to Ahmed 2022)
AvgDelay_acoustic=6.0063 s  (BSN->DDN hop only, ~1-9 s reference range)
Priority_PDR: HIGH=100.0000% MEDIUM=98.3051% LOW=100.0000%
Priority_delay: HIGH=22.4195s MEDIUM=14.0005s LOW=35.8987s
Priority_miss: HIGH=0.0000% MEDIUM=1.6949% LOW=0.0000%
Priority_energy: HIGH=20.2522 mJ/byte MEDIUM=11.7736 mJ/byte LOW=3.4408 mJ/byte
Node_role_energy: BSN=1710.8960 J DRN=454.7352 J DDN=10765.5812 J AUV=0.0000 J SINK=985.0560 J dominant=DDN
Node_role_energy_pct: BSN=12.2942% DRN=3.2677% DDN=77.3597% AUV=0.0000% SINK=7.0784%
RESULT nodes=180 protocol=pure-acoustic matchHybridQueues=1 ddnBufferPolicy=priority nodeIdlePowerW=0.0005 trafficLoad=0.0500 trafficStop=4000.0000 sinkPlacement=hybrid generated=208 delivered=207 pdr=99.5192 avgDelayE2E=28.8513 avgDelayAcoustic=6.0063 pdrDDN=34.6154 throughputBps=1156.7570 energyJ=13916.2684 energyPerPktMj=67228.3498 pdrHigh=100.0000 pdrMedium=98.3051 pdrLow=100.0000 highAvgDelay=22.4195 mediumAvgDelay=14.0005 lowAvgDelay=35.8987 highMissRatio=0.0000 mediumMissRatio=1.6949 lowMissRatio=0.0000 burstGenerated=0 burstDelivered=0 burstMeanDelay=0.0000 burstDeadlineMiss=0 highDeadlineMiss=0 mediumDeadlineMiss=0 lowDeadlineMiss=0 directCritical=14 bufferDropped=0 bufferDroppedHigh=0 bufferDroppedMedium=0 bufferDroppedLow=0 directLow=135 acousticSourceAttempts=105 acousticRetransmissions=32 acousticRetryExhausted=1 acousticAcks=72 acousticPending=0 directSourceAttempts=277 directRetransmissions=67 directCyclesExhausted=3 directAcks=207 directPending=0 mobileSourceAttempts=0 mobileRetransmissions=0 mobileContactFailures=0 mobileAcks=0 mobilePending=0 auvSurfaceSourceAttempts=0 auvSurfaceRetransmissions=0 auvSurfaceContactFailures=0 auvSurfaceAcks=0 auvSurfacePending=0 optical=0 opticalAttempted=0 opticalLost=0 opticalPending=0 opticalLossPct=0.0000 opticalMeanPktSuccess=0.0000 opticalMeanSnrDb=0.0000 directMedium=58 highEnergyJ=18.1460 mediumEnergyJ=174.8138 lowEnergyJ=11612.8086 bsnEnergyJ=1710.8960 drnEnergyJ=454.7352 ddnEnergyJ=10765.5812 auvEnergyJ=0.0000 sinkEnergyJ=985.0560 bsnEnergyPct=12.2942 drnEnergyPct=3.2677 ddnEnergyPct=77.3597 auvEnergyPct=0.0000 sinkEnergyPct=7.0784 dominantNodeRole=DDN highEnergyMjByte=20.2522 mediumEnergyMjByte=11.7736 lowEnergyMjByte=3.4408 rhoMax=0.0000 lowRhoMax=0.0000 opticalExtCoeff=0.1510
