[0/2] Re-checking globbed directories...
ninja: no work to do.
----------- Initializing AUV-Based EDC simulation -----------
Use sweeps like: ./ns3 run "scratch/edc --trafficLoad=1 --nodes=126"

----------- AUV-Based EDC UW-LSN summary -----------
Paper setup: MAC=Underwater MAC, UDP-like packets, omni acoustic, BW=25000 Hz, rate=31200 bps, simTime=23450 s, trafficStop=4000 s, protocol=pure-acoustic, auvCollectionMedium=none, energyModel=hardware, matchHybridQueues=1, ddnBufferPolicy=priority, nodeIdlePowerW=0.0005
Acoustic MAC: aloha (hop ACKs off; end-to-end retry)
Topology: BSN=144 DRN=36 DDN=8 SINK=15 sinkPlacement=hybrid AUV=0 length=12600 m pipelineDepth=1000 m ddnEomOffset=500 m
Ranges: BSN=100 DRN=250 DDN=400 DDN-AUV=400 SINK=500 m
AUV: speed=6.087 km/h contactDepth=500 m sinusAmplitude=0 m completePatrolInSimTime=0
UWOC: waterType=clear-ocean c=0.151 1/m opticalRange=30 m dataRate=2.5e+06 bps pointingSigma=0.75 m pointingCoherence=60 s m divergence=30 deg disableOpticalLoss=0
Traffic: load=0.05 pkt/s payloadBytes(H/M/L)=64/256/25000 ddnContactPacketsPerTick=0 sinkContactPacketsPerTick=0
Generated=193 gatewayOriginated=110 reachedDDN=193 collectedByAUV=0 deliveredToSink=193 directCriticalToSink=23 directMediumToSink=60 directLowToSink=110 mediumFallbackRhoMax=0 lowFallbackRhoMax=0 opticalTransfers=0 opticalAttempted=0 opticalLost=0 opticalPending=0 opticalLossPct=0 opticalMeanPktSuccess=0 opticalMeanSnrDb=0 acousticTransfers=1492 acousticTxBytes=4040148 acousticTxAirtimeS=1035.94 acousticSourceAttempts=103 acousticRetransmissions=20 acousticRetryExhausted=0 acousticAcks=83 acousticPending=0 directSourceAttempts=239 directRetransmissions=43 directCyclesExhausted=3 directAcks=193 directPending=0 mobileSourceAttempts=0 mobileRetransmissions=0 mobileContactFailures=0 mobileAcks=0 mobilePending=0 auvSurfaceSourceAttempts=0 auvSurfaceRetransmissions=0 auvSurfaceContactFailures=0 auvSurfaceAcks=0 auvSurfacePending=0 energyConsumedJ=11142.9 ddnBuffered=0 auvBuffered=0
Priority: highGenerated=23 mediumGenerated=60 lowGenerated=110 highDelivered=23 mediumDelivered=60 lowDelivered=110
PDR_surface=100.0000 %
AvgDelay_E2E=17.0464 s  (BSN->surface-sink, includes AUV transit)
Throughput=943.9086 bps
EnergyPerPkt=57735.0389 mJ/pkt
PDR_DDN=43.0052 %  (BSN->DDN acoustic, comparable to Ahmed 2022)
AvgDelay_acoustic=3.8659 s  (BSN->DDN hop only, ~1-9 s reference range)
Priority_PDR: HIGH=100.0000% MEDIUM=100.0000% LOW=100.0000%
Priority_delay: HIGH=6.8961s MEDIUM=8.6394s LOW=23.7543s
Priority_miss: HIGH=0.0000% MEDIUM=0.0000% LOW=0.0000%
Priority_energy: HIGH=17.6448 mJ/byte MEDIUM=10.3277 mJ/byte LOW=3.2174 mJ/byte
Node_role_energy: BSN=1703.9356 J DRN=449.1008 J DDN=8227.3958 J AUV=0.0000 J SINK=762.4304 J dominant=DDN
Node_role_energy_pct: BSN=15.2917% DRN=4.0304% DDN=73.8356% AUV=0.0000% SINK=6.8423%
RESULT nodes=180 protocol=pure-acoustic matchHybridQueues=1 ddnBufferPolicy=priority nodeIdlePowerW=0.0005 trafficLoad=0.0500 trafficStop=4000.0000 sinkPlacement=hybrid generated=193 delivered=193 pdr=100.0000 avgDelayE2E=17.0464 avgDelayAcoustic=3.8659 pdrDDN=43.0052 throughputBps=943.9086 energyJ=11142.8625 energyPerPktMj=57735.0389 pdrHigh=100.0000 pdrMedium=100.0000 pdrLow=100.0000 highAvgDelay=6.8961 mediumAvgDelay=8.6394 lowAvgDelay=23.7543 highMissRatio=0.0000 mediumMissRatio=0.0000 lowMissRatio=0.0000 burstGenerated=0 burstDelivered=0 burstMeanDelay=0.0000 burstDeadlineMiss=0 highDeadlineMiss=0 mediumDeadlineMiss=0 lowDeadlineMiss=0 directCritical=23 bufferDropped=0 bufferDroppedHigh=0 bufferDroppedMedium=0 bufferDroppedLow=0 directLow=110 acousticSourceAttempts=103 acousticRetransmissions=20 acousticRetryExhausted=0 acousticAcks=83 acousticPending=0 directSourceAttempts=239 directRetransmissions=43 directCyclesExhausted=3 directAcks=193 directPending=0 mobileSourceAttempts=0 mobileRetransmissions=0 mobileContactFailures=0 mobileAcks=0 mobilePending=0 auvSurfaceSourceAttempts=0 auvSurfaceRetransmissions=0 auvSurfaceContactFailures=0 auvSurfaceAcks=0 auvSurfacePending=0 optical=0 opticalAttempted=0 opticalLost=0 opticalPending=0 opticalLossPct=0.0000 opticalMeanPktSuccess=0.0000 opticalMeanSnrDb=0.0000 directMedium=60 highEnergyJ=25.9732 mediumEnergyJ=158.6328 lowEnergyJ=8847.7565 bsnEnergyJ=1703.9356 drnEnergyJ=449.1008 ddnEnergyJ=8227.3958 auvEnergyJ=0.0000 sinkEnergyJ=762.4304 bsnEnergyPct=15.2917 drnEnergyPct=4.0304 ddnEnergyPct=73.8356 auvEnergyPct=0.0000 sinkEnergyPct=6.8423 dominantNodeRole=DDN highEnergyMjByte=17.6448 mediumEnergyMjByte=10.3277 lowEnergyMjByte=3.2174 rhoMax=0.0000 lowRhoMax=0.0000 opticalExtCoeff=0.1510
