[0/2] Re-checking globbed directories...
ninja: no work to do.
----------- Initializing AUV-Based EDC simulation -----------
Use sweeps like: ./ns3 run "scratch/edc --trafficLoad=1 --nodes=126"

----------- AUV-Based EDC UW-LSN summary -----------
Paper setup: MAC=Underwater MAC, UDP-like packets, omni acoustic, BW=25000 Hz, rate=31200 bps, simTime=23450 s, trafficStop=4000 s, protocol=pure-acoustic, auvCollectionMedium=none, energyModel=hardware, matchHybridQueues=0, ddnBufferPolicy=fifo, nodeIdlePowerW=0.0005
Acoustic MAC: aloha (hop ACKs off; end-to-end retry)
Topology: BSN=144 DRN=36 DDN=8 SINK=15 sinkPlacement=hybrid AUV=0 length=12600 m pipelineDepth=1000 m ddnEomOffset=500 m
Ranges: BSN=100 DRN=250 DDN=400 DDN-AUV=400 SINK=500 m
AUV: speed=6.087 km/h contactDepth=500 m sinusAmplitude=0 m completePatrolInSimTime=0
UWOC: waterType=clear-ocean c=0.151 1/m opticalRange=30 m dataRate=2.5e+06 bps pointingSigma=0.75 m pointingCoherence=60 s m divergence=30 deg disableOpticalLoss=0
Traffic: load=0.05 pkt/s payloadBytes(H/M/L)=64/256/25000 ddnContactPacketsPerTick=0 sinkContactPacketsPerTick=0
Generated=184 gatewayOriginated=114 reachedDDN=184 collectedByAUV=0 deliveredToSink=184 directCriticalToSink=21 directMediumToSink=49 directLowToSink=114 mediumFallbackRhoMax=0 lowFallbackRhoMax=0 opticalTransfers=0 opticalAttempted=0 opticalLost=0 opticalPending=0 opticalLossPct=0 opticalMeanPktSuccess=0 opticalMeanSnrDb=0 acousticTransfers=1657 acousticTxBytes=4742433 acousticTxAirtimeS=1216.01 acousticSourceAttempts=101 acousticRetransmissions=31 acousticRetryExhausted=0 acousticAcks=70 acousticPending=0 directSourceAttempts=254 directRetransmissions=68 directCyclesExhausted=2 directAcks=184 directPending=0 mobileSourceAttempts=0 mobileRetransmissions=0 mobileContactFailures=0 mobileAcks=0 mobilePending=0 auvSurfaceSourceAttempts=0 auvSurfaceRetransmissions=0 auvSurfaceContactFailures=0 auvSurfaceAcks=0 auvSurfacePending=0 energyConsumedJ=12707.9 ddnBuffered=0 auvBuffered=0
Priority: highGenerated=21 mediumGenerated=49 lowGenerated=114 highDelivered=21 mediumDelivered=49 lowDelivered=114
PDR_surface=100.0000 %
AvgDelay_E2E=25.8485 s  (BSN->surface-sink, includes AUV transit)
Throughput=977.0194 bps
EnergyPerPkt=69064.6682 mJ/pkt
PDR_DDN=38.0435 %  (BSN->DDN acoustic, comparable to Ahmed 2022)
AvgDelay_acoustic=6.5402 s  (BSN->DDN hop only, ~1-9 s reference range)
Priority_PDR: HIGH=100.0000% MEDIUM=100.0000% LOW=100.0000%
Priority_delay: HIGH=23.7201s MEDIUM=17.0921s LOW=30.0043s
Priority_miss: HIGH=0.0000% MEDIUM=0.0000% LOW=0.0000%
Priority_energy: HIGH=16.1230 mJ/byte MEDIUM=11.8533 mJ/byte LOW=3.6586 mJ/byte
Node_role_energy: BSN=1702.7778 J DRN=444.8743 J DDN=9672.0657 J AUV=0.0000 J SINK=888.1811 J dominant=DDN
Node_role_energy_pct: BSN=13.3994% DRN=3.5008% DDN=76.1107% AUV=0.0000% SINK=6.9892%
RESULT nodes=180 protocol=pure-acoustic matchHybridQueues=0 ddnBufferPolicy=fifo nodeIdlePowerW=0.0005 trafficLoad=0.0500 trafficStop=4000.0000 sinkPlacement=hybrid generated=184 delivered=184 pdr=100.0000 avgDelayE2E=25.8485 avgDelayAcoustic=6.5402 pdrDDN=38.0435 throughputBps=977.0194 energyJ=12707.8989 energyPerPktMj=69064.6682 pdrHigh=100.0000 pdrMedium=100.0000 pdrLow=100.0000 highAvgDelay=23.7201 mediumAvgDelay=17.0921 lowAvgDelay=30.0043 highMissRatio=0.0000 mediumMissRatio=0.0000 lowMissRatio=0.0000 burstGenerated=0 burstDelivered=0 burstMeanDelay=0.0000 burstDeadlineMiss=0 highDeadlineMiss=0 mediumDeadlineMiss=0 lowDeadlineMiss=0 directCritical=21 bufferDropped=0 bufferDroppedHigh=0 bufferDroppedMedium=0 bufferDroppedLow=0 directLow=114 acousticSourceAttempts=101 acousticRetransmissions=31 acousticRetryExhausted=0 acousticAcks=70 acousticPending=0 directSourceAttempts=254 directRetransmissions=68 directCyclesExhausted=2 directAcks=184 directPending=0 mobileSourceAttempts=0 mobileRetransmissions=0 mobileContactFailures=0 mobileAcks=0 mobilePending=0 auvSurfaceSourceAttempts=0 auvSurfaceRetransmissions=0 auvSurfaceContactFailures=0 auvSurfaceAcks=0 auvSurfacePending=0 optical=0 opticalAttempted=0 opticalLost=0 opticalPending=0 opticalLossPct=0.0000 opticalMeanPktSuccess=0.0000 opticalMeanSnrDb=0.0000 directMedium=49 highEnergyJ=21.6693 mediumEnergyJ=148.6878 lowEnergyJ=10427.0418 bsnEnergyJ=1702.7778 drnEnergyJ=444.8743 ddnEnergyJ=9672.0657 auvEnergyJ=0.0000 sinkEnergyJ=888.1811 bsnEnergyPct=13.3994 drnEnergyPct=3.5008 ddnEnergyPct=76.1107 auvEnergyPct=0.0000 sinkEnergyPct=6.9892 dominantNodeRole=DDN highEnergyMjByte=16.1230 mediumEnergyMjByte=11.8533 lowEnergyMjByte=3.6586 rhoMax=0.0000 lowRhoMax=0.0000 opticalExtCoeff=0.1510
