[0/2] Re-checking globbed directories...
ninja: no work to do.
----------- Initializing AUV-Based EDC simulation -----------
Use sweeps like: ./ns3 run "scratch/edc --trafficLoad=1 --nodes=126"

----------- AUV-Based EDC UW-LSN summary -----------
Paper setup: MAC=Underwater MAC, UDP-like packets, omni acoustic, BW=25000 Hz, rate=31200 bps, simTime=23450 s, trafficStop=4000 s, protocol=pure-acoustic, auvCollectionMedium=none, energyModel=hardware, matchHybridQueues=0, ddnBufferPolicy=fifo, nodeIdlePowerW=0.0005
Acoustic MAC: aloha (hop ACKs off; end-to-end retry)
Topology: BSN=144 DRN=36 DDN=8 SINK=15 sinkPlacement=hybrid AUV=0 length=12600 m pipelineDepth=1000 m ddnEomOffset=500 m
Ranges: BSN=100 DRN=250 DDN=400 DDN-AUV=400 SINK=500 m
AUV: speed=6.087 km/h contactDepth=500 m sinusAmplitude=0 m completePatrolInSimTime=0
UWOC: waterType=clear-ocean c=0.151 1/m opticalRange=30 m dataRate=2.5e+06 bps pointingSigma=0.75 m pointingCoherence=60 s m divergence=30 deg disableOpticalLoss=0
Traffic: load=0.05 pkt/s payloadBytes(H/M/L)=64/256/25000 ddnContactPacketsPerTick=0 sinkContactPacketsPerTick=0
Generated=200 gatewayOriginated=117 reachedDDN=200 collectedByAUV=0 deliveredToSink=200 directCriticalToSink=20 directMediumToSink=63 directLowToSink=117 mediumFallbackRhoMax=0 lowFallbackRhoMax=0 opticalTransfers=0 opticalAttempted=0 opticalLost=0 opticalPending=0 opticalLossPct=0 opticalMeanPktSuccess=0 opticalMeanSnrDb=0 acousticTransfers=1597 acousticTxBytes=4404117 acousticTxAirtimeS=1129.26 acousticSourceAttempts=103 acousticRetransmissions=20 acousticRetryExhausted=0 acousticAcks=83 acousticPending=0 directSourceAttempts=253 directRetransmissions=51 directCyclesExhausted=2 directAcks=200 directPending=0 mobileSourceAttempts=0 mobileRetransmissions=0 mobileContactFailures=0 mobileAcks=0 mobilePending=0 auvSurfaceSourceAttempts=0 auvSurfaceRetransmissions=0 auvSurfaceContactFailures=0 auvSurfaceAcks=0 auvSurfacePending=0 energyConsumedJ=11954.7 ddnBuffered=0 auvBuffered=0
Priority: highGenerated=20 mediumGenerated=63 lowGenerated=117 highDelivered=20 mediumDelivered=63 lowDelivered=117
PDR_surface=100.0000 %
AvgDelay_E2E=20.4548 s  (BSN->surface-sink, includes AUV transit)
Throughput=1003.8066 bps
EnergyPerPkt=59773.2687 mJ/pkt
PDR_DDN=41.5000 %  (BSN->DDN acoustic, comparable to Ahmed 2022)
AvgDelay_acoustic=3.9665 s  (BSN->DDN hop only, ~1-9 s reference range)
Priority_PDR: HIGH=100.0000% MEDIUM=100.0000% LOW=100.0000%
Priority_delay: HIGH=20.2378s MEDIUM=10.9255s LOW=25.6230s
Priority_miss: HIGH=0.0000% MEDIUM=0.0000% LOW=0.0000%
Priority_energy: HIGH=13.9413 mJ/byte MEDIUM=11.4448 mJ/byte LOW=3.2963 mJ/byte
Node_role_energy: BSN=1715.5330 J DRN=453.7881 J DDN=8955.0270 J AUV=0.0000 J SINK=830.3056 J dominant=DDN
Node_role_energy_pct: BSN=14.3503% DRN=3.7959% DDN=74.9083% AUV=0.0000% SINK=6.9455%
RESULT nodes=180 protocol=pure-acoustic matchHybridQueues=0 ddnBufferPolicy=fifo nodeIdlePowerW=0.0005 trafficLoad=0.0500 trafficStop=4000.0000 sinkPlacement=hybrid generated=200 delivered=200 pdr=100.0000 avgDelayE2E=20.4548 avgDelayAcoustic=3.9665 pdrDDN=41.5000 throughputBps=1003.8066 energyJ=11954.6537 energyPerPktMj=59773.2687 pdrHigh=100.0000 pdrMedium=100.0000 pdrLow=100.0000 highAvgDelay=20.2378 mediumAvgDelay=10.9255 lowAvgDelay=25.6230 highMissRatio=0.0000 mediumMissRatio=0.0000 lowMissRatio=0.0000 burstGenerated=0 burstDelivered=0 burstMeanDelay=0.0000 burstDeadlineMiss=0 highDeadlineMiss=0 mediumDeadlineMiss=0 lowDeadlineMiss=0 directCritical=20 bufferDropped=0 bufferDroppedHigh=0 bufferDroppedMedium=0 bufferDroppedLow=0 directLow=117 acousticSourceAttempts=103 acousticRetransmissions=20 acousticRetryExhausted=0 acousticAcks=83 acousticPending=0 directSourceAttempts=253 directRetransmissions=51 directCyclesExhausted=2 directAcks=200 directPending=0 mobileSourceAttempts=0 mobileRetransmissions=0 mobileContactFailures=0 mobileAcks=0 mobilePending=0 auvSurfaceSourceAttempts=0 auvSurfaceRetransmissions=0 auvSurfaceContactFailures=0 auvSurfaceAcks=0 auvSurfacePending=0 optical=0 opticalAttempted=0 opticalLost=0 opticalPending=0 opticalLossPct=0.0000 opticalMeanPktSuccess=0.0000 opticalMeanSnrDb=0.0000 directMedium=63 highEnergyJ=17.8449 mediumEnergyJ=184.5815 lowEnergyJ=9641.7274 bsnEnergyJ=1715.5330 drnEnergyJ=453.7881 ddnEnergyJ=8955.0270 auvEnergyJ=0.0000 sinkEnergyJ=830.3056 bsnEnergyPct=14.3503 drnEnergyPct=3.7959 ddnEnergyPct=74.9083 auvEnergyPct=0.0000 sinkEnergyPct=6.9455 dominantNodeRole=DDN highEnergyMjByte=13.9413 mediumEnergyMjByte=11.4448 lowEnergyMjByte=3.2963 rhoMax=0.0000 lowRhoMax=0.0000 opticalExtCoeff=0.1510
