[0/2] Re-checking globbed directories...
ninja: no work to do.
----------- Initializing AUV-Based EDC simulation -----------
Use sweeps like: ./ns3 run "scratch/edc --trafficLoad=1 --nodes=126"

----------- AUV-Based EDC UW-LSN summary -----------
Paper setup: MAC=Underwater MAC, UDP-like packets, omni acoustic, BW=25000 Hz, rate=31200 bps, simTime=23450 s, trafficStop=4000 s, protocol=pure-acoustic, auvCollectionMedium=none, energyModel=hardware, matchHybridQueues=1, ddnBufferPolicy=priority, nodeIdlePowerW=0.0005
Acoustic MAC: aloha (hop ACKs off; end-to-end retry)
Topology: BSN=144 DRN=36 DDN=8 SINK=15 sinkPlacement=hybrid AUV=0 length=12600 m pipelineDepth=1000 m ddnEomOffset=500 m
Ranges: BSN=100 DRN=250 DDN=400 DDN-AUV=400 SINK=500 m
AUV: speed=6.087 km/h contactDepth=500 m sinusAmplitude=0 m completePatrolInSimTime=0
UWOC: waterType=clear-ocean c=0.151 1/m opticalRange=30 m dataRate=2.5e+06 bps pointingSigma=0.75 m pointingCoherence=60 s m divergence=30 deg disableOpticalLoss=0
Traffic: load=0.05 pkt/s payloadBytes(H/M/L)=64/256/25000 ddnContactPacketsPerTick=0 sinkContactPacketsPerTick=0
Generated=202 gatewayOriginated=118 reachedDDN=202 collectedByAUV=0 deliveredToSink=202 directCriticalToSink=15 directMediumToSink=69 directLowToSink=118 mediumFallbackRhoMax=0 lowFallbackRhoMax=0 opticalTransfers=0 opticalAttempted=0 opticalLost=0 opticalPending=0 opticalLossPct=0 opticalMeanPktSuccess=0 opticalMeanSnrDb=0 acousticTransfers=1751 acousticTxBytes=4893687 acousticTxAirtimeS=1254.79 acousticSourceAttempts=112 acousticRetransmissions=28 acousticRetryExhausted=0 acousticAcks=84 acousticPending=0 directSourceAttempts=273 directRetransmissions=70 directCyclesExhausted=1 directAcks=202 directPending=0 mobileSourceAttempts=0 mobileRetransmissions=0 mobileContactFailures=0 mobileAcks=0 mobilePending=0 auvSurfaceSourceAttempts=0 auvSurfaceRetransmissions=0 auvSurfaceContactFailures=0 auvSurfaceAcks=0 auvSurfacePending=0 energyConsumedJ=13050.5 ddnBuffered=0 auvBuffered=0
Priority: highGenerated=15 mediumGenerated=69 lowGenerated=118 highDelivered=15 mediumDelivered=69 lowDelivered=118
PDR_surface=100.0000 %
AvgDelay_E2E=23.1994 s  (BSN->surface-sink, includes AUV transit)
Throughput=1012.7502 bps
EnergyPerPkt=64606.4469 mJ/pkt
PDR_DDN=41.5842 %  (BSN->DDN acoustic, comparable to Ahmed 2022)
AvgDelay_acoustic=5.1419 s  (BSN->DDN hop only, ~1-9 s reference range)
Priority_PDR: HIGH=100.0000% MEDIUM=100.0000% LOW=100.0000%
Priority_delay: HIGH=13.5433s MEDIUM=14.7408s LOW=29.3729s
Priority_miss: HIGH=0.0000% MEDIUM=0.0000% LOW=0.0000%
Priority_energy: HIGH=14.6128 mJ/byte MEDIUM=11.7557 mJ/byte LOW=3.6333 mJ/byte
Node_role_energy: BSN=1717.2002 J DRN=468.4712 J DDN=9943.1894 J AUV=0.0000 J SINK=921.6414 J dominant=DDN
Node_role_energy_pct: BSN=13.1581% DRN=3.5897% DDN=76.1901% AUV=0.0000% SINK=7.0621%
RESULT nodes=180 protocol=pure-acoustic matchHybridQueues=1 ddnBufferPolicy=priority nodeIdlePowerW=0.0005 trafficLoad=0.0500 trafficStop=4000.0000 sinkPlacement=hybrid generated=202 delivered=202 pdr=100.0000 avgDelayE2E=23.1994 avgDelayAcoustic=5.1419 pdrDDN=41.5842 throughputBps=1012.7502 energyJ=13050.5023 energyPerPktMj=64606.4469 pdrHigh=100.0000 pdrMedium=100.0000 pdrLow=100.0000 highAvgDelay=13.5433 mediumAvgDelay=14.7408 lowAvgDelay=29.3729 highMissRatio=0.0000 mediumMissRatio=0.0000 lowMissRatio=0.0000 burstGenerated=0 burstDelivered=0 burstMeanDelay=0.0000 burstDeadlineMiss=0 highDeadlineMiss=0 mediumDeadlineMiss=0 lowDeadlineMiss=0 directCritical=15 bufferDropped=0 bufferDroppedHigh=0 bufferDroppedMedium=0 bufferDroppedLow=0 directLow=118 acousticSourceAttempts=112 acousticRetransmissions=28 acousticRetryExhausted=0 acousticAcks=84 acousticPending=0 directSourceAttempts=273 directRetransmissions=70 directCyclesExhausted=1 directAcks=202 directPending=0 mobileSourceAttempts=0 mobileRetransmissions=0 mobileContactFailures=0 mobileAcks=0 mobilePending=0 auvSurfaceSourceAttempts=0 auvSurfaceRetransmissions=0 auvSurfaceContactFailures=0 auvSurfaceAcks=0 auvSurfacePending=0 optical=0 opticalAttempted=0 opticalLost=0 opticalPending=0 opticalLossPct=0.0000 opticalMeanPktSuccess=0.0000 opticalMeanSnrDb=0.0000 directMedium=69 highEnergyJ=14.0283 mediumEnergyJ=207.6535 lowEnergyJ=10718.3204 bsnEnergyJ=1717.2002 drnEnergyJ=468.4712 ddnEnergyJ=9943.1894 auvEnergyJ=0.0000 sinkEnergyJ=921.6414 bsnEnergyPct=13.1581 drnEnergyPct=3.5897 ddnEnergyPct=76.1901 auvEnergyPct=0.0000 sinkEnergyPct=7.0621 dominantNodeRole=DDN highEnergyMjByte=14.6128 mediumEnergyMjByte=11.7557 lowEnergyMjByte=3.6333 rhoMax=0.0000 lowRhoMax=0.0000 opticalExtCoeff=0.1510
