[0/2] Re-checking globbed directories...
ninja: no work to do.
----------- Initializing AUV-Based EDC simulation -----------
Use sweeps like: ./ns3 run "scratch/edc --trafficLoad=1 --nodes=126"

----------- AUV-Based EDC UW-LSN summary -----------
Paper setup: MAC=Underwater MAC, UDP-like packets, omni acoustic, BW=25000 Hz, rate=31200 bps, simTime=23450 s, trafficStop=4000 s, protocol=pure-acoustic, auvCollectionMedium=none, energyModel=hardware, matchHybridQueues=0, ddnBufferPolicy=fifo, nodeIdlePowerW=0.0005
Acoustic MAC: aloha (hop ACKs off; end-to-end retry)
Topology: BSN=144 DRN=36 DDN=8 SINK=15 sinkPlacement=hybrid AUV=0 length=12600 m pipelineDepth=1000 m ddnEomOffset=500 m
Ranges: BSN=100 DRN=250 DDN=400 DDN-AUV=400 SINK=500 m
AUV: speed=6.087 km/h contactDepth=500 m sinusAmplitude=0 m completePatrolInSimTime=0
UWOC: waterType=clear-ocean c=0.151 1/m opticalRange=30 m dataRate=2.5e+06 bps pointingSigma=0.75 m pointingCoherence=60 s m divergence=30 deg disableOpticalLoss=0
Traffic: load=0.05 pkt/s payloadBytes(H/M/L)=64/256/25000 ddnContactPacketsPerTick=0 sinkContactPacketsPerTick=0
Generated=225 gatewayOriginated=145 reachedDDN=225 collectedByAUV=0 deliveredToSink=225 directCriticalToSink=24 directMediumToSink=56 directLowToSink=145 mediumFallbackRhoMax=0 lowFallbackRhoMax=0 opticalTransfers=0 opticalAttempted=0 opticalLost=0 opticalPending=0 opticalLossPct=0 opticalMeanPktSuccess=0 opticalMeanSnrDb=0 acousticTransfers=1989 acousticTxBytes=5716605 acousticTxAirtimeS=1465.8 acousticSourceAttempts=114 acousticRetransmissions=34 acousticRetryExhausted=0 acousticAcks=80 acousticPending=0 directSourceAttempts=303 directRetransmissions=76 directCyclesExhausted=2 directAcks=225 directPending=0 mobileSourceAttempts=0 mobileRetransmissions=0 mobileContactFailures=0 mobileAcks=0 mobilePending=0 auvSurfaceSourceAttempts=0 auvSurfaceRetransmissions=0 auvSurfaceContactFailures=0 auvSurfaceAcks=0 auvSurfacePending=0 energyConsumedJ=14891.6 ddnBuffered=0 auvBuffered=0
Priority: highGenerated=24 mediumGenerated=56 lowGenerated=145 highDelivered=24 mediumDelivered=56 lowDelivered=145
PDR_surface=100.0000 %
AvgDelay_E2E=31.1075 s  (BSN->surface-sink, includes AUV transit)
Throughput=1242.0885 bps
EnergyPerPkt=66184.9078 mJ/pkt
PDR_DDN=35.5556 %  (BSN->DDN acoustic, comparable to Ahmed 2022)
AvgDelay_acoustic=6.3444 s  (BSN->DDN hop only, ~1-9 s reference range)
Priority_PDR: HIGH=100.0000% MEDIUM=100.0000% LOW=100.0000%
Priority_delay: HIGH=20.1179s MEDIUM=25.0175s LOW=35.2786s
Priority_miss: HIGH=0.0000% MEDIUM=0.0000% LOW=0.0000%
Priority_energy: HIGH=18.6216 mJ/byte MEDIUM=11.9046 mJ/byte LOW=3.4709 mJ/byte
Node_role_energy: BSN=1707.4070 J DRN=462.0854 J DDN=11649.5070 J AUV=0.0000 J SINK=1072.6049 J dominant=DDN
Node_role_energy_pct: BSN=11.4656% DRN=3.1030% DDN=78.2287% AUV=0.0000% SINK=7.2027%
RESULT nodes=180 protocol=pure-acoustic matchHybridQueues=0 ddnBufferPolicy=fifo nodeIdlePowerW=0.0005 trafficLoad=0.0500 trafficStop=4000.0000 sinkPlacement=hybrid generated=225 delivered=225 pdr=100.0000 avgDelayE2E=31.1075 avgDelayAcoustic=6.3444 pdrDDN=35.5556 throughputBps=1242.0885 energyJ=14891.6043 energyPerPktMj=66184.9078 pdrHigh=100.0000 pdrMedium=100.0000 pdrLow=100.0000 highAvgDelay=20.1179 mediumAvgDelay=25.0175 lowAvgDelay=35.2786 highMissRatio=0.0000 mediumMissRatio=0.0000 lowMissRatio=0.0000 burstGenerated=0 burstDelivered=0 burstMeanDelay=0.0000 burstDeadlineMiss=0 highDeadlineMiss=0 mediumDeadlineMiss=0 lowDeadlineMiss=0 directCritical=24 bufferDropped=0 bufferDroppedHigh=0 bufferDroppedMedium=0 bufferDroppedLow=0 directLow=145 acousticSourceAttempts=114 acousticRetransmissions=34 acousticRetryExhausted=0 acousticAcks=80 acousticPending=0 directSourceAttempts=303 directRetransmissions=76 directCyclesExhausted=2 directAcks=225 directPending=0 mobileSourceAttempts=0 mobileRetransmissions=0 mobileContactFailures=0 mobileAcks=0 mobilePending=0 auvSurfaceSourceAttempts=0 auvSurfaceRetransmissions=0 auvSurfaceContactFailures=0 auvSurfaceAcks=0 auvSurfacePending=0 optical=0 opticalAttempted=0 opticalLost=0 opticalPending=0 opticalLossPct=0.0000 opticalMeanPktSuccess=0.0000 opticalMeanSnrDb=0.0000 directMedium=56 highEnergyJ=28.6028 mediumEnergyJ=170.6641 lowEnergyJ=12581.8373 bsnEnergyJ=1707.4070 drnEnergyJ=462.0854 ddnEnergyJ=11649.5070 auvEnergyJ=0.0000 sinkEnergyJ=1072.6049 bsnEnergyPct=11.4656 drnEnergyPct=3.1030 ddnEnergyPct=78.2287 auvEnergyPct=0.0000 sinkEnergyPct=7.2027 dominantNodeRole=DDN highEnergyMjByte=18.6216 mediumEnergyMjByte=11.9046 lowEnergyMjByte=3.4709 rhoMax=0.0000 lowRhoMax=0.0000 opticalExtCoeff=0.1510
