[0/2] Re-checking globbed directories...
ninja: no work to do.
----------- Initializing AUV-Based EDC simulation -----------
Use sweeps like: ./ns3 run "scratch/edc --trafficLoad=1 --nodes=126"

----------- AUV-Based EDC UW-LSN summary -----------
Paper setup: MAC=Underwater MAC, UDP-like packets, omni acoustic, BW=25000 Hz, rate=31200 bps, simTime=23450 s, trafficStop=4000 s, protocol=pure-acoustic, auvCollectionMedium=none, energyModel=hardware, matchHybridQueues=0, ddnBufferPolicy=fifo, nodeIdlePowerW=0.0005
Acoustic MAC: aloha (hop ACKs off; end-to-end retry)
Topology: BSN=144 DRN=36 DDN=8 SINK=15 sinkPlacement=hybrid AUV=0 length=12600 m pipelineDepth=1000 m ddnEomOffset=500 m
Ranges: BSN=100 DRN=250 DDN=400 DDN-AUV=400 SINK=500 m
AUV: speed=6.087 km/h contactDepth=500 m sinusAmplitude=0 m completePatrolInSimTime=0
UWOC: waterType=clear-ocean c=0.151 1/m opticalRange=30 m dataRate=2.5e+06 bps pointingSigma=0.75 m pointingCoherence=60 s m divergence=30 deg disableOpticalLoss=0
Traffic: load=0.05 pkt/s payloadBytes(H/M/L)=64/256/25000 ddnContactPacketsPerTick=0 sinkContactPacketsPerTick=0
Generated=198 gatewayOriginated=127 reachedDDN=198 collectedByAUV=0 deliveredToSink=196 directCriticalToSink=15 directMediumToSink=54 directLowToSink=127 mediumFallbackRhoMax=0 lowFallbackRhoMax=0 opticalTransfers=0 opticalAttempted=0 opticalLost=0 opticalPending=0 opticalLossPct=0 opticalMeanPktSuccess=0 opticalMeanSnrDb=0 acousticTransfers=1796 acousticTxBytes=5227164 acousticTxAirtimeS=1340.3 acousticSourceAttempts=93 acousticRetransmissions=22 acousticRetryExhausted=0 acousticAcks=71 acousticPending=0 directSourceAttempts=273 directRetransmissions=73 directCyclesExhausted=4 directAcks=196 directPending=0 mobileSourceAttempts=0 mobileRetransmissions=0 mobileContactFailures=0 mobileAcks=0 mobilePending=0 auvSurfaceSourceAttempts=0 auvSurfaceRetransmissions=0 auvSurfaceContactFailures=0 auvSurfaceAcks=0 auvSurfacePending=0 energyConsumedJ=13788 ddnBuffered=0 auvBuffered=0
Priority: highGenerated=17 mediumGenerated=54 lowGenerated=127 highDelivered=15 mediumDelivered=54 lowDelivered=127
PDR_surface=98.9899 %
AvgDelay_E2E=34.9564 s  (BSN->surface-sink, includes AUV transit)
Throughput=1088.1992 bps
EnergyPerPkt=70347.0043 mJ/pkt
PDR_DDN=35.8586 %  (BSN->DDN acoustic, comparable to Ahmed 2022)
AvgDelay_acoustic=4.8842 s  (BSN->DDN hop only, ~1-9 s reference range)
Priority_PDR: HIGH=88.2353% MEDIUM=100.0000% LOW=100.0000%
Priority_delay: HIGH=34.4648s MEDIUM=22.8041s LOW=40.1816s
Priority_miss: HIGH=11.7647% MEDIUM=0.0000% LOW=0.0000%
Priority_energy: HIGH=20.2495 mJ/byte MEDIUM=11.6660 mJ/byte LOW=3.6210 mJ/byte
Node_role_energy: BSN=1703.2363 J DRN=451.9161 J DDN=10660.3636 J AUV=0.0000 J SINK=972.4968 J dominant=DDN
Node_role_energy_pct: BSN=12.3530% DRN=3.2776% DDN=77.3162% AUV=0.0000% SINK=7.0532%
RESULT nodes=180 protocol=pure-acoustic matchHybridQueues=0 ddnBufferPolicy=fifo nodeIdlePowerW=0.0005 trafficLoad=0.0500 trafficStop=4000.0000 sinkPlacement=hybrid generated=198 delivered=196 pdr=98.9899 avgDelayE2E=34.9564 avgDelayAcoustic=4.8842 pdrDDN=35.8586 throughputBps=1088.1992 energyJ=13788.0128 energyPerPktMj=70347.0043 pdrHigh=88.2353 pdrMedium=100.0000 pdrLow=100.0000 highAvgDelay=34.4648 mediumAvgDelay=22.8041 lowAvgDelay=40.1816 highMissRatio=11.7647 mediumMissRatio=0.0000 lowMissRatio=0.0000 burstGenerated=0 burstDelivered=0 burstMeanDelay=0.0000 burstDeadlineMiss=0 highDeadlineMiss=0 mediumDeadlineMiss=0 lowDeadlineMiss=0 directCritical=15 bufferDropped=0 bufferDroppedHigh=0 bufferDroppedMedium=0 bufferDroppedLow=0 directLow=127 acousticSourceAttempts=93 acousticRetransmissions=22 acousticRetryExhausted=0 acousticAcks=71 acousticPending=0 directSourceAttempts=273 directRetransmissions=73 directCyclesExhausted=4 directAcks=196 directPending=0 mobileSourceAttempts=0 mobileRetransmissions=0 mobileContactFailures=0 mobileAcks=0 mobilePending=0 auvSurfaceSourceAttempts=0 auvSurfaceRetransmissions=0 auvSurfaceContactFailures=0 auvSurfaceAcks=0 auvSurfacePending=0 optical=0 opticalAttempted=0 opticalLost=0 opticalPending=0 opticalLossPct=0.0000 opticalMeanPktSuccess=0.0000 opticalMeanSnrDb=0.0000 directMedium=54 highEnergyJ=19.4395 mediumEnergyJ=161.2711 lowEnergyJ=11496.8023 bsnEnergyJ=1703.2363 drnEnergyJ=451.9161 ddnEnergyJ=10660.3636 auvEnergyJ=0.0000 sinkEnergyJ=972.4968 bsnEnergyPct=12.3530 drnEnergyPct=3.2776 ddnEnergyPct=77.3162 auvEnergyPct=0.0000 sinkEnergyPct=7.0532 dominantNodeRole=DDN highEnergyMjByte=20.2495 mediumEnergyMjByte=11.6660 lowEnergyMjByte=3.6210 rhoMax=0.0000 lowRhoMax=0.0000 opticalExtCoeff=0.1510
