[0/2] Re-checking globbed directories...
ninja: no work to do.
----------- Initializing AUV-Based EDC simulation -----------
Use sweeps like: ./ns3 run "scratch/edc --trafficLoad=1 --nodes=126"

----------- AUV-Based EDC UW-LSN summary -----------
Paper setup: MAC=Underwater MAC, UDP-like packets, omni acoustic, BW=25000 Hz, rate=31200 bps, simTime=23450 s, trafficStop=4000 s, protocol=pure-acoustic, auvCollectionMedium=none, energyModel=hardware, matchHybridQueues=0, ddnBufferPolicy=fifo, nodeIdlePowerW=0.0005
Acoustic MAC: aloha (hop ACKs off; end-to-end retry)
Topology: BSN=144 DRN=36 DDN=8 SINK=15 sinkPlacement=hybrid AUV=0 length=12600 m pipelineDepth=1000 m ddnEomOffset=500 m
Ranges: BSN=100 DRN=250 DDN=400 DDN-AUV=400 SINK=500 m
AUV: speed=6.087 km/h contactDepth=500 m sinusAmplitude=0 m completePatrolInSimTime=0
UWOC: waterType=clear-ocean c=0.151 1/m opticalRange=30 m dataRate=2.5e+06 bps pointingSigma=0.75 m pointingCoherence=60 s m divergence=30 deg disableOpticalLoss=0
Traffic: load=0.05 pkt/s payloadBytes(H/M/L)=64/256/25000 ddnContactPacketsPerTick=0 sinkContactPacketsPerTick=0
Generated=191 gatewayOriginated=112 reachedDDN=191 collectedByAUV=0 deliveredToSink=191 directCriticalToSink=27 directMediumToSink=52 directLowToSink=112 mediumFallbackRhoMax=0 lowFallbackRhoMax=0 opticalTransfers=0 opticalAttempted=0 opticalLost=0 opticalPending=0 opticalLossPct=0 opticalMeanPktSuccess=0 opticalMeanSnrDb=0 acousticTransfers=1741 acousticTxBytes=4759701 acousticTxAirtimeS=1220.44 acousticSourceAttempts=116 acousticRetransmissions=37 acousticRetryExhausted=0 acousticAcks=79 acousticPending=0 directSourceAttempts=264 directRetransmissions=68 directCyclesExhausted=5 directAcks=191 directPending=0 mobileSourceAttempts=0 mobileRetransmissions=0 mobileContactFailures=0 mobileAcks=0 mobilePending=0 auvSurfaceSourceAttempts=0 auvSurfaceRetransmissions=0 auvSurfaceContactFailures=0 auvSurfaceAcks=0 auvSurfacePending=0 energyConsumedJ=12721.3 ddnBuffered=0 auvBuffered=0
Priority: highGenerated=27 mediumGenerated=52 lowGenerated=112 highDelivered=27 mediumDelivered=52 lowDelivered=112
PDR_surface=100.0000 %
AvgDelay_E2E=33.6810 s  (BSN->surface-sink, includes AUV transit)
Throughput=960.3548 bps
EnergyPerPkt=66603.7417 mJ/pkt
PDR_DDN=41.3613 %  (BSN->DDN acoustic, comparable to Ahmed 2022)
AvgDelay_acoustic=6.9095 s  (BSN->DDN hop only, ~1-9 s reference range)
Priority_PDR: HIGH=100.0000% MEDIUM=100.0000% LOW=100.0000%
Priority_delay: HIGH=23.9708s MEDIUM=29.2438s LOW=38.0820s
Priority_miss: HIGH=0.0000% MEDIUM=0.0000% LOW=0.0000%
Priority_energy: HIGH=17.4482 mJ/byte MEDIUM=12.9695 mJ/byte LOW=3.7171 mJ/byte
Node_role_energy: BSN=1720.2817 J DRN=454.9678 J DDN=9676.2979 J AUV=0.0000 J SINK=869.7672 J dominant=DDN
Node_role_energy_pct: BSN=13.5228% DRN=3.5764% DDN=76.0637% AUV=0.0000% SINK=6.8371%
RESULT nodes=180 protocol=pure-acoustic matchHybridQueues=0 ddnBufferPolicy=fifo nodeIdlePowerW=0.0005 trafficLoad=0.0500 trafficStop=4000.0000 sinkPlacement=hybrid generated=191 delivered=191 pdr=100.0000 avgDelayE2E=33.6810 avgDelayAcoustic=6.9095 pdrDDN=41.3613 throughputBps=960.3548 energyJ=12721.3147 energyPerPktMj=66603.7417 pdrHigh=100.0000 pdrMedium=100.0000 pdrLow=100.0000 highAvgDelay=23.9708 mediumAvgDelay=29.2438 lowAvgDelay=38.0820 highMissRatio=0.0000 mediumMissRatio=0.0000 lowMissRatio=0.0000 burstGenerated=0 burstDelivered=0 burstMeanDelay=0.0000 burstDeadlineMiss=0 highDeadlineMiss=0 mediumDeadlineMiss=0 lowDeadlineMiss=0 directCritical=27 bufferDropped=0 bufferDroppedHigh=0 bufferDroppedMedium=0 bufferDroppedLow=0 directLow=112 acousticSourceAttempts=116 acousticRetransmissions=37 acousticRetryExhausted=0 acousticAcks=79 acousticPending=0 directSourceAttempts=264 directRetransmissions=68 directCyclesExhausted=5 directAcks=191 directPending=0 mobileSourceAttempts=0 mobileRetransmissions=0 mobileContactFailures=0 mobileAcks=0 mobilePending=0 auvSurfaceSourceAttempts=0 auvSurfaceRetransmissions=0 auvSurfaceContactFailures=0 auvSurfaceAcks=0 auvSurfacePending=0 optical=0 opticalAttempted=0 opticalLost=0 opticalPending=0 opticalLossPct=0.0000 opticalMeanPktSuccess=0.0000 opticalMeanSnrDb=0.0000 directMedium=52 highEnergyJ=30.1506 mediumEnergyJ=172.6502 lowEnergyJ=10408.0139 bsnEnergyJ=1720.2817 drnEnergyJ=454.9678 ddnEnergyJ=9676.2979 auvEnergyJ=0.0000 sinkEnergyJ=869.7672 bsnEnergyPct=13.5228 drnEnergyPct=3.5764 ddnEnergyPct=76.0637 auvEnergyPct=0.0000 sinkEnergyPct=6.8371 dominantNodeRole=DDN highEnergyMjByte=17.4482 mediumEnergyMjByte=12.9695 lowEnergyMjByte=3.7171 rhoMax=0.0000 lowRhoMax=0.0000 opticalExtCoeff=0.1510
