[0/2] Re-checking globbed directories...
ninja: no work to do.
----------- Initializing AUV-Based EDC simulation -----------
Use sweeps like: ./ns3 run "scratch/edc --trafficLoad=1 --nodes=126"

----------- AUV-Based EDC UW-LSN summary -----------
Paper setup: MAC=Underwater MAC, UDP-like packets, omni acoustic, BW=25000 Hz, rate=31200 bps, simTime=23450 s, trafficStop=4000 s, protocol=pure-acoustic, auvCollectionMedium=none, energyModel=hardware, matchHybridQueues=0, ddnBufferPolicy=fifo, nodeIdlePowerW=0.0005
Acoustic MAC: aloha (hop ACKs off; end-to-end retry)
Topology: BSN=144 DRN=36 DDN=8 SINK=15 sinkPlacement=hybrid AUV=0 length=12600 m pipelineDepth=1000 m ddnEomOffset=500 m
Ranges: BSN=100 DRN=250 DDN=400 DDN-AUV=400 SINK=500 m
AUV: speed=6.087 km/h contactDepth=500 m sinusAmplitude=0 m completePatrolInSimTime=0
UWOC: waterType=clear-ocean c=0.151 1/m opticalRange=30 m dataRate=2.5e+06 bps pointingSigma=0.75 m pointingCoherence=60 s m divergence=30 deg disableOpticalLoss=0
Traffic: load=0.05 pkt/s payloadBytes(H/M/L)=64/256/25000 ddnContactPacketsPerTick=0 sinkContactPacketsPerTick=0
Generated=214 gatewayOriginated=137 reachedDDN=214 collectedByAUV=0 deliveredToSink=213 directCriticalToSink=20 directMediumToSink=56 directLowToSink=137 mediumFallbackRhoMax=0 lowFallbackRhoMax=0 opticalTransfers=0 opticalAttempted=0 opticalLost=0 opticalPending=0 opticalLossPct=0 opticalMeanPktSuccess=0 opticalMeanSnrDb=0 acousticTransfers=1783 acousticTxBytes=5151951 acousticTxAirtimeS=1321.01 acousticSourceAttempts=98 acousticRetransmissions=21 acousticRetryExhausted=0 acousticAcks=77 acousticPending=0 directSourceAttempts=276 directRetransmissions=63 directCyclesExhausted=0 directAcks=213 directPending=0 mobileSourceAttempts=0 mobileRetransmissions=0 mobileContactFailures=0 mobileAcks=0 mobilePending=0 auvSurfaceSourceAttempts=0 auvSurfaceRetransmissions=0 auvSurfaceContactFailures=0 auvSurfaceAcks=0 auvSurfacePending=0 energyConsumedJ=13648.5 ddnBuffered=0 auvBuffered=0
Priority: highGenerated=21 mediumGenerated=56 lowGenerated=137 highDelivered=20 mediumDelivered=56 lowDelivered=137
PDR_surface=99.5327 %
AvgDelay_E2E=27.0056 s  (BSN->surface-sink, includes AUV transit)
Throughput=1173.7709 bps
EnergyPerPkt=64077.4036 mJ/pkt
PDR_DDN=35.9813 %  (BSN->DDN acoustic, comparable to Ahmed 2022)
AvgDelay_acoustic=4.3856 s  (BSN->DDN hop only, ~1-9 s reference range)
Priority_PDR: HIGH=95.2381% MEDIUM=100.0000% LOW=100.0000%
Priority_delay: HIGH=17.3570s MEDIUM=12.3458s LOW=34.4065s
Priority_miss: HIGH=4.7619% MEDIUM=0.0000% LOW=0.0000%
Priority_energy: HIGH=16.4189 mJ/byte MEDIUM=11.3284 mJ/byte LOW=3.3152 mJ/byte
Node_role_energy: BSN=1701.8253 J DRN=453.5795 J DDN=10506.7825 J AUV=0.0000 J SINK=986.2997 J dominant=DDN
Node_role_energy_pct: BSN=12.4690% DRN=3.3233% DDN=76.9813% AUV=0.0000% SINK=7.2264%
RESULT nodes=180 protocol=pure-acoustic matchHybridQueues=0 ddnBufferPolicy=fifo nodeIdlePowerW=0.0005 trafficLoad=0.0500 trafficStop=4000.0000 sinkPlacement=hybrid generated=214 delivered=213 pdr=99.5327 avgDelayE2E=27.0056 avgDelayAcoustic=4.3856 pdrDDN=35.9813 throughputBps=1173.7709 energyJ=13648.4870 energyPerPktMj=64077.4036 pdrHigh=95.2381 pdrMedium=100.0000 pdrLow=100.0000 highAvgDelay=17.3570 mediumAvgDelay=12.3458 lowAvgDelay=34.4065 highMissRatio=4.7619 mediumMissRatio=0.0000 lowMissRatio=0.0000 burstGenerated=0 burstDelivered=0 burstMeanDelay=0.0000 burstDeadlineMiss=0 highDeadlineMiss=0 mediumDeadlineMiss=0 lowDeadlineMiss=0 directCritical=20 bufferDropped=0 bufferDroppedHigh=0 bufferDroppedMedium=0 bufferDroppedLow=0 directLow=137 acousticSourceAttempts=98 acousticRetransmissions=21 acousticRetryExhausted=0 acousticAcks=77 acousticPending=0 directSourceAttempts=276 directRetransmissions=63 directCyclesExhausted=0 directAcks=213 directPending=0 mobileSourceAttempts=0 mobileRetransmissions=0 mobileContactFailures=0 mobileAcks=0 mobilePending=0 auvSurfaceSourceAttempts=0 auvSurfaceRetransmissions=0 auvSurfaceContactFailures=0 auvSurfaceAcks=0 auvSurfacePending=0 optical=0 opticalAttempted=0 opticalLost=0 opticalPending=0 opticalLossPct=0.0000 opticalMeanPktSuccess=0.0000 opticalMeanSnrDb=0.0000 directMedium=56 highEnergyJ=21.0162 mediumEnergyJ=162.4044 lowEnergyJ=11354.5664 bsnEnergyJ=1701.8253 drnEnergyJ=453.5795 ddnEnergyJ=10506.7825 auvEnergyJ=0.0000 sinkEnergyJ=986.2997 bsnEnergyPct=12.4690 drnEnergyPct=3.3233 ddnEnergyPct=76.9813 auvEnergyPct=0.0000 sinkEnergyPct=7.2264 dominantNodeRole=DDN highEnergyMjByte=16.4189 mediumEnergyMjByte=11.3284 lowEnergyMjByte=3.3152 rhoMax=0.0000 lowRhoMax=0.0000 opticalExtCoeff=0.1510
