[0/2] Re-checking globbed directories...
ninja: no work to do.
----------- Initializing AUV-Based EDC simulation -----------
Use sweeps like: ./ns3 run "scratch/edc --trafficLoad=1 --nodes=126"

----------- AUV-Based EDC UW-LSN summary -----------
Paper setup: MAC=Underwater MAC, UDP-like packets, omni acoustic, BW=25000 Hz, rate=31200 bps, simTime=23450 s, trafficStop=4000 s, protocol=pure-acoustic, auvCollectionMedium=none, energyModel=hardware, matchHybridQueues=1, ddnBufferPolicy=priority, nodeIdlePowerW=0.0005
Acoustic MAC: aloha (hop ACKs off; end-to-end retry)
Topology: BSN=144 DRN=36 DDN=8 SINK=15 sinkPlacement=hybrid AUV=0 length=12600 m pipelineDepth=1000 m ddnEomOffset=500 m
Ranges: BSN=100 DRN=250 DDN=400 DDN-AUV=400 SINK=500 m
AUV: speed=6.087 km/h contactDepth=500 m sinusAmplitude=0 m completePatrolInSimTime=0
UWOC: waterType=clear-ocean c=0.151 1/m opticalRange=30 m dataRate=2.5e+06 bps pointingSigma=0.75 m pointingCoherence=60 s m divergence=30 deg disableOpticalLoss=0
Traffic: load=0.05 pkt/s payloadBytes(H/M/L)=64/256/25000 ddnContactPacketsPerTick=0 sinkContactPacketsPerTick=0
Generated=190 gatewayOriginated=126 reachedDDN=190 collectedByAUV=0 deliveredToSink=190 directCriticalToSink=19 directMediumToSink=45 directLowToSink=126 mediumFallbackRhoMax=0 lowFallbackRhoMax=0 opticalTransfers=0 opticalAttempted=0 opticalLost=0 opticalPending=0 opticalLossPct=0 opticalMeanPktSuccess=0 opticalMeanSnrDb=0 acousticTransfers=1727 acousticTxBytes=5137239 acousticTxAirtimeS=1317.24 acousticSourceAttempts=84 acousticRetransmissions=20 acousticRetryExhausted=0 acousticAcks=64 acousticPending=0 directSourceAttempts=264 directRetransmissions=70 directCyclesExhausted=4 directAcks=190 directPending=0 mobileSourceAttempts=0 mobileRetransmissions=0 mobileContactFailures=0 mobileAcks=0 mobilePending=0 auvSurfaceSourceAttempts=0 auvSurfaceRetransmissions=0 auvSurfaceContactFailures=0 auvSurfaceAcks=0 auvSurfacePending=0 energyConsumedJ=13583.3 ddnBuffered=0 auvBuffered=0
Priority: highGenerated=19 mediumGenerated=45 lowGenerated=126 highDelivered=19 mediumDelivered=45 lowDelivered=126
PDR_surface=100.0000 %
AvgDelay_E2E=31.0415 s  (BSN->surface-sink, includes AUV transit)
Throughput=1078.9718 bps
EnergyPerPkt=71490.9428 mJ/pkt
PDR_DDN=33.6842 %  (BSN->DDN acoustic, comparable to Ahmed 2022)
AvgDelay_acoustic=4.8501 s  (BSN->DDN hop only, ~1-9 s reference range)
Priority_PDR: HIGH=100.0000% MEDIUM=100.0000% LOW=100.0000%
Priority_delay: HIGH=8.2692s MEDIUM=15.3869s LOW=40.0664s
Priority_miss: HIGH=0.0000% MEDIUM=0.0000% LOW=0.0000%
Priority_energy: HIGH=15.6955 mJ/byte MEDIUM=11.5536 mJ/byte LOW=3.5938 mJ/byte
Node_role_energy: BSN=1694.0154 J DRN=438.9894 J DDN=10498.9942 J AUV=0.0000 J SINK=951.2802 J dominant=DDN
Node_role_energy_pct: BSN=12.4713% DRN=3.2318% DDN=77.2935% AUV=0.0000% SINK=7.0033%
RESULT nodes=180 protocol=pure-acoustic matchHybridQueues=1 ddnBufferPolicy=priority nodeIdlePowerW=0.0005 trafficLoad=0.0500 trafficStop=4000.0000 sinkPlacement=hybrid generated=190 delivered=190 pdr=100.0000 avgDelayE2E=31.0415 avgDelayAcoustic=4.8501 pdrDDN=33.6842 throughputBps=1078.9718 energyJ=13583.2791 energyPerPktMj=71490.9428 pdrHigh=100.0000 pdrMedium=100.0000 pdrLow=100.0000 highAvgDelay=8.2692 mediumAvgDelay=15.3869 lowAvgDelay=40.0664 highMissRatio=0.0000 mediumMissRatio=0.0000 lowMissRatio=0.0000 burstGenerated=0 burstDelivered=0 burstMeanDelay=0.0000 burstDeadlineMiss=0 highDeadlineMiss=0 mediumDeadlineMiss=0 lowDeadlineMiss=0 directCritical=19 bufferDropped=0 bufferDroppedHigh=0 bufferDroppedMedium=0 bufferDroppedLow=0 directLow=126 acousticSourceAttempts=84 acousticRetransmissions=20 acousticRetryExhausted=0 acousticAcks=64 acousticPending=0 directSourceAttempts=264 directRetransmissions=70 directCyclesExhausted=4 directAcks=190 directPending=0 mobileSourceAttempts=0 mobileRetransmissions=0 mobileContactFailures=0 mobileAcks=0 mobilePending=0 auvSurfaceSourceAttempts=0 auvSurfaceRetransmissions=0 auvSurfaceContactFailures=0 auvSurfaceAcks=0 auvSurfacePending=0 optical=0 opticalAttempted=0 opticalLost=0 opticalPending=0 opticalLossPct=0.0000 opticalMeanPktSuccess=0.0000 opticalMeanSnrDb=0.0000 directMedium=45 highEnergyJ=19.0857 mediumEnergyJ=133.0971 lowEnergyJ=11320.5963 bsnEnergyJ=1694.0154 drnEnergyJ=438.9894 ddnEnergyJ=10498.9942 auvEnergyJ=0.0000 sinkEnergyJ=951.2802 bsnEnergyPct=12.4713 drnEnergyPct=3.2318 ddnEnergyPct=77.2935 auvEnergyPct=0.0000 sinkEnergyPct=7.0033 dominantNodeRole=DDN highEnergyMjByte=15.6955 mediumEnergyMjByte=11.5536 lowEnergyMjByte=3.5938 rhoMax=0.0000 lowRhoMax=0.0000 opticalExtCoeff=0.1510
