[0/2] Re-checking globbed directories...
ninja: no work to do.
----------- Initializing AUV-Based EDC simulation -----------
Use sweeps like: ./ns3 run "scratch/edc --trafficLoad=1 --nodes=126"

----------- AUV-Based EDC UW-LSN summary -----------
Paper setup: MAC=Underwater MAC, UDP-like packets, omni acoustic, BW=25000 Hz, rate=31200 bps, simTime=23450 s, trafficStop=4000 s, protocol=pure-acoustic, auvCollectionMedium=none, energyModel=hardware, matchHybridQueues=0, ddnBufferPolicy=fifo, nodeIdlePowerW=0.0005
Acoustic MAC: aloha (hop ACKs off; end-to-end retry)
Topology: BSN=144 DRN=36 DDN=8 SINK=15 sinkPlacement=hybrid AUV=0 length=12600 m pipelineDepth=1000 m ddnEomOffset=500 m
Ranges: BSN=100 DRN=250 DDN=400 DDN-AUV=400 SINK=500 m
AUV: speed=6.087 km/h contactDepth=500 m sinusAmplitude=0 m completePatrolInSimTime=0
UWOC: waterType=clear-ocean c=0.151 1/m opticalRange=30 m dataRate=2.5e+06 bps pointingSigma=0.75 m pointingCoherence=60 s m divergence=30 deg disableOpticalLoss=0
Traffic: load=0.05 pkt/s payloadBytes(H/M/L)=64/256/25000 ddnContactPacketsPerTick=0 sinkContactPacketsPerTick=0
Generated=197 gatewayOriginated=125 reachedDDN=197 collectedByAUV=0 deliveredToSink=197 directCriticalToSink=18 directMediumToSink=54 directLowToSink=125 mediumFallbackRhoMax=0 lowFallbackRhoMax=0 opticalTransfers=0 opticalAttempted=0 opticalLost=0 opticalPending=0 opticalLossPct=0 opticalMeanPktSuccess=0 opticalMeanSnrDb=0 acousticTransfers=1736 acousticTxBytes=5047848 acousticTxAirtimeS=1294.32 acousticSourceAttempts=97 acousticRetransmissions=25 acousticRetryExhausted=0 acousticAcks=72 acousticPending=0 directSourceAttempts=268 directRetransmissions=70 directCyclesExhausted=1 directAcks=197 directPending=0 mobileSourceAttempts=0 mobileRetransmissions=0 mobileContactFailures=0 mobileAcks=0 mobilePending=0 auvSurfaceSourceAttempts=0 auvSurfaceRetransmissions=0 auvSurfaceContactFailures=0 auvSurfaceAcks=0 auvSurfacePending=0 energyConsumedJ=13398.3 ddnBuffered=0 auvBuffered=0
Priority: highGenerated=18 mediumGenerated=54 lowGenerated=125 highDelivered=18 mediumDelivered=54 lowDelivered=125
PDR_surface=100.0000 %
AvgDelay_E2E=28.3871 s  (BSN->surface-sink, includes AUV transit)
Throughput=1071.2072 bps
EnergyPerPkt=68011.8688 mJ/pkt
PDR_DDN=36.5482 %  (BSN->DDN acoustic, comparable to Ahmed 2022)
AvgDelay_acoustic=5.3239 s  (BSN->DDN hop only, ~1-9 s reference range)
Priority_PDR: HIGH=100.0000% MEDIUM=100.0000% LOW=100.0000%
Priority_delay: HIGH=24.9003s MEDIUM=16.8059s LOW=33.8922s
Priority_miss: HIGH=0.0000% MEDIUM=0.0000% LOW=0.0000%
Priority_energy: HIGH=15.3994 mJ/byte MEDIUM=11.4338 mJ/byte LOW=3.5559 mJ/byte
Node_role_energy: BSN=1701.6147 J DRN=448.6208 J DDN=10297.1053 J AUV=0.0000 J SINK=950.9973 J dominant=DDN
Node_role_energy_pct: BSN=12.7002% DRN=3.3483% DDN=76.8536% AUV=0.0000% SINK=7.0979%
RESULT nodes=180 protocol=pure-acoustic matchHybridQueues=0 ddnBufferPolicy=fifo nodeIdlePowerW=0.0005 trafficLoad=0.0500 trafficStop=4000.0000 sinkPlacement=hybrid generated=197 delivered=197 pdr=100.0000 avgDelayE2E=28.3871 avgDelayAcoustic=5.3239 pdrDDN=36.5482 throughputBps=1071.2072 energyJ=13398.3382 energyPerPktMj=68011.8688 pdrHigh=100.0000 pdrMedium=100.0000 pdrLow=100.0000 highAvgDelay=24.9003 mediumAvgDelay=16.8059 lowAvgDelay=33.8922 highMissRatio=0.0000 mediumMissRatio=0.0000 lowMissRatio=0.0000 burstGenerated=0 burstDelivered=0 burstMeanDelay=0.0000 burstDeadlineMiss=0 highDeadlineMiss=0 mediumDeadlineMiss=0 lowDeadlineMiss=0 directCritical=18 bufferDropped=0 bufferDroppedHigh=0 bufferDroppedMedium=0 bufferDroppedLow=0 directLow=125 acousticSourceAttempts=97 acousticRetransmissions=25 acousticRetryExhausted=0 acousticAcks=72 acousticPending=0 directSourceAttempts=268 directRetransmissions=70 directCyclesExhausted=1 directAcks=197 directPending=0 mobileSourceAttempts=0 mobileRetransmissions=0 mobileContactFailures=0 mobileAcks=0 mobilePending=0 auvSurfaceSourceAttempts=0 auvSurfaceRetransmissions=0 auvSurfaceContactFailures=0 auvSurfaceAcks=0 auvSurfacePending=0 optical=0 opticalAttempted=0 opticalLost=0 opticalPending=0 opticalLossPct=0.0000 opticalMeanPktSuccess=0.0000 opticalMeanSnrDb=0.0000 directMedium=54 highEnergyJ=17.7401 mediumEnergyJ=158.0603 lowEnergyJ=11112.0377 bsnEnergyJ=1701.6147 drnEnergyJ=448.6208 ddnEnergyJ=10297.1053 auvEnergyJ=0.0000 sinkEnergyJ=950.9973 bsnEnergyPct=12.7002 drnEnergyPct=3.3483 ddnEnergyPct=76.8536 auvEnergyPct=0.0000 sinkEnergyPct=7.0979 dominantNodeRole=DDN highEnergyMjByte=15.3994 mediumEnergyMjByte=11.4338 lowEnergyMjByte=3.5559 rhoMax=0.0000 lowRhoMax=0.0000 opticalExtCoeff=0.1510
