[0/2] Re-checking globbed directories...
ninja: no work to do.
----------- Initializing AUV-Based EDC simulation -----------
Use sweeps like: ./ns3 run "scratch/edc --trafficLoad=1 --nodes=126"

----------- AUV-Based EDC UW-LSN summary -----------
Paper setup: MAC=Underwater MAC, UDP-like packets, omni acoustic, BW=25000 Hz, rate=31200 bps, simTime=23450 s, trafficStop=4000 s, protocol=pure-acoustic, auvCollectionMedium=none, energyModel=hardware, matchHybridQueues=1, ddnBufferPolicy=priority, nodeIdlePowerW=0.0005
Acoustic MAC: aloha (hop ACKs off; end-to-end retry)
Topology: BSN=144 DRN=36 DDN=8 SINK=15 sinkPlacement=hybrid AUV=0 length=12600 m pipelineDepth=1000 m ddnEomOffset=500 m
Ranges: BSN=100 DRN=250 DDN=400 DDN-AUV=400 SINK=500 m
AUV: speed=6.087 km/h contactDepth=500 m sinusAmplitude=0 m completePatrolInSimTime=0
UWOC: waterType=clear-ocean c=0.151 1/m opticalRange=30 m dataRate=2.5e+06 bps pointingSigma=0.75 m pointingCoherence=60 s m divergence=30 deg disableOpticalLoss=0
Traffic: load=0.05 pkt/s payloadBytes(H/M/L)=64/256/25000 ddnContactPacketsPerTick=0 sinkContactPacketsPerTick=0
Generated=198 gatewayOriginated=127 reachedDDN=198 collectedByAUV=0 deliveredToSink=198 directCriticalToSink=17 directMediumToSink=54 directLowToSink=127 mediumFallbackRhoMax=0 lowFallbackRhoMax=0 opticalTransfers=0 opticalAttempted=0 opticalLost=0 opticalPending=0 opticalLossPct=0 opticalMeanPktSuccess=0 opticalMeanSnrDb=0 acousticTransfers=1837 acousticTxBytes=5401413 acousticTxAirtimeS=1384.98 acousticSourceAttempts=94 acousticRetransmissions=23 acousticRetryExhausted=0 acousticAcks=71 acousticPending=0 directSourceAttempts=282 directRetransmissions=82 directCyclesExhausted=2 directAcks=198 directPending=0 mobileSourceAttempts=0 mobileRetransmissions=0 mobileContactFailures=0 mobileAcks=0 mobilePending=0 auvSurfaceSourceAttempts=0 auvSurfaceRetransmissions=0 auvSurfaceContactFailures=0 auvSurfaceAcks=0 auvSurfacePending=0 energyConsumedJ=14185.7 ddnBuffered=0 auvBuffered=0
Priority: highGenerated=17 mediumGenerated=54 lowGenerated=127 highDelivered=17 mediumDelivered=54 lowDelivered=127
PDR_surface=100.0000 %
AvgDelay_E2E=37.0821 s  (BSN->surface-sink, includes AUV transit)
Throughput=1088.2429 bps
EnergyPerPkt=71644.8025 mJ/pkt
PDR_DDN=35.8586 %  (BSN->DDN acoustic, comparable to Ahmed 2022)
AvgDelay_acoustic=5.0886 s  (BSN->DDN hop only, ~1-9 s reference range)
Priority_PDR: HIGH=100.0000% MEDIUM=100.0000% LOW=100.0000%
Priority_delay: HIGH=21.5968s MEDIUM=17.6609s LOW=47.4128s
Priority_miss: HIGH=0.0000% MEDIUM=0.0000% LOW=0.0000%
Priority_energy: HIGH=18.5547 mJ/byte MEDIUM=11.3559 mJ/byte LOW=3.7474 mJ/byte
Node_role_energy: BSN=1696.3901 J DRN=455.0706 J DDN=11023.5025 J AUV=0.0000 J SINK=1010.7077 J dominant=DDN
Node_role_energy_pct: BSN=11.9585% DRN=3.2080% DDN=77.7087% AUV=0.0000% SINK=7.1248%
RESULT nodes=180 protocol=pure-acoustic matchHybridQueues=1 ddnBufferPolicy=priority nodeIdlePowerW=0.0005 trafficLoad=0.0500 trafficStop=4000.0000 sinkPlacement=hybrid generated=198 delivered=198 pdr=100.0000 avgDelayE2E=37.0821 avgDelayAcoustic=5.0886 pdrDDN=35.8586 throughputBps=1088.2429 energyJ=14185.6709 energyPerPktMj=71644.8025 pdrHigh=100.0000 pdrMedium=100.0000 pdrLow=100.0000 highAvgDelay=21.5968 mediumAvgDelay=17.6609 lowAvgDelay=47.4128 highMissRatio=0.0000 mediumMissRatio=0.0000 lowMissRatio=0.0000 burstGenerated=0 burstDelivered=0 burstMeanDelay=0.0000 burstDeadlineMiss=0 highDeadlineMiss=0 mediumDeadlineMiss=0 lowDeadlineMiss=0 directCritical=17 bufferDropped=0 bufferDroppedHigh=0 bufferDroppedMedium=0 bufferDroppedLow=0 directLow=127 acousticSourceAttempts=94 acousticRetransmissions=23 acousticRetryExhausted=0 acousticAcks=71 acousticPending=0 directSourceAttempts=282 directRetransmissions=82 directCyclesExhausted=2 directAcks=198 directPending=0 mobileSourceAttempts=0 mobileRetransmissions=0 mobileContactFailures=0 mobileAcks=0 mobilePending=0 auvSurfaceSourceAttempts=0 auvSurfaceRetransmissions=0 auvSurfaceContactFailures=0 auvSurfaceAcks=0 auvSurfacePending=0 optical=0 opticalAttempted=0 opticalLost=0 opticalPending=0 opticalLossPct=0.0000 opticalMeanPktSuccess=0.0000 opticalMeanSnrDb=0.0000 directMedium=54 highEnergyJ=20.1875 mediumEnergyJ=156.9836 lowEnergyJ=11897.9998 bsnEnergyJ=1696.3901 drnEnergyJ=455.0706 ddnEnergyJ=11023.5025 auvEnergyJ=0.0000 sinkEnergyJ=1010.7077 bsnEnergyPct=11.9585 drnEnergyPct=3.2080 ddnEnergyPct=77.7087 auvEnergyPct=0.0000 sinkEnergyPct=7.1248 dominantNodeRole=DDN highEnergyMjByte=18.5547 mediumEnergyMjByte=11.3559 lowEnergyMjByte=3.7474 rhoMax=0.0000 lowRhoMax=0.0000 opticalExtCoeff=0.1510
