[0/2] Re-checking globbed directories...
ninja: no work to do.
----------- Initializing AUV-Based EDC simulation -----------
Use sweeps like: ./ns3 run "scratch/edc --trafficLoad=1 --nodes=126"

----------- AUV-Based EDC UW-LSN summary -----------
Paper setup: MAC=Underwater MAC, UDP-like packets, omni acoustic, BW=25000 Hz, rate=31200 bps, simTime=23450 s, trafficStop=4000 s, protocol=pure-acoustic, auvCollectionMedium=none, energyModel=hardware, matchHybridQueues=1, ddnBufferPolicy=priority, nodeIdlePowerW=0.0005
Acoustic MAC: aloha (hop ACKs off; end-to-end retry)
Topology: BSN=144 DRN=36 DDN=8 SINK=15 sinkPlacement=hybrid AUV=0 length=12600 m pipelineDepth=1000 m ddnEomOffset=500 m
Ranges: BSN=100 DRN=250 DDN=400 DDN-AUV=400 SINK=500 m
AUV: speed=6.087 km/h contactDepth=500 m sinusAmplitude=0 m completePatrolInSimTime=0
UWOC: waterType=clear-ocean c=0.151 1/m opticalRange=30 m dataRate=2.5e+06 bps pointingSigma=0.75 m pointingCoherence=60 s m divergence=30 deg disableOpticalLoss=0
Traffic: load=0.05 pkt/s payloadBytes(H/M/L)=64/256/25000 ddnContactPacketsPerTick=0 sinkContactPacketsPerTick=0
Generated=184 gatewayOriginated=98 reachedDDN=184 collectedByAUV=0 deliveredToSink=184 directCriticalToSink=26 directMediumToSink=60 directLowToSink=98 mediumFallbackRhoMax=0 lowFallbackRhoMax=0 opticalTransfers=0 opticalAttempted=0 opticalLost=0 opticalPending=0 opticalLossPct=0 opticalMeanPktSuccess=0 opticalMeanSnrDb=0 acousticTransfers=1450 acousticTxBytes=3768738 acousticTxAirtimeS=966.343 acousticSourceAttempts=113 acousticRetransmissions=27 acousticRetryExhausted=0 acousticAcks=86 acousticPending=0 directSourceAttempts=231 directRetransmissions=45 directCyclesExhausted=2 directAcks=184 directPending=0 mobileSourceAttempts=0 mobileRetransmissions=0 mobileContactFailures=0 mobileAcks=0 mobilePending=0 auvSurfaceSourceAttempts=0 auvSurfaceRetransmissions=0 auvSurfaceContactFailures=0 auvSurfaceAcks=0 auvSurfacePending=0 energyConsumedJ=10525.1 ddnBuffered=0 auvBuffered=0
Priority: highGenerated=26 mediumGenerated=60 lowGenerated=98 highDelivered=26 mediumDelivered=60 lowDelivered=98
PDR_surface=100.0000 %
AvgDelay_E2E=22.8307 s  (BSN->surface-sink, includes AUV transit)
Throughput=841.6287 bps
EnergyPerPkt=57201.3956 mJ/pkt
PDR_DDN=46.7391 %  (BSN->DDN acoustic, comparable to Ahmed 2022)
AvgDelay_acoustic=4.8540 s  (BSN->DDN hop only, ~1-9 s reference range)
Priority_PDR: HIGH=100.0000% MEDIUM=100.0000% LOW=100.0000%
Priority_delay: HIGH=12.1976s MEDIUM=11.6441s LOW=32.5007s
Priority_miss: HIGH=0.0000% MEDIUM=0.0000% LOW=0.0000%
Priority_energy: HIGH=18.2435 mJ/byte MEDIUM=10.6980 mJ/byte LOW=3.3551 mJ/byte
Node_role_energy: BSN=1716.5451 J DRN=445.5032 J DDN=7657.6760 J AUV=0.0000 J SINK=705.3325 J dominant=DDN
Node_role_energy_pct: BSN=16.3091% DRN=4.2328% DDN=72.7566% AUV=0.0000% SINK=6.7015%
RESULT nodes=180 protocol=pure-acoustic matchHybridQueues=1 ddnBufferPolicy=priority nodeIdlePowerW=0.0005 trafficLoad=0.0500 trafficStop=4000.0000 sinkPlacement=hybrid generated=184 delivered=184 pdr=100.0000 avgDelayE2E=22.8307 avgDelayAcoustic=4.8540 pdrDDN=46.7391 throughputBps=841.6287 energyJ=10525.0568 energyPerPktMj=57201.3956 pdrHigh=100.0000 pdrMedium=100.0000 pdrLow=100.0000 highAvgDelay=12.1976 mediumAvgDelay=11.6441 lowAvgDelay=32.5007 highMissRatio=0.0000 mediumMissRatio=0.0000 lowMissRatio=0.0000 burstGenerated=0 burstDelivered=0 burstMeanDelay=0.0000 burstDeadlineMiss=0 highDeadlineMiss=0 mediumDeadlineMiss=0 lowDeadlineMiss=0 directCritical=26 bufferDropped=0 bufferDroppedHigh=0 bufferDroppedMedium=0 bufferDroppedLow=0 directLow=98 acousticSourceAttempts=113 acousticRetransmissions=27 acousticRetryExhausted=0 acousticAcks=86 acousticPending=0 directSourceAttempts=231 directRetransmissions=45 directCyclesExhausted=2 directAcks=184 directPending=0 mobileSourceAttempts=0 mobileRetransmissions=0 mobileContactFailures=0 mobileAcks=0 mobilePending=0 auvSurfaceSourceAttempts=0 auvSurfaceRetransmissions=0 auvSurfaceContactFailures=0 auvSurfaceAcks=0 auvSurfacePending=0 optical=0 opticalAttempted=0 opticalLost=0 opticalPending=0 opticalLossPct=0.0000 opticalMeanPktSuccess=0.0000 opticalMeanSnrDb=0.0000 directMedium=60 highEnergyJ=30.3572 mediumEnergyJ=164.3218 lowEnergyJ=8219.8777 bsnEnergyJ=1716.5451 drnEnergyJ=445.5032 ddnEnergyJ=7657.6760 auvEnergyJ=0.0000 sinkEnergyJ=705.3325 bsnEnergyPct=16.3091 drnEnergyPct=4.2328 ddnEnergyPct=72.7566 auvEnergyPct=0.0000 sinkEnergyPct=6.7015 dominantNodeRole=DDN highEnergyMjByte=18.2435 mediumEnergyMjByte=10.6980 lowEnergyMjByte=3.3551 rhoMax=0.0000 lowRhoMax=0.0000 opticalExtCoeff=0.1510
