[0/2] Re-checking globbed directories...
ninja: no work to do.
----------- Initializing AUV-Based EDC simulation -----------
Use sweeps like: ./ns3 run "scratch/edc --trafficLoad=1 --nodes=126"

----------- AUV-Based EDC UW-LSN summary -----------
Paper setup: MAC=Underwater MAC, UDP-like packets, omni acoustic, BW=25000 Hz, rate=31200 bps, simTime=23450 s, trafficStop=4000 s, protocol=contribution, auvCollectionMedium=optical, energyModel=hardware, matchHybridQueues=0, ddnBufferPolicy=priority, nodeIdlePowerW=0.0005
Acoustic MAC: aloha (hop ACKs off; end-to-end retry)
Topology: BSN=144 DRN=36 DDN=8 SINK=15 sinkPlacement=hybrid AUV=1 length=12600 m pipelineDepth=1000 m ddnEomOffset=500 m
Ranges: BSN=100 DRN=250 DDN=400 DDN-AUV=400 SINK=500 m
AUV: speed=6.087 km/h contactDepth=500 m sinusAmplitude=0 m completePatrolInSimTime=0
UWOC: waterType=clear-ocean c=0.151 1/m opticalRange=30 m dataRate=2.5e+06 bps pointingSigma=0.75 m pointingCoherence=60 s m divergence=30 deg disableOpticalLoss=0
Traffic: load=0.05 pkt/s payloadBytes(H/M/L)=64/256/25000 ddnContactPacketsPerTick=0 sinkContactPacketsPerTick=0
Generated=202 gatewayOriginated=118 reachedDDN=202 collectedByAUV=120 deliveredToSink=192 directCriticalToSink=15 directMediumToSink=57 directLowToSink=0 mediumFallbackRhoMax=0.4 lowFallbackRhoMax=0 opticalTransfers=120 opticalAttempted=120 opticalLost=0 opticalPending=0 opticalLossPct=0 opticalMeanPktSuccess=1 opticalMeanSnrDb=43.372 acousticTransfers=1504 acousticTxBytes=4335456 acousticTxAirtimeS=1111.66 acousticSourceAttempts=84 acousticRetransmissions=0 acousticRetryExhausted=0 acousticAcks=84 acousticPending=0 directSourceAttempts=72 directRetransmissions=0 directCyclesExhausted=0 directAcks=72 directPending=0 mobileSourceAttempts=0 mobileRetransmissions=0 mobileContactFailures=0 mobileAcks=0 mobilePending=0 auvSurfaceSourceAttempts=170 auvSurfaceRetransmissions=49 auvSurfaceContactFailures=1 auvSurfaceAcks=120 auvSurfacePending=0 energyConsumedJ=5.32415e+06 ddnBuffered=0 auvBuffered=0
Priority: highGenerated=15 mediumGenerated=69 lowGenerated=118 highDelivered=15 mediumDelivered=59 lowDelivered=118
PDR_surface=95.0495 %
AvgDelay_E2E=3823.2327 s  (BSN->surface-sink, includes AUV transit)
Throughput=1011.8768 bps
EnergyPerPkt=27729935.1366 mJ/pkt
PDR_DDN=41.5842 %  (BSN->DDN acoustic, comparable to Ahmed 2022)
AvgDelay_acoustic=0.8039 s  (BSN->DDN hop only, ~1-9 s reference range)
Priority_PDR: HIGH=100.0000% MEDIUM=85.5072% LOW=100.0000%
Priority_delay: HIGH=2.8766s MEDIUM=290.7792s LOW=6075.0979s
Priority_miss: HIGH=0.0000% MEDIUM=14.4928% LOW=0.0000%
Priority_energy: HIGH=12.1477 mJ/byte MEDIUM=10.6278 mJ/byte LOW=3.3135 mJ/byte
Node_role_energy: BSN=1691.7548 J DRN=451.4398 J DDN=273.5012 J AUV=5320900.3101 J SINK=830.5403 J dominant=AUV
Node_role_energy_pct: BSN=0.0318% DRN=0.0085% DDN=0.0051% AUV=99.9390% SINK=0.0156%
RESULT nodes=180 protocol=contribution matchHybridQueues=0 ddnBufferPolicy=priority nodeIdlePowerW=0.0005 trafficLoad=0.0500 trafficStop=4000.0000 sinkPlacement=hybrid generated=202 delivered=192 pdr=95.0495 avgDelayE2E=3823.2327 avgDelayAcoustic=0.8039 pdrDDN=41.5842 throughputBps=1011.8768 energyJ=5324147.5462 energyPerPktMj=27729935.1366 pdrHigh=100.0000 pdrMedium=85.5072 pdrLow=100.0000 highAvgDelay=2.8766 mediumAvgDelay=290.7792 lowAvgDelay=6075.0979 highMissRatio=0.0000 mediumMissRatio=14.4928 lowMissRatio=0.0000 burstGenerated=0 burstDelivered=0 burstMeanDelay=0.0000 burstDeadlineMiss=0 highDeadlineMiss=0 mediumDeadlineMiss=0 lowDeadlineMiss=0 directCritical=15 bufferDropped=0 bufferDroppedHigh=0 bufferDroppedMedium=0 bufferDroppedLow=0 directLow=0 acousticSourceAttempts=84 acousticRetransmissions=0 acousticRetryExhausted=0 acousticAcks=84 acousticPending=0 directSourceAttempts=72 directRetransmissions=0 directCyclesExhausted=0 directAcks=72 directPending=0 mobileSourceAttempts=0 mobileRetransmissions=0 mobileContactFailures=0 mobileAcks=0 mobilePending=0 auvSurfaceSourceAttempts=170 auvSurfaceRetransmissions=49 auvSurfaceContactFailures=1 auvSurfaceAcks=120 auvSurfacePending=0 optical=120 opticalAttempted=120 opticalLost=0 opticalPending=0 opticalLossPct=0.0000 opticalMeanPktSuccess=1.0000 opticalMeanSnrDb=43.3720 directMedium=57 highEnergyJ=11.6618 mediumEnergyJ=160.5217 lowEnergyJ=9774.8706 bsnEnergyJ=1691.7548 drnEnergyJ=451.4398 ddnEnergyJ=273.5012 auvEnergyJ=5320900.3101 sinkEnergyJ=830.5403 bsnEnergyPct=0.0318 drnEnergyPct=0.0085 ddnEnergyPct=0.0051 auvEnergyPct=99.9390 sinkEnergyPct=0.0156 dominantNodeRole=AUV highEnergyMjByte=12.1477 mediumEnergyMjByte=10.6278 lowEnergyMjByte=3.3135 rhoMax=0.4000 lowRhoMax=0.0000 opticalExtCoeff=0.1510
