[0/2] Re-checking globbed directories...
ninja: no work to do.
----------- Initializing AUV-Based EDC simulation -----------
Use sweeps like: ./ns3 run "scratch/edc --trafficLoad=1 --nodes=126"

----------- AUV-Based EDC UW-LSN summary -----------
Paper setup: MAC=Underwater MAC, UDP-like packets, omni acoustic, BW=25000 Hz, rate=31200 bps, simTime=23450 s, trafficStop=4000 s, protocol=contribution, auvCollectionMedium=optical, energyModel=hardware, matchHybridQueues=0, ddnBufferPolicy=priority, nodeIdlePowerW=0.0005
Acoustic MAC: aloha (hop ACKs off; end-to-end retry)
Topology: BSN=144 DRN=36 DDN=8 SINK=15 sinkPlacement=hybrid AUV=1 length=12600 m pipelineDepth=1000 m ddnEomOffset=500 m
Ranges: BSN=100 DRN=250 DDN=400 DDN-AUV=400 SINK=500 m
AUV: speed=6.087 km/h contactDepth=500 m sinusAmplitude=0 m completePatrolInSimTime=0
UWOC: waterType=clear-ocean c=0.151 1/m opticalRange=30 m dataRate=2.5e+06 bps pointingSigma=0.75 m pointingCoherence=60 s m divergence=30 deg disableOpticalLoss=0
Traffic: load=0.05 pkt/s payloadBytes(H/M/L)=64/256/25000 ddnContactPacketsPerTick=0 sinkContactPacketsPerTick=0
Generated=208 gatewayOriginated=135 reachedDDN=208 collectedByAUV=138 deliveredToSink=207 directCriticalToSink=14 directMediumToSink=55 directLowToSink=0 mediumFallbackRhoMax=0.4 lowFallbackRhoMax=0 opticalTransfers=138 opticalAttempted=138 opticalLost=0 opticalPending=0 opticalLossPct=0 opticalMeanPktSuccess=1 opticalMeanSnrDb=43.2992 acousticTransfers=1598 acousticTxBytes=4779966 acousticTxAirtimeS=1225.63 acousticSourceAttempts=73 acousticRetransmissions=0 acousticRetryExhausted=0 acousticAcks=73 acousticPending=0 directSourceAttempts=69 directRetransmissions=0 directCyclesExhausted=0 directAcks=69 directPending=0 mobileSourceAttempts=0 mobileRetransmissions=0 mobileContactFailures=0 mobileAcks=0 mobilePending=0 auvSurfaceSourceAttempts=189 auvSurfaceRetransmissions=49 auvSurfaceContactFailures=2 auvSurfaceAcks=138 auvSurfacePending=0 energyConsumedJ=5.32518e+06 ddnBuffered=0 auvBuffered=0
Priority: highGenerated=14 mediumGenerated=59 lowGenerated=135 highDelivered=14 mediumDelivered=58 lowDelivered=135
PDR_surface=99.5192 %
AvgDelay_E2E=4626.1734 s  (BSN->surface-sink, includes AUV transit)
Throughput=1156.7570 bps
EnergyPerPkt=25725514.6688 mJ/pkt
PDR_DDN=35.0962 %  (BSN->DDN acoustic, comparable to Ahmed 2022)
AvgDelay_acoustic=0.7879 s  (BSN->DDN hop only, ~1-9 s reference range)
Priority_PDR: HIGH=100.0000% MEDIUM=98.3051% LOW=100.0000%
Priority_delay: HIGH=2.9581s MEDIUM=261.0870s LOW=6980.9884s
Priority_miss: HIGH=0.0000% MEDIUM=1.6949% LOW=0.0000%
Priority_energy: HIGH=14.6573 mJ/byte MEDIUM=9.3059 mJ/byte LOW=3.2088 mJ/byte
Node_role_energy: BSN=1682.6136 J DRN=441.2712 J DDN=291.8626 J AUV=5321848.2604 J SINK=917.5286 J dominant=AUV
Node_role_energy_pct: BSN=0.0316% DRN=0.0083% DDN=0.0055% AUV=99.9374% SINK=0.0172%
RESULT nodes=180 protocol=contribution matchHybridQueues=0 ddnBufferPolicy=priority nodeIdlePowerW=0.0005 trafficLoad=0.0500 trafficStop=4000.0000 sinkPlacement=hybrid generated=208 delivered=207 pdr=99.5192 avgDelayE2E=4626.1734 avgDelayAcoustic=0.7879 pdrDDN=35.0962 throughputBps=1156.7570 energyJ=5325181.5364 energyPerPktMj=25725514.6688 pdrHigh=100.0000 pdrMedium=98.3051 pdrLow=100.0000 highAvgDelay=2.9581 mediumAvgDelay=261.0870 lowAvgDelay=6980.9884 highMissRatio=0.0000 mediumMissRatio=1.6949 lowMissRatio=0.0000 burstGenerated=0 burstDelivered=0 burstMeanDelay=0.0000 burstDeadlineMiss=0 highDeadlineMiss=0 mediumDeadlineMiss=0 lowDeadlineMiss=0 directCritical=14 bufferDropped=0 bufferDroppedHigh=0 bufferDroppedMedium=0 bufferDroppedLow=0 directLow=0 acousticSourceAttempts=73 acousticRetransmissions=0 acousticRetryExhausted=0 acousticAcks=73 acousticPending=0 directSourceAttempts=69 directRetransmissions=0 directCyclesExhausted=0 directAcks=69 directPending=0 mobileSourceAttempts=0 mobileRetransmissions=0 mobileContactFailures=0 mobileAcks=0 mobilePending=0 auvSurfaceSourceAttempts=189 auvSurfaceRetransmissions=49 auvSurfaceContactFailures=2 auvSurfaceAcks=138 auvSurfacePending=0 optical=138 opticalAttempted=138 opticalLost=0 opticalPending=0 opticalLossPct=0.0000 opticalMeanPktSuccess=1.0000 opticalMeanSnrDb=43.2992 directMedium=55 highEnergyJ=13.1329 mediumEnergyJ=138.1747 lowEnergyJ=10829.7366 bsnEnergyJ=1682.6136 drnEnergyJ=441.2712 ddnEnergyJ=291.8626 auvEnergyJ=5321848.2604 sinkEnergyJ=917.5286 bsnEnergyPct=0.0316 drnEnergyPct=0.0083 ddnEnergyPct=0.0055 auvEnergyPct=99.9374 sinkEnergyPct=0.0172 dominantNodeRole=AUV highEnergyMjByte=14.6573 mediumEnergyMjByte=9.3059 lowEnergyMjByte=3.2088 rhoMax=0.4000 lowRhoMax=0.0000 opticalExtCoeff=0.1510
