[0/2] Re-checking globbed directories...
ninja: no work to do.
----------- Initializing AUV-Based EDC simulation -----------
Use sweeps like: ./ns3 run "scratch/edc --trafficLoad=1 --nodes=126"

----------- AUV-Based EDC UW-LSN summary -----------
Paper setup: MAC=Underwater MAC, UDP-like packets, omni acoustic, BW=25000 Hz, rate=31200 bps, simTime=23450 s, trafficStop=4000 s, protocol=contribution, auvCollectionMedium=optical, energyModel=hardware, matchHybridQueues=0, ddnBufferPolicy=priority, nodeIdlePowerW=0.0005
Acoustic MAC: aloha (hop ACKs off; end-to-end retry)
Topology: BSN=144 DRN=36 DDN=8 SINK=15 sinkPlacement=hybrid AUV=1 length=12600 m pipelineDepth=1000 m ddnEomOffset=500 m
Ranges: BSN=100 DRN=250 DDN=400 DDN-AUV=400 SINK=500 m
AUV: speed=6.087 km/h contactDepth=500 m sinusAmplitude=0 m completePatrolInSimTime=0
UWOC: waterType=clear-ocean c=0.151 1/m opticalRange=30 m dataRate=2.5e+06 bps pointingSigma=0.75 m pointingCoherence=60 s m divergence=30 deg disableOpticalLoss=0
Traffic: load=0.05 pkt/s payloadBytes(H/M/L)=64/256/25000 ddnContactPacketsPerTick=0 sinkContactPacketsPerTick=0
Generated=186 gatewayOriginated=110 reachedDDN=186 collectedByAUV=110 deliveredToSink=180 directCriticalToSink=19 directMediumToSink=51 directLowToSink=0 mediumFallbackRhoMax=0.4 lowFallbackRhoMax=0 opticalTransfers=110 opticalAttempted=110 opticalLost=0 opticalPending=0 opticalLossPct=0 opticalMeanPktSuccess=1 opticalMeanSnrDb=43.23 acousticTransfers=1362 acousticTxBytes=3870738 acousticTxAirtimeS=992.497 acousticSourceAttempts=76 acousticRetransmissions=0 acousticRetryExhausted=0 acousticAcks=76 acousticPending=0 directSourceAttempts=71 directRetransmissions=1 directCyclesExhausted=0 directAcks=70 directPending=0 mobileSourceAttempts=0 mobileRetransmissions=0 mobileContactFailures=0 mobileAcks=0 mobilePending=0 auvSurfaceSourceAttempts=150 auvSurfaceRetransmissions=40 auvSurfaceContactFailures=0 auvSurfaceAcks=110 auvSurfacePending=0 energyConsumedJ=5.3231e+06 ddnBuffered=0 auvBuffered=0
Priority: highGenerated=19 mediumGenerated=57 lowGenerated=110 highDelivered=19 mediumDelivered=51 lowDelivered=110
PDR_surface=96.7742 %
AvgDelay_E2E=3937.3916 s  (BSN->surface-sink, includes AUV transit)
Throughput=943.0352 bps
EnergyPerPkt=29572782.4064 mJ/pkt
PDR_DDN=40.8602 %  (BSN->DDN acoustic, comparable to Ahmed 2022)
AvgDelay_acoustic=0.8118 s  (BSN->DDN hop only, ~1-9 s reference range)
Priority_PDR: HIGH=100.0000% MEDIUM=89.4737% LOW=100.0000%
Priority_delay: HIGH=2.9479s MEDIUM=318.8450s LOW=6294.6672s
Priority_miss: HIGH=0.0000% MEDIUM=10.5263% LOW=0.0000%
Priority_energy: HIGH=13.9096 mJ/byte MEDIUM=10.5285 mJ/byte LOW=3.1804 mJ/byte
Node_role_energy: BSN=1681.8234 J DRN=447.7217 J DDN=261.5152 J AUV=5319958.9686 J SINK=750.8043 J dominant=AUV
Node_role_energy_pct: BSN=0.0316% DRN=0.0084% DDN=0.0049% AUV=99.9410% SINK=0.0141%
RESULT nodes=180 protocol=contribution matchHybridQueues=0 ddnBufferPolicy=priority nodeIdlePowerW=0.0005 trafficLoad=0.0500 trafficStop=4000.0000 sinkPlacement=hybrid generated=186 delivered=180 pdr=96.7742 avgDelayE2E=3937.3916 avgDelayAcoustic=0.8118 pdrDDN=40.8602 throughputBps=943.0352 energyJ=5323100.8331 energyPerPktMj=29572782.4064 pdrHigh=100.0000 pdrMedium=89.4737 pdrLow=100.0000 highAvgDelay=2.9479 mediumAvgDelay=318.8450 lowAvgDelay=6294.6672 highMissRatio=0.0000 mediumMissRatio=10.5263 lowMissRatio=0.0000 burstGenerated=0 burstDelivered=0 burstMeanDelay=0.0000 burstDeadlineMiss=0 highDeadlineMiss=0 mediumDeadlineMiss=0 lowDeadlineMiss=0 directCritical=19 bufferDropped=0 bufferDroppedHigh=0 bufferDroppedMedium=0 bufferDroppedLow=0 directLow=0 acousticSourceAttempts=76 acousticRetransmissions=0 acousticRetryExhausted=0 acousticAcks=76 acousticPending=0 directSourceAttempts=71 directRetransmissions=1 directCyclesExhausted=0 directAcks=70 directPending=0 mobileSourceAttempts=0 mobileRetransmissions=0 mobileContactFailures=0 mobileAcks=0 mobilePending=0 auvSurfaceSourceAttempts=150 auvSurfaceRetransmissions=40 auvSurfaceContactFailures=0 auvSurfaceAcks=110 auvSurfacePending=0 optical=110 opticalAttempted=110 opticalLost=0 opticalPending=0 opticalLossPct=0.0000 opticalMeanPktSuccess=1.0000 opticalMeanSnrDb=43.2300 directMedium=51 highEnergyJ=16.9141 mediumEnergyJ=137.4599 lowEnergyJ=8745.9670 bsnEnergyJ=1681.8234 drnEnergyJ=447.7217 ddnEnergyJ=261.5152 auvEnergyJ=5319958.9686 sinkEnergyJ=750.8043 bsnEnergyPct=0.0316 drnEnergyPct=0.0084 ddnEnergyPct=0.0049 auvEnergyPct=99.9410 sinkEnergyPct=0.0141 dominantNodeRole=AUV highEnergyMjByte=13.9096 mediumEnergyMjByte=10.5285 lowEnergyMjByte=3.1804 rhoMax=0.4000 lowRhoMax=0.0000 opticalExtCoeff=0.1510
