[0/2] Re-checking globbed directories...
ninja: no work to do.
----------- Initializing AUV-Based EDC simulation -----------
Use sweeps like: ./ns3 run "scratch/edc --trafficLoad=1 --nodes=126"

----------- AUV-Based EDC UW-LSN summary -----------
Paper setup: MAC=Underwater MAC, UDP-like packets, omni acoustic, BW=25000 Hz, rate=31200 bps, simTime=23450 s, trafficStop=4000 s, protocol=contribution, auvCollectionMedium=optical, energyModel=hardware, matchHybridQueues=0, ddnBufferPolicy=priority, nodeIdlePowerW=0.0005
Acoustic MAC: aloha (hop ACKs off; end-to-end retry)
Topology: BSN=144 DRN=36 DDN=8 SINK=15 sinkPlacement=hybrid AUV=1 length=12600 m pipelineDepth=1000 m ddnEomOffset=500 m
Ranges: BSN=100 DRN=250 DDN=400 DDN-AUV=400 SINK=500 m
AUV: speed=6.087 km/h contactDepth=500 m sinusAmplitude=0 m completePatrolInSimTime=0
UWOC: waterType=clear-ocean c=0.151 1/m opticalRange=30 m dataRate=2.5e+06 bps pointingSigma=0.75 m pointingCoherence=60 s m divergence=30 deg disableOpticalLoss=0
Traffic: load=0.05 pkt/s payloadBytes(H/M/L)=64/256/25000 ddnContactPacketsPerTick=0 sinkContactPacketsPerTick=0
Generated=208 gatewayOriginated=132 reachedDDN=208 collectedByAUV=136 deliveredToSink=206 directCriticalToSink=18 directMediumToSink=52 directLowToSink=0 mediumFallbackRhoMax=0.4 lowFallbackRhoMax=0 opticalTransfers=136 opticalAttempted=136 opticalLost=0 opticalPending=0 opticalLossPct=0 opticalMeanPktSuccess=1 opticalMeanSnrDb=43.1656 acousticTransfers=1549 acousticTxBytes=4531221 acousticTxAirtimeS=1161.85 acousticSourceAttempts=79 acousticRetransmissions=3 acousticRetryExhausted=0 acousticAcks=76 acousticPending=0 directSourceAttempts=70 directRetransmissions=0 directCyclesExhausted=0 directAcks=70 directPending=0 mobileSourceAttempts=0 mobileRetransmissions=0 mobileContactFailures=0 mobileAcks=0 mobilePending=0 auvSurfaceSourceAttempts=180 auvSurfaceRetransmissions=44 auvSurfaceContactFailures=0 auvSurfaceAcks=136 auvSurfacePending=0 energyConsumedJ=5.32463e+06 ddnBuffered=0 auvBuffered=0
Priority: highGenerated=18 mediumGenerated=58 lowGenerated=132 highDelivered=18 mediumDelivered=56 lowDelivered=132
PDR_surface=99.0385 %
AvgDelay_E2E=3941.7737 s  (BSN->surface-sink, includes AUV transit)
Throughput=1131.0833 bps
EnergyPerPkt=25847713.3801 mJ/pkt
PDR_DDN=36.5385 %  (BSN->DDN acoustic, comparable to Ahmed 2022)
AvgDelay_acoustic=1.3103 s  (BSN->DDN hop only, ~1-9 s reference range)
Priority_PDR: HIGH=100.0000% MEDIUM=96.5517% LOW=100.0000%
Priority_delay: HIGH=2.9580s MEDIUM=238.7021s LOW=6049.8849s
Priority_miss: HIGH=0.0000% MEDIUM=3.4483% LOW=0.0000%
Priority_energy: HIGH=13.4379 mJ/byte MEDIUM=10.0839 mJ/byte LOW=3.1116 mJ/byte
Node_role_energy: BSN=1684.3926 J DRN=448.2349 J DDN=287.6054 J AUV=5321327.7636 J SINK=880.9598 J dominant=AUV
Node_role_energy_pct: BSN=0.0316% DRN=0.0084% DDN=0.0054% AUV=99.9380% SINK=0.0165%
RESULT nodes=180 protocol=contribution matchHybridQueues=0 ddnBufferPolicy=priority nodeIdlePowerW=0.0005 trafficLoad=0.0500 trafficStop=4000.0000 sinkPlacement=hybrid generated=208 delivered=206 pdr=99.0385 avgDelayE2E=3941.7737 avgDelayAcoustic=1.3103 pdrDDN=36.5385 throughputBps=1131.0833 energyJ=5324628.9563 energyPerPktMj=25847713.3801 pdrHigh=100.0000 pdrMedium=96.5517 pdrLow=100.0000 highAvgDelay=2.9580 mediumAvgDelay=238.7021 lowAvgDelay=6049.8849 highMissRatio=0.0000 mediumMissRatio=3.4483 lowMissRatio=0.0000 burstGenerated=0 burstDelivered=0 burstMeanDelay=0.0000 burstDeadlineMiss=0 highDeadlineMiss=0 mediumDeadlineMiss=0 lowDeadlineMiss=0 directCritical=18 bufferDropped=0 bufferDroppedHigh=0 bufferDroppedMedium=0 bufferDroppedLow=0 directLow=0 acousticSourceAttempts=79 acousticRetransmissions=3 acousticRetryExhausted=0 acousticAcks=76 acousticPending=0 directSourceAttempts=70 directRetransmissions=0 directCyclesExhausted=0 directAcks=70 directPending=0 mobileSourceAttempts=0 mobileRetransmissions=0 mobileContactFailures=0 mobileAcks=0 mobilePending=0 auvSurfaceSourceAttempts=180 auvSurfaceRetransmissions=44 auvSurfaceContactFailures=0 auvSurfaceAcks=136 auvSurfacePending=0 optical=136 opticalAttempted=136 opticalLost=0 opticalPending=0 opticalLossPct=0.0000 opticalMeanPktSuccess=1.0000 opticalMeanSnrDb=43.1656 directMedium=52 highEnergyJ=15.4805 mediumEnergyJ=144.5634 lowEnergyJ=10268.4203 bsnEnergyJ=1684.3926 drnEnergyJ=448.2349 ddnEnergyJ=287.6054 auvEnergyJ=5321327.7636 sinkEnergyJ=880.9598 bsnEnergyPct=0.0316 drnEnergyPct=0.0084 ddnEnergyPct=0.0054 auvEnergyPct=99.9380 sinkEnergyPct=0.0165 dominantNodeRole=AUV highEnergyMjByte=13.4379 mediumEnergyMjByte=10.0839 lowEnergyMjByte=3.1116 rhoMax=0.4000 lowRhoMax=0.0000 opticalExtCoeff=0.1510
