[0/2] Re-checking globbed directories...
ninja: no work to do.
----------- Initializing AUV-Based EDC simulation -----------
Use sweeps like: ./ns3 run "scratch/edc --trafficLoad=1 --nodes=126"

----------- AUV-Based EDC UW-LSN summary -----------
Paper setup: MAC=Underwater MAC, UDP-like packets, omni acoustic, BW=25000 Hz, rate=31200 bps, simTime=23450 s, trafficStop=4000 s, protocol=contribution, auvCollectionMedium=optical, energyModel=hardware, matchHybridQueues=0, ddnBufferPolicy=priority, nodeIdlePowerW=0.0005
Acoustic MAC: aloha (hop ACKs off; end-to-end retry)
Topology: BSN=144 DRN=36 DDN=8 SINK=15 sinkPlacement=hybrid AUV=1 length=12600 m pipelineDepth=1000 m ddnEomOffset=500 m
Ranges: BSN=100 DRN=250 DDN=400 DDN-AUV=400 SINK=500 m
AUV: speed=6.087 km/h contactDepth=500 m sinusAmplitude=0 m completePatrolInSimTime=0
UWOC: waterType=clear-ocean c=0.151 1/m opticalRange=30 m dataRate=2.5e+06 bps pointingSigma=0.75 m pointingCoherence=60 s m divergence=30 deg disableOpticalLoss=0
Traffic: load=0.05 pkt/s payloadBytes(H/M/L)=64/256/25000 ddnContactPacketsPerTick=0 sinkContactPacketsPerTick=0
Generated=225 gatewayOriginated=145 reachedDDN=225 collectedByAUV=146 deliveredToSink=219 directCriticalToSink=24 directMediumToSink=49 directLowToSink=0 mediumFallbackRhoMax=0.4 lowFallbackRhoMax=0 opticalTransfers=146 opticalAttempted=146 opticalLost=0 opticalPending=0 opticalLossPct=0 opticalMeanPktSuccess=1 opticalMeanSnrDb=43.2566 acousticTransfers=1761 acousticTxBytes=5285049 acousticTxAirtimeS=1355.14 acousticSourceAttempts=80 acousticRetransmissions=0 acousticRetryExhausted=0 acousticAcks=80 acousticPending=0 directSourceAttempts=73 directRetransmissions=0 directCyclesExhausted=0 directAcks=73 directPending=0 mobileSourceAttempts=0 mobileRetransmissions=0 mobileContactFailures=0 mobileAcks=0 mobilePending=0 auvSurfaceSourceAttempts=207 auvSurfaceRetransmissions=56 auvSurfaceContactFailures=5 auvSurfaceAcks=146 auvSurfacePending=0 energyConsumedJ=5.32636e+06 ddnBuffered=0 auvBuffered=0
Priority: highGenerated=24 mediumGenerated=56 lowGenerated=145 highDelivered=24 mediumDelivered=50 lowDelivered=145
PDR_surface=97.3333 %
AvgDelay_E2E=4145.5358 s  (BSN->surface-sink, includes AUV transit)
Throughput=1241.5645 bps
EnergyPerPkt=24321288.9753 mJ/pkt
PDR_DDN=35.5556 %  (BSN->DDN acoustic, comparable to Ahmed 2022)
AvgDelay_acoustic=0.7711 s  (BSN->DDN hop only, ~1-9 s reference range)
Priority_PDR: HIGH=100.0000% MEDIUM=89.2857% LOW=100.0000%
Priority_delay: HIGH=2.8437s MEDIUM=244.8967s LOW=6176.2708s
Priority_miss: HIGH=0.0000% MEDIUM=10.7143% LOW=0.0000%
Priority_energy: HIGH=14.0012 mJ/byte MEDIUM=10.1545 mJ/byte LOW=3.3132 mJ/byte
Node_role_energy: BSN=1679.7883 J DRN=446.7463 J DDN=302.8358 J AUV=5322925.4826 J SINK=1007.4326 J dominant=AUV
Node_role_energy_pct: BSN=0.0315% DRN=0.0084% DDN=0.0057% AUV=99.9355% SINK=0.0189%
RESULT nodes=180 protocol=contribution matchHybridQueues=0 ddnBufferPolicy=priority nodeIdlePowerW=0.0005 trafficLoad=0.0500 trafficStop=4000.0000 sinkPlacement=hybrid generated=225 delivered=219 pdr=97.3333 avgDelayE2E=4145.5358 avgDelayAcoustic=0.7711 pdrDDN=35.5556 throughputBps=1241.5645 energyJ=5326362.2856 energyPerPktMj=24321288.9753 pdrHigh=100.0000 pdrMedium=89.2857 pdrLow=100.0000 highAvgDelay=2.8437 mediumAvgDelay=244.8967 lowAvgDelay=6176.2708 highMissRatio=0.0000 mediumMissRatio=10.7143 lowMissRatio=0.0000 burstGenerated=0 burstDelivered=0 burstMeanDelay=0.0000 burstDeadlineMiss=0 highDeadlineMiss=0 mediumDeadlineMiss=0 lowDeadlineMiss=0 directCritical=24 bufferDropped=0 bufferDroppedHigh=0 bufferDroppedMedium=0 bufferDroppedLow=0 directLow=0 acousticSourceAttempts=80 acousticRetransmissions=0 acousticRetryExhausted=0 acousticAcks=80 acousticPending=0 directSourceAttempts=73 directRetransmissions=0 directCyclesExhausted=0 directAcks=73 directPending=0 mobileSourceAttempts=0 mobileRetransmissions=0 mobileContactFailures=0 mobileAcks=0 mobilePending=0 auvSurfaceSourceAttempts=207 auvSurfaceRetransmissions=56 auvSurfaceContactFailures=5 auvSurfaceAcks=146 auvSurfacePending=0 optical=146 opticalAttempted=146 opticalLost=0 opticalPending=0 opticalLossPct=0.0000 opticalMeanPktSuccess=1.0000 opticalMeanSnrDb=43.2566 directMedium=49 highEnergyJ=21.5059 mediumEnergyJ=129.9770 lowEnergyJ=12010.3106 bsnEnergyJ=1679.7883 drnEnergyJ=446.7463 ddnEnergyJ=302.8358 auvEnergyJ=5322925.4826 sinkEnergyJ=1007.4326 bsnEnergyPct=0.0315 drnEnergyPct=0.0084 ddnEnergyPct=0.0057 auvEnergyPct=99.9355 sinkEnergyPct=0.0189 dominantNodeRole=AUV highEnergyMjByte=14.0012 mediumEnergyMjByte=10.1545 lowEnergyMjByte=3.3132 rhoMax=0.4000 lowRhoMax=0.0000 opticalExtCoeff=0.1510
