[0/2] Re-checking globbed directories...
ninja: no work to do.
----------- Initializing AUV-Based EDC simulation -----------
Use sweeps like: ./ns3 run "scratch/edc --trafficLoad=1 --nodes=126"

----------- AUV-Based EDC UW-LSN summary -----------
Paper setup: MAC=Underwater MAC, UDP-like packets, omni acoustic, BW=25000 Hz, rate=31200 bps, simTime=23450 s, trafficStop=4000 s, protocol=contribution, auvCollectionMedium=optical, energyModel=hardware, matchHybridQueues=0, ddnBufferPolicy=priority, nodeIdlePowerW=0.0005
Acoustic MAC: aloha (hop ACKs off; end-to-end retry)
Topology: BSN=144 DRN=36 DDN=8 SINK=15 sinkPlacement=hybrid AUV=1 length=12600 m pipelineDepth=1000 m ddnEomOffset=500 m
Ranges: BSN=100 DRN=250 DDN=400 DDN-AUV=400 SINK=500 m
AUV: speed=6.087 km/h contactDepth=500 m sinusAmplitude=0 m completePatrolInSimTime=0
UWOC: waterType=clear-ocean c=0.151 1/m opticalRange=30 m dataRate=2.5e+06 bps pointingSigma=0.75 m pointingCoherence=60 s m divergence=30 deg disableOpticalLoss=0
Traffic: load=0.05 pkt/s payloadBytes(H/M/L)=64/256/25000 ddnContactPacketsPerTick=0 sinkContactPacketsPerTick=0
Generated=208 gatewayOriginated=121 reachedDDN=208 collectedByAUV=122 deliveredToSink=199 directCriticalToSink=24 directMediumToSink=53 directLowToSink=0 mediumFallbackRhoMax=0.4 lowFallbackRhoMax=0 opticalTransfers=122 opticalAttempted=122 opticalLost=0 opticalPending=0 opticalLossPct=0 opticalMeanPktSuccess=1 opticalMeanSnrDb=43.4317 acousticTransfers=1523 acousticTxBytes=4355667 acousticTxAirtimeS=1116.84 acousticSourceAttempts=87 acousticRetransmissions=0 acousticRetryExhausted=0 acousticAcks=87 acousticPending=0 directSourceAttempts=77 directRetransmissions=0 directCyclesExhausted=0 directAcks=77 directPending=0 mobileSourceAttempts=0 mobileRetransmissions=0 mobileContactFailures=0 mobileAcks=0 mobilePending=0 auvSurfaceSourceAttempts=170 auvSurfaceRetransmissions=48 auvSurfaceContactFailures=0 auvSurfaceAcks=122 auvSurfacePending=0 energyConsumedJ=5.32421e+06 ddnBuffered=0 auvBuffered=0
Priority: highGenerated=24 mediumGenerated=63 lowGenerated=121 highDelivered=24 mediumDelivered=54 lowDelivered=121
PDR_surface=95.6731 %
AvgDelay_E2E=3801.2156 s  (BSN->surface-sink, includes AUV transit)
Throughput=1037.2230 bps
EnergyPerPkt=26754803.2816 mJ/pkt
PDR_DDN=41.8269 %  (BSN->DDN acoustic, comparable to Ahmed 2022)
AvgDelay_acoustic=0.7430 s  (BSN->DDN hop only, ~1-9 s reference range)
Priority_PDR: HIGH=100.0000% MEDIUM=85.7143% LOW=100.0000%
Priority_delay: HIGH=2.9915s MEDIUM=282.9146s LOW=6124.7332s
Priority_miss: HIGH=0.0000% MEDIUM=14.2857% LOW=0.0000%
Priority_energy: HIGH=13.8631 mJ/byte MEDIUM=10.1814 mJ/byte LOW=3.2540 mJ/byte
Node_role_energy: BSN=1689.0093 J DRN=445.1217 J DDN=276.6233 J AUV=5320953.9700 J SINK=841.1288 J dominant=AUV
Node_role_energy_pct: BSN=0.0317% DRN=0.0084% DDN=0.0052% AUV=99.9389% SINK=0.0158%
RESULT nodes=180 protocol=contribution matchHybridQueues=0 ddnBufferPolicy=priority nodeIdlePowerW=0.0005 trafficLoad=0.0500 trafficStop=4000.0000 sinkPlacement=hybrid generated=208 delivered=199 pdr=95.6731 avgDelayE2E=3801.2156 avgDelayAcoustic=0.7430 pdrDDN=41.8269 throughputBps=1037.2230 energyJ=5324205.8530 energyPerPktMj=26754803.2816 pdrHigh=100.0000 pdrMedium=85.7143 pdrLow=100.0000 highAvgDelay=2.9915 mediumAvgDelay=282.9146 lowAvgDelay=6124.7332 highMissRatio=0.0000 mediumMissRatio=14.2857 lowMissRatio=0.0000 burstGenerated=0 burstDelivered=0 burstMeanDelay=0.0000 burstDeadlineMiss=0 highDeadlineMiss=0 mediumDeadlineMiss=0 lowDeadlineMiss=0 directCritical=24 bufferDropped=0 bufferDroppedHigh=0 bufferDroppedMedium=0 bufferDroppedLow=0 directLow=0 acousticSourceAttempts=87 acousticRetransmissions=0 acousticRetryExhausted=0 acousticAcks=87 acousticPending=0 directSourceAttempts=77 directRetransmissions=0 directCyclesExhausted=0 directAcks=77 directPending=0 mobileSourceAttempts=0 mobileRetransmissions=0 mobileContactFailures=0 mobileAcks=0 mobilePending=0 auvSurfaceSourceAttempts=170 auvSurfaceRetransmissions=48 auvSurfaceContactFailures=0 auvSurfaceAcks=122 auvSurfacePending=0 optical=122 opticalAttempted=122 opticalLost=0 opticalPending=0 opticalLossPct=0.0000 opticalMeanPktSuccess=1.0000 opticalMeanSnrDb=43.4317 directMedium=53 highEnergyJ=21.2937 mediumEnergyJ=140.7480 lowEnergyJ=9843.3192 bsnEnergyJ=1689.0093 drnEnergyJ=445.1217 ddnEnergyJ=276.6233 auvEnergyJ=5320953.9700 sinkEnergyJ=841.1288 bsnEnergyPct=0.0317 drnEnergyPct=0.0084 ddnEnergyPct=0.0052 auvEnergyPct=99.9389 sinkEnergyPct=0.0158 dominantNodeRole=AUV highEnergyMjByte=13.8631 mediumEnergyMjByte=10.1814 lowEnergyMjByte=3.2540 rhoMax=0.4000 lowRhoMax=0.0000 opticalExtCoeff=0.1510
