[0/2] Re-checking globbed directories...
ninja: no work to do.
----------- Initializing AUV-Based EDC simulation -----------
Use sweeps like: ./ns3 run "scratch/edc --trafficLoad=1 --nodes=126"

----------- AUV-Based EDC UW-LSN summary -----------
Paper setup: MAC=Underwater MAC, UDP-like packets, omni acoustic, BW=25000 Hz, rate=31200 bps, simTime=23450 s, trafficStop=4000 s, protocol=contribution, auvCollectionMedium=optical, energyModel=hardware, matchHybridQueues=0, ddnBufferPolicy=priority, nodeIdlePowerW=0.0005
Acoustic MAC: aloha (hop ACKs off; end-to-end retry)
Topology: BSN=144 DRN=36 DDN=8 SINK=15 sinkPlacement=hybrid AUV=1 length=12600 m pipelineDepth=1000 m ddnEomOffset=500 m
Ranges: BSN=100 DRN=250 DDN=400 DDN-AUV=400 SINK=500 m
AUV: speed=6.087 km/h contactDepth=500 m sinusAmplitude=0 m completePatrolInSimTime=0
UWOC: waterType=clear-ocean c=0.151 1/m opticalRange=30 m dataRate=2.5e+06 bps pointingSigma=0.75 m pointingCoherence=60 s m divergence=30 deg disableOpticalLoss=0
Traffic: load=0.05 pkt/s payloadBytes(H/M/L)=64/256/25000 ddnContactPacketsPerTick=0 sinkContactPacketsPerTick=0
Generated=191 gatewayOriginated=112 reachedDDN=191 collectedByAUV=114 deliveredToSink=191 directCriticalToSink=27 directMediumToSink=50 directLowToSink=0 mediumFallbackRhoMax=0.4 lowFallbackRhoMax=0 opticalTransfers=114 opticalAttempted=116 opticalLost=2 opticalPending=0 opticalLossPct=1.72414 opticalMeanPktSuccess=0.982759 opticalMeanSnrDb=39.6321 acousticTransfers=1441 acousticTxBytes=4073721 acousticTxAirtimeS=1044.54 acousticSourceAttempts=80 acousticRetransmissions=1 acousticRetryExhausted=0 acousticAcks=79 acousticPending=0 directSourceAttempts=77 directRetransmissions=0 directCyclesExhausted=0 directAcks=77 directPending=0 mobileSourceAttempts=0 mobileRetransmissions=0 mobileContactFailures=0 mobileAcks=0 mobilePending=0 auvSurfaceSourceAttempts=160 auvSurfaceRetransmissions=46 auvSurfaceContactFailures=0 auvSurfaceAcks=114 auvSurfacePending=0 energyConsumedJ=5.32356e+06 ddnBuffered=0 auvBuffered=0
Priority: highGenerated=27 mediumGenerated=52 lowGenerated=112 highDelivered=27 mediumDelivered=52 lowDelivered=112
PDR_surface=100.0000 %
AvgDelay_E2E=3153.4638 s  (BSN->surface-sink, includes AUV transit)
Throughput=960.3548 bps
EnergyPerPkt=27872019.9732 mJ/pkt
PDR_DDN=41.3613 %  (BSN->DDN acoustic, comparable to Ahmed 2022)
AvgDelay_acoustic=0.9360 s  (BSN->DDN hop only, ~1-9 s reference range)
Priority_PDR: HIGH=100.0000% MEDIUM=100.0000% LOW=100.0000%
Priority_delay: HIGH=2.8793s MEDIUM=174.0424s LOW=5296.2824s
Priority_miss: HIGH=0.0000% MEDIUM=0.0000% LOW=0.0000%
Priority_energy: HIGH=13.9224 mJ/byte MEDIUM=9.7547 mJ/byte LOW=3.2862 mJ/byte
Node_role_energy: BSN=1687.4971 J DRN=439.4325 J DDN=264.2991 J AUV=5320376.7827 J SINK=787.8035 J dominant=AUV
Node_role_energy_pct: BSN=0.0317% DRN=0.0083% DDN=0.0050% AUV=99.9403% SINK=0.0148%
RESULT nodes=180 protocol=contribution matchHybridQueues=0 ddnBufferPolicy=priority nodeIdlePowerW=0.0005 trafficLoad=0.0500 trafficStop=4000.0000 sinkPlacement=hybrid generated=191 delivered=191 pdr=100.0000 avgDelayE2E=3153.4638 avgDelayAcoustic=0.9360 pdrDDN=41.3613 throughputBps=960.3548 energyJ=5323555.8149 energyPerPktMj=27872019.9732 pdrHigh=100.0000 pdrMedium=100.0000 pdrLow=100.0000 highAvgDelay=2.8793 mediumAvgDelay=174.0424 lowAvgDelay=5296.2824 highMissRatio=0.0000 mediumMissRatio=0.0000 lowMissRatio=0.0000 burstGenerated=0 burstDelivered=0 burstMeanDelay=0.0000 burstDeadlineMiss=0 highDeadlineMiss=0 mediumDeadlineMiss=0 lowDeadlineMiss=0 directCritical=27 bufferDropped=0 bufferDroppedHigh=0 bufferDroppedMedium=0 bufferDroppedLow=0 directLow=0 acousticSourceAttempts=80 acousticRetransmissions=1 acousticRetryExhausted=0 acousticAcks=79 acousticPending=0 directSourceAttempts=77 directRetransmissions=0 directCyclesExhausted=0 directAcks=77 directPending=0 mobileSourceAttempts=0 mobileRetransmissions=0 mobileContactFailures=0 mobileAcks=0 mobilePending=0 auvSurfaceSourceAttempts=160 auvSurfaceRetransmissions=46 auvSurfaceContactFailures=0 auvSurfaceAcks=114 auvSurfacePending=0 optical=114 opticalAttempted=116 opticalLost=2 opticalPending=0 opticalLossPct=1.7241 opticalMeanPktSuccess=0.9828 opticalMeanSnrDb=39.6321 directMedium=50 highEnergyJ=24.0579 mediumEnergyJ=129.8546 lowEnergyJ=9201.4103 bsnEnergyJ=1687.4971 drnEnergyJ=439.4325 ddnEnergyJ=264.2991 auvEnergyJ=5320376.7827 sinkEnergyJ=787.8035 bsnEnergyPct=0.0317 drnEnergyPct=0.0083 ddnEnergyPct=0.0050 auvEnergyPct=99.9403 sinkEnergyPct=0.0148 dominantNodeRole=AUV highEnergyMjByte=13.9224 mediumEnergyMjByte=9.7547 lowEnergyMjByte=3.2862 rhoMax=0.4000 lowRhoMax=0.0000 opticalExtCoeff=0.1510
