[0/2] Re-checking globbed directories...
ninja: no work to do.
----------- Initializing AUV-Based EDC simulation -----------
Use sweeps like: ./ns3 run "scratch/edc --trafficLoad=1 --nodes=126"

----------- AUV-Based EDC UW-LSN summary -----------
Paper setup: MAC=Underwater MAC, UDP-like packets, omni acoustic, BW=25000 Hz, rate=31200 bps, simTime=23450 s, trafficStop=4000 s, protocol=contribution, auvCollectionMedium=optical, energyModel=hardware, matchHybridQueues=0, ddnBufferPolicy=priority, nodeIdlePowerW=0.0005
Acoustic MAC: aloha (hop ACKs off; end-to-end retry)
Topology: BSN=144 DRN=36 DDN=8 SINK=15 sinkPlacement=hybrid AUV=1 length=12600 m pipelineDepth=1000 m ddnEomOffset=500 m
Ranges: BSN=100 DRN=250 DDN=400 DDN-AUV=400 SINK=500 m
AUV: speed=6.087 km/h contactDepth=500 m sinusAmplitude=0 m completePatrolInSimTime=0
UWOC: waterType=clear-ocean c=0.151 1/m opticalRange=30 m dataRate=2.5e+06 bps pointingSigma=0.75 m pointingCoherence=60 s m divergence=30 deg disableOpticalLoss=0
Traffic: load=0.05 pkt/s payloadBytes(H/M/L)=64/256/25000 ddnContactPacketsPerTick=0 sinkContactPacketsPerTick=0
Generated=202 gatewayOriginated=118 reachedDDN=202 collectedByAUV=122 deliveredToSink=184 directCriticalToSink=15 directMediumToSink=47 directLowToSink=0 mediumFallbackRhoMax=0.4 lowFallbackRhoMax=0 opticalTransfers=122 opticalAttempted=122 opticalLost=0 opticalPending=0 opticalLossPct=0 opticalMeanPktSuccess=1 opticalMeanSnrDb=43.309 acousticTransfers=1482 acousticTxBytes=4282506 acousticTxAirtimeS=1098.08 acousticSourceAttempts=84 acousticRetransmissions=0 acousticRetryExhausted=0 acousticAcks=84 acousticPending=0 directSourceAttempts=62 directRetransmissions=0 directCyclesExhausted=0 directAcks=62 directPending=0 mobileSourceAttempts=0 mobileRetransmissions=0 mobileContactFailures=0 mobileAcks=0 mobilePending=0 auvSurfaceSourceAttempts=170 auvSurfaceRetransmissions=47 auvSurfaceContactFailures=1 auvSurfaceAcks=122 auvSurfacePending=0 energyConsumedJ=5.32403e+06 ddnBuffered=0 auvBuffered=0
Priority: highGenerated=15 mediumGenerated=69 lowGenerated=118 highDelivered=15 mediumDelivered=51 lowDelivered=118
PDR_surface=91.0891 %
AvgDelay_E2E=3996.7128 s  (BSN->surface-sink, includes AUV transit)
Throughput=1011.1782 bps
EnergyPerPkt=28934943.5547 mJ/pkt
PDR_DDN=41.5842 %  (BSN->DDN acoustic, comparable to Ahmed 2022)
AvgDelay_acoustic=0.8039 s  (BSN->DDN hop only, ~1-9 s reference range)
Priority_PDR: HIGH=100.0000% MEDIUM=73.9130% LOW=100.0000%
Priority_delay: HIGH=2.8766s MEDIUM=366.0287s LOW=6073.5979s
Priority_miss: HIGH=0.0000% MEDIUM=26.0870% LOW=0.0000%
Priority_energy: HIGH=12.1477 mJ/byte MEDIUM=11.8652 mJ/byte LOW=3.2754 mJ/byte
Node_role_energy: BSN=1691.7548 J DRN=451.4398 J DDN=267.4006 J AUV=5320797.8100 J SINK=821.2088 J dominant=AUV
Node_role_energy_pct: BSN=0.0318% DRN=0.0085% DDN=0.0050% AUV=99.9393% SINK=0.0154%
RESULT nodes=180 protocol=contribution matchHybridQueues=0 ddnBufferPolicy=priority nodeIdlePowerW=0.0005 trafficLoad=0.0500 trafficStop=4000.0000 sinkPlacement=hybrid generated=202 delivered=184 pdr=91.0891 avgDelayE2E=3996.7128 avgDelayAcoustic=0.8039 pdrDDN=41.5842 throughputBps=1011.1782 energyJ=5324029.6141 energyPerPktMj=28934943.5547 pdrHigh=100.0000 pdrMedium=73.9130 pdrLow=100.0000 highAvgDelay=2.8766 mediumAvgDelay=366.0287 lowAvgDelay=6073.5979 highMissRatio=0.0000 mediumMissRatio=26.0870 lowMissRatio=0.0000 burstGenerated=0 burstDelivered=0 burstMeanDelay=0.0000 burstDeadlineMiss=0 highDeadlineMiss=0 mediumDeadlineMiss=0 lowDeadlineMiss=0 directCritical=15 bufferDropped=0 bufferDroppedHigh=0 bufferDroppedMedium=0 bufferDroppedLow=0 directLow=0 acousticSourceAttempts=84 acousticRetransmissions=0 acousticRetryExhausted=0 acousticAcks=84 acousticPending=0 directSourceAttempts=62 directRetransmissions=0 directCyclesExhausted=0 directAcks=62 directPending=0 mobileSourceAttempts=0 mobileRetransmissions=0 mobileContactFailures=0 mobileAcks=0 mobilePending=0 auvSurfaceSourceAttempts=170 auvSurfaceRetransmissions=47 auvSurfaceContactFailures=1 auvSurfaceAcks=122 auvSurfacePending=0 optical=122 opticalAttempted=122 opticalLost=0 opticalPending=0 opticalLossPct=0.0000 opticalMeanPktSuccess=1.0000 opticalMeanSnrDb=43.3090 directMedium=47 highEnergyJ=11.6618 mediumEnergyJ=154.9126 lowEnergyJ=9662.5475 bsnEnergyJ=1691.7548 drnEnergyJ=451.4398 ddnEnergyJ=267.4006 auvEnergyJ=5320797.8100 sinkEnergyJ=821.2088 bsnEnergyPct=0.0318 drnEnergyPct=0.0085 ddnEnergyPct=0.0050 auvEnergyPct=99.9393 sinkEnergyPct=0.0154 dominantNodeRole=AUV highEnergyMjByte=12.1477 mediumEnergyMjByte=11.8652 lowEnergyMjByte=3.2754 rhoMax=0.4000 lowRhoMax=0.0000 opticalExtCoeff=0.1510
