-- Using default output directory /opt/ns-allinone-3.40/ns-3.40/build
-- [33mProceeding without cmake-format[0m
-- find_external_library: SQLite3 was found.
-- [33mEigen was not found[0m
-- [33mHarfbuzz is required by GTK3 and was not found.[0m
-- [33mLibXML2 was not found. Continuing without it.[0m
-- [33mVisualizer: Python Bindings are disabled[0m
-- Could NOT find Boost (missing: Boost_INCLUDE_DIR) 
-- GSL was found.
-- [33mdocs: doxygen documentation not enabled due to missing dependencies: doxygen dot dia[0m
-- Failed to locate sphinx-build executable (missing: SPHINX_EXECUTABLE) 
-- [33mdocs: sphinx documentation not enabled due to missing dependencies: Sphinx epstopdf pdflatex latexmk convert dvipng[0m
-- Precompiled headers were enabled
-- Processing src/antenna
-- Processing src/aodv
-- Processing src/applications
-- Processing src/aqua-sim-ng
-- Processing src/bridge
-- Processing src/brite
-- [33mfind_external_library: brite was not found. Missing headers: "Brite.h" and missing libraries: "brite".[0m
-- [33mSkipping src/brite[0m
-- Processing src/buildings
-- Processing src/click
-- [33mfind_external_library: click was not found. Missing headers: "simclick.h" and missing libraries: "nsclick click".[0m
-- [33mSkipping src/click[0m
-- Processing src/config-store
-- Processing src/core
-- Boost Units are an optional feature of length.cc.  Ubuntu ships it within the libboost-dev package.  You may need to clean up the CMake cache after installing it to pass this check.
-- Processing src/csma
-- Processing src/csma-layout
-- Processing src/dsdv
-- Processing src/dsr
-- Processing src/energy
-- Processing src/fd-net-device
-- Could NOT find PkgConfig (missing: PKG_CONFIG_EXECUTABLE) 
-- Processing src/flow-monitor
-- Processing src/internet
-- Processing src/internet-apps
-- Processing src/lr-wpan
-- Processing src/lte
-- Processing src/mesh
-- Processing src/mobility
-- Processing src/netanim
-- Processing src/network
-- Processing src/nix-vector-routing
-- Processing src/olsr
-- Processing src/openflow
-- [33mfind_external_library: openflow was not found. Missing headers: "openflow.h" and missing libraries: "openflow".[0m
-- [33mSkipping src/openflow[0m
-- Processing src/point-to-point
-- Processing src/point-to-point-layout
-- Processing src/propagation
-- Processing src/sixlowpan
-- Processing src/spectrum
-- Processing src/stats
-- Processing src/tap-bridge
-- Processing src/topology-read
-- Processing src/traffic-control
-- Processing src/uan
-- Processing src/virtual-net-device
-- Processing src/wifi
-- Processing src/wimax
-- ---- Summary of ns-3 settings:
Build profile                 : optimized
Build directory               : /opt/ns-allinone-3.40/ns-3.40/build
Build with runtime asserts    : OFF (not requested)
Build with runtime logging    : OFF (not requested)
Build version embedding       : OFF (not requested)
BRITE Integration             : [31mOFF (missing dependency)[0m
DES Metrics event collection  : OFF (not requested)
DPDK NetDevice                : OFF (not requested)
Emulation FdNetDevice         : [32mON[0m
Examples                      : [32mON[0m
File descriptor NetDevice     : [32mON[0m
GNU Scientific Library (GSL)  : [32mON[0m
GtkConfigStore                : [31mOFF (missing dependency)[0m
LibXml2 support               : [31mOFF (missing dependency)[0m
MPI Support                   : OFF (not requested)
ns-3 Click Integration        : [31mOFF (missing dependency)[0m
ns-3 OpenFlow Integration     : [31mOFF (missing dependency)[0m
Netmap emulation FdNetDevice  : [31mOFF (missing dependency)[0m
PyViz visualizer              : [31mOFF (Python Bindings are disabled)[0m
Python Bindings               : OFF (not requested)
SQLite support                : [32mON[0m
Eigen3 support                : [31mOFF (missing dependency)[0m
Tap Bridge                    : [32mON[0m
Tap FdNetDevice               : [32mON[0m
Tests                         : OFF (not requested)


Modules configured to be built:
antenna                   aodv                      applications              
aqua-sim-ng               bridge                    buildings                 
config-store              core                      csma                      
csma-layout               dsdv                      dsr                       
energy                    fd-net-device             flow-monitor              
internet                  internet-apps             lr-wpan                   
lte                       mesh                      mobility                  
netanim                   network                   nix-vector-routing        
olsr                      point-to-point            point-to-point-layout     
propagation               sixlowpan                 spectrum                  
stats                     tap-bridge                topology-read             
traffic-control           uan                       virtual-net-device        
wifi                      wimax                     

Modules that cannot be built:
brite                     click                     mpi                       
openflow                  test                      visualizer                



-- Configuring done (0.2s)
-- Generating done (0.3s)
-- Build files have been written to: /opt/ns-allinone-3.40/ns-3.40/cmake-cache
[0/2] Re-checking globbed directories...
[1/2] Building CXX object scratch/CMakeFiles/scratch_edc.dir/edc.cc.o
[2/2] Linking CXX executable /opt/ns-allinone-3.40/ns-3.40/build/scratch/ns3.40-edc-optimized
----------- Initializing AUV-Based EDC simulation -----------
Use sweeps like: ./ns3 run "scratch/edc --trafficLoad=1 --nodes=126"

----------- AUV-Based EDC UW-LSN summary -----------
Paper setup: MAC=Underwater MAC, UDP-like packets, omni acoustic, BW=25000 Hz, rate=31200 bps, simTime=23450 s, trafficStop=4000 s, protocol=contribution, auvCollectionMedium=optical, energyModel=hardware, matchHybridQueues=0, ddnBufferPolicy=priority, nodeIdlePowerW=0.0005
Acoustic MAC: aloha (hop ACKs off; end-to-end retry)
Topology: BSN=144 DRN=36 DDN=8 SINK=15 sinkPlacement=hybrid AUV=1 length=12600 m pipelineDepth=1000 m ddnEomOffset=500 m
Ranges: BSN=100 DRN=250 DDN=400 DDN-AUV=400 SINK=500 m
AUV: speed=6.087 km/h contactDepth=500 m sinusAmplitude=0 m completePatrolInSimTime=0
UWOC: waterType=clear-ocean c=0.151 1/m opticalRange=30 m dataRate=2.5e+06 bps pointingSigma=0.75 m pointingCoherence=60 s m divergence=30 deg disableOpticalLoss=0
Traffic: load=0.05 pkt/s payloadBytes(H/M/L)=64/256/25000 ddnContactPacketsPerTick=0 sinkContactPacketsPerTick=0
Generated=161 gatewayOriginated=108 reachedDDN=161 collectedByAUV=108 deliveredToSink=161 directCriticalToSink=10 directMediumToSink=43 directLowToSink=0 mediumFallbackRhoMax=0.4 lowFallbackRhoMax=0 opticalTransfers=108 opticalAttempted=108 opticalLost=0 opticalPending=0 opticalLossPct=0 opticalMeanPktSuccess=1 opticalMeanSnrDb=43.2252 acousticTransfers=1211 acousticTxBytes=3624699 acousticTxAirtimeS=929.41 acousticSourceAttempts=53 acousticRetransmissions=0 acousticRetryExhausted=0 acousticAcks=53 acousticPending=0 directSourceAttempts=54 directRetransmissions=1 directCyclesExhausted=0 directAcks=53 directPending=0 mobileSourceAttempts=0 mobileRetransmissions=0 mobileContactFailures=0 mobileAcks=0 mobilePending=0 auvSurfaceSourceAttempts=141 auvSurfaceRetransmissions=33 auvSurfaceContactFailures=0 auvSurfaceAcks=108 auvSurfacePending=0 energyConsumedJ=5.32255e+06 ddnBuffered=0 auvBuffered=0
Priority: highGenerated=10 mediumGenerated=43 lowGenerated=108 highDelivered=10 mediumDelivered=43 lowDelivered=108
PDR_surface=100.0000 %
AvgDelay_E2E=3491.0675 s  (BSN->surface-sink, includes AUV transit)
Throughput=925.0825 bps
EnergyPerPkt=33059310.4201 mJ/pkt
PDR_DDN=32.9193 %  (BSN->DDN acoustic, comparable to Ahmed 2022)
AvgDelay_acoustic=0.8631 s  (BSN->DDN hop only, ~1-9 s reference range)
Priority_PDR: HIGH=100.0000% MEDIUM=100.0000% LOW=100.0000%
Priority_delay: HIGH=2.8764s MEDIUM=165.6140s LOW=5138.0713s
Priority_miss: HIGH=0.0000% MEDIUM=0.0000% LOW=0.0000%
Priority_energy: HIGH=13.1152 mJ/byte MEDIUM=9.9002 mJ/byte LOW=3.0486 mJ/byte
Node_role_energy: BSN=1666.3904 J DRN=435.4380 J DDN=251.0717 J AUV=5319490.5251 J SINK=705.5524 J dominant=AUV
Node_role_energy_pct: BSN=0.0313% DRN=0.0082% DDN=0.0047% AUV=99.9425% SINK=0.0133%
RESULT nodes=180 protocol=contribution matchHybridQueues=0 ddnBufferPolicy=priority nodeIdlePowerW=0.0005 trafficLoad=0.0500 trafficStop=4000.0000 sinkPlacement=hybrid generated=161 delivered=161 pdr=100.0000 avgDelayE2E=3491.0675 avgDelayAcoustic=0.8631 pdrDDN=32.9193 throughputBps=925.0825 energyJ=5322548.9776 energyPerPktMj=33059310.4201 pdrHigh=100.0000 pdrMedium=100.0000 pdrLow=100.0000 highAvgDelay=2.8764 mediumAvgDelay=165.6140 lowAvgDelay=5138.0713 highMissRatio=0.0000 mediumMissRatio=0.0000 lowMissRatio=0.0000 burstGenerated=0 burstDelivered=0 burstMeanDelay=0.0000 burstDeadlineMiss=0 highDeadlineMiss=0 mediumDeadlineMiss=0 lowDeadlineMiss=0 directCritical=10 bufferDropped=0 bufferDroppedHigh=0 bufferDroppedMedium=0 bufferDroppedLow=0 directLow=0 acousticSourceAttempts=53 acousticRetransmissions=0 acousticRetryExhausted=0 acousticAcks=53 acousticPending=0 directSourceAttempts=54 directRetransmissions=1 directCyclesExhausted=0 directAcks=53 directPending=0 mobileSourceAttempts=0 mobileRetransmissions=0 mobileContactFailures=0 mobileAcks=0 mobilePending=0 auvSurfaceSourceAttempts=141 auvSurfaceRetransmissions=33 auvSurfaceContactFailures=0 auvSurfaceAcks=108 auvSurfacePending=0 optical=108 opticalAttempted=108 opticalLost=0 opticalPending=0 opticalLossPct=0.0000 opticalMeanPktSuccess=1.0000 opticalMeanSnrDb=43.2252 directMedium=43 highEnergyJ=8.3937 mediumEnergyJ=108.9810 lowEnergyJ=8231.1108 bsnEnergyJ=1666.3904 drnEnergyJ=435.4380 ddnEnergyJ=251.0717 auvEnergyJ=5319490.5251 sinkEnergyJ=705.5524 bsnEnergyPct=0.0313 drnEnergyPct=0.0082 ddnEnergyPct=0.0047 auvEnergyPct=99.9425 sinkEnergyPct=0.0133 dominantNodeRole=AUV highEnergyMjByte=13.1152 mediumEnergyMjByte=9.9002 lowEnergyMjByte=3.0486 rhoMax=0.4000 lowRhoMax=0.0000 opticalExtCoeff=0.1510
