[0/2] Re-checking globbed directories...
ninja: no work to do.
----------- Initializing AUV-Based EDC simulation -----------
Use sweeps like: ./ns3 run "scratch/edc --trafficLoad=1 --nodes=126"

----------- AUV-Based EDC UW-LSN summary -----------
Paper setup: MAC=Underwater MAC, UDP-like packets, omni acoustic, BW=25000 Hz, rate=31200 bps, simTime=23450 s, trafficStop=4000 s, protocol=contribution, auvCollectionMedium=optical, energyModel=hardware, matchHybridQueues=0, ddnBufferPolicy=priority, nodeIdlePowerW=0.0005
Acoustic MAC: aloha (hop ACKs off; end-to-end retry)
Topology: BSN=144 DRN=36 DDN=8 SINK=15 sinkPlacement=hybrid AUV=1 length=12600 m pipelineDepth=1000 m ddnEomOffset=500 m
Ranges: BSN=100 DRN=250 DDN=400 DDN-AUV=400 SINK=500 m
AUV: speed=6.087 km/h contactDepth=500 m sinusAmplitude=0 m completePatrolInSimTime=0
UWOC: waterType=clear-ocean c=0.151 1/m opticalRange=30 m dataRate=2.5e+06 bps pointingSigma=0.75 m pointingCoherence=60 s m divergence=30 deg disableOpticalLoss=0
Traffic: load=0.05 pkt/s payloadBytes(H/M/L)=64/256/25000 ddnContactPacketsPerTick=0 sinkContactPacketsPerTick=0
Generated=208 gatewayOriginated=135 reachedDDN=208 collectedByAUV=137 deliveredToSink=208 directCriticalToSink=14 directMediumToSink=57 directLowToSink=0 mediumFallbackRhoMax=0.4 lowFallbackRhoMax=0 opticalTransfers=137 opticalAttempted=137 opticalLost=0 opticalPending=0 opticalLossPct=0 opticalMeanPktSuccess=1 opticalMeanSnrDb=43.4189 acousticTransfers=1613 acousticTxBytes=4830837 acousticTxAirtimeS=1238.68 acousticSourceAttempts=73 acousticRetransmissions=0 acousticRetryExhausted=0 acousticAcks=73 acousticPending=0 directSourceAttempts=71 directRetransmissions=0 directCyclesExhausted=0 directAcks=71 directPending=0 mobileSourceAttempts=0 mobileRetransmissions=0 mobileContactFailures=0 mobileAcks=0 mobilePending=0 auvSurfaceSourceAttempts=190 auvSurfaceRetransmissions=51 auvSurfaceContactFailures=2 auvSurfaceAcks=137 auvSurfacePending=0 energyConsumedJ=5.32529e+06 ddnBuffered=0 auvBuffered=0
Priority: highGenerated=14 mediumGenerated=59 lowGenerated=135 highDelivered=14 mediumDelivered=59 lowDelivered=135
PDR_surface=100.0000 %
AvgDelay_E2E=4598.5250 s  (BSN->surface-sink, includes AUV transit)
Throughput=1156.8443 bps
EnergyPerPkt=25602361.3020 mJ/pkt
PDR_DDN=35.0962 %  (BSN->DDN acoustic, comparable to Ahmed 2022)
AvgDelay_acoustic=0.7879 s  (BSN->DDN hop only, ~1-9 s reference range)
Priority_PDR: HIGH=100.0000% MEDIUM=100.0000% LOW=100.0000%
Priority_delay: HIGH=2.9581s MEDIUM=226.1755s LOW=6985.9810s
Priority_miss: HIGH=0.0000% MEDIUM=0.0000% LOW=0.0000%
Priority_energy: HIGH=14.6573 mJ/byte MEDIUM=9.1936 mJ/byte LOW=3.2411 mJ/byte
Node_role_energy: BSN=1682.6136 J DRN=441.2712 J DDN=293.0753 J AUV=5321951.3813 J SINK=922.8094 J dominant=AUV
Node_role_energy_pct: BSN=0.0316% DRN=0.0083% DDN=0.0055% AUV=99.9373% SINK=0.0173%
RESULT nodes=180 protocol=contribution matchHybridQueues=0 ddnBufferPolicy=priority nodeIdlePowerW=0.0005 trafficLoad=0.0500 trafficStop=4000.0000 sinkPlacement=hybrid generated=208 delivered=208 pdr=100.0000 avgDelayE2E=4598.5250 avgDelayAcoustic=0.7879 pdrDDN=35.0962 throughputBps=1156.8443 energyJ=5325291.1508 energyPerPktMj=25602361.3020 pdrHigh=100.0000 pdrMedium=100.0000 pdrLow=100.0000 highAvgDelay=2.9581 mediumAvgDelay=226.1755 lowAvgDelay=6985.9810 highMissRatio=0.0000 mediumMissRatio=0.0000 lowMissRatio=0.0000 burstGenerated=0 burstDelivered=0 burstMeanDelay=0.0000 burstDeadlineMiss=0 highDeadlineMiss=0 mediumDeadlineMiss=0 lowDeadlineMiss=0 directCritical=14 bufferDropped=0 bufferDroppedHigh=0 bufferDroppedMedium=0 bufferDroppedLow=0 directLow=0 acousticSourceAttempts=73 acousticRetransmissions=0 acousticRetryExhausted=0 acousticAcks=73 acousticPending=0 directSourceAttempts=71 directRetransmissions=0 directCyclesExhausted=0 directAcks=71 directPending=0 mobileSourceAttempts=0 mobileRetransmissions=0 mobileContactFailures=0 mobileAcks=0 mobilePending=0 auvSurfaceSourceAttempts=190 auvSurfaceRetransmissions=51 auvSurfaceContactFailures=2 auvSurfaceAcks=137 auvSurfacePending=0 optical=137 opticalAttempted=137 opticalLost=0 opticalPending=0 opticalLossPct=0.0000 opticalMeanPktSuccess=1.0000 opticalMeanSnrDb=43.4189 directMedium=57 highEnergyJ=13.1329 mediumEnergyJ=138.8605 lowEnergyJ=10938.6652 bsnEnergyJ=1682.6136 drnEnergyJ=441.2712 ddnEnergyJ=293.0753 auvEnergyJ=5321951.3813 sinkEnergyJ=922.8094 bsnEnergyPct=0.0316 drnEnergyPct=0.0083 ddnEnergyPct=0.0055 auvEnergyPct=99.9373 sinkEnergyPct=0.0173 dominantNodeRole=AUV highEnergyMjByte=14.6573 mediumEnergyMjByte=9.1936 lowEnergyMjByte=3.2411 rhoMax=0.4000 lowRhoMax=0.0000 opticalExtCoeff=0.1510
