[0/2] Re-checking globbed directories...
ninja: no work to do.
----------- Initializing AUV-Based EDC simulation -----------
Use sweeps like: ./ns3 run "scratch/edc --trafficLoad=1 --nodes=126"

----------- AUV-Based EDC UW-LSN summary -----------
Paper setup: MAC=Underwater MAC, UDP-like packets, omni acoustic, BW=25000 Hz, rate=31200 bps, simTime=23450 s, trafficStop=4000 s, protocol=contribution, auvCollectionMedium=optical, energyModel=hardware, matchHybridQueues=0, ddnBufferPolicy=priority, nodeIdlePowerW=0.0005
Acoustic MAC: aloha (hop ACKs off; end-to-end retry)
Topology: BSN=144 DRN=36 DDN=8 SINK=15 sinkPlacement=hybrid AUV=1 length=12600 m pipelineDepth=1000 m ddnEomOffset=500 m
Ranges: BSN=100 DRN=250 DDN=400 DDN-AUV=400 SINK=500 m
AUV: speed=6.087 km/h contactDepth=500 m sinusAmplitude=0 m completePatrolInSimTime=0
UWOC: waterType=clear-ocean c=0.151 1/m opticalRange=30 m dataRate=2.5e+06 bps pointingSigma=0.75 m pointingCoherence=60 s m divergence=30 deg disableOpticalLoss=0
Traffic: load=0.05 pkt/s payloadBytes(H/M/L)=64/256/25000 ddnContactPacketsPerTick=0 sinkContactPacketsPerTick=0
Generated=191 gatewayOriginated=126 reachedDDN=191 collectedByAUV=126 deliveredToSink=191 directCriticalToSink=20 directMediumToSink=45 directLowToSink=0 mediumFallbackRhoMax=0.4 lowFallbackRhoMax=0 opticalTransfers=126 opticalAttempted=126 opticalLost=0 opticalPending=0 opticalLossPct=0 opticalMeanPktSuccess=1 opticalMeanSnrDb=43.2551 acousticTransfers=1442 acousticTxBytes=4333722 acousticTxAirtimeS=1111.21 acousticSourceAttempts=65 acousticRetransmissions=0 acousticRetryExhausted=0 acousticAcks=65 acousticPending=0 directSourceAttempts=65 directRetransmissions=0 directCyclesExhausted=0 directAcks=65 directPending=0 mobileSourceAttempts=0 mobileRetransmissions=0 mobileContactFailures=0 mobileAcks=0 mobilePending=0 auvSurfaceSourceAttempts=169 auvSurfaceRetransmissions=43 auvSurfaceContactFailures=0 auvSurfaceAcks=126 auvSurfacePending=0 energyConsumedJ=5.32418e+06 ddnBuffered=0 auvBuffered=0
Priority: highGenerated=20 mediumGenerated=45 lowGenerated=126 highDelivered=20 mediumDelivered=45 lowDelivered=126
PDR_surface=100.0000 %
AvgDelay_E2E=4223.0596 s  (BSN->surface-sink, includes AUV transit)
Throughput=1078.9936 bps
EnergyPerPkt=27875295.6328 mJ/pkt
PDR_DDN=34.0314 %  (BSN->DDN acoustic, comparable to Ahmed 2022)
AvgDelay_acoustic=0.7226 s  (BSN->DDN hop only, ~1-9 s reference range)
Priority_PDR: HIGH=100.0000% MEDIUM=100.0000% LOW=100.0000%
Priority_delay: HIGH=3.3038s MEDIUM=142.8163s LOW=6350.0919s
Priority_miss: HIGH=0.0000% MEDIUM=0.0000% LOW=0.0000%
Priority_energy: HIGH=14.6049 mJ/byte MEDIUM=8.7963 mJ/byte LOW=3.1305 mJ/byte
Node_role_energy: BSN=1667.2024 J DRN=433.4128 J DDN=275.8065 J AUV=5320957.3657 J SINK=847.6786 J dominant=AUV
Node_role_energy_pct: BSN=0.0313% DRN=0.0081% DDN=0.0052% AUV=99.9394% SINK=0.0159%
RESULT nodes=180 protocol=contribution matchHybridQueues=0 ddnBufferPolicy=priority nodeIdlePowerW=0.0005 trafficLoad=0.0500 trafficStop=4000.0000 sinkPlacement=hybrid generated=191 delivered=191 pdr=100.0000 avgDelayE2E=4223.0596 avgDelayAcoustic=0.7226 pdrDDN=34.0314 throughputBps=1078.9936 energyJ=5324181.4659 energyPerPktMj=27875295.6328 pdrHigh=100.0000 pdrMedium=100.0000 pdrLow=100.0000 highAvgDelay=3.3038 mediumAvgDelay=142.8163 lowAvgDelay=6350.0919 highMissRatio=0.0000 mediumMissRatio=0.0000 lowMissRatio=0.0000 burstGenerated=0 burstDelivered=0 burstMeanDelay=0.0000 burstDeadlineMiss=0 highDeadlineMiss=0 mediumDeadlineMiss=0 lowDeadlineMiss=0 directCritical=20 bufferDropped=0 bufferDroppedHigh=0 bufferDroppedMedium=0 bufferDroppedLow=0 directLow=0 acousticSourceAttempts=65 acousticRetransmissions=0 acousticRetryExhausted=0 acousticAcks=65 acousticPending=0 directSourceAttempts=65 directRetransmissions=0 directCyclesExhausted=0 directAcks=65 directPending=0 mobileSourceAttempts=0 mobileRetransmissions=0 mobileContactFailures=0 mobileAcks=0 mobilePending=0 auvSurfaceSourceAttempts=169 auvSurfaceRetransmissions=43 auvSurfaceContactFailures=0 auvSurfaceAcks=126 auvSurfacePending=0 optical=126 opticalAttempted=126 opticalLost=0 opticalPending=0 opticalLossPct=0.0000 opticalMeanPktSuccess=1.0000 opticalMeanSnrDb=43.2551 directMedium=45 highEnergyJ=18.6942 mediumEnergyJ=101.3330 lowEnergyJ=9860.9465 bsnEnergyJ=1667.2024 drnEnergyJ=433.4128 ddnEnergyJ=275.8065 auvEnergyJ=5320957.3657 sinkEnergyJ=847.6786 bsnEnergyPct=0.0313 drnEnergyPct=0.0081 ddnEnergyPct=0.0052 auvEnergyPct=99.9394 sinkEnergyPct=0.0159 dominantNodeRole=AUV highEnergyMjByte=14.6049 mediumEnergyMjByte=8.7963 lowEnergyMjByte=3.1305 rhoMax=0.4000 lowRhoMax=0.0000 opticalExtCoeff=0.1510
