[0/2] Re-checking globbed directories...
ninja: no work to do.
----------- Initializing AUV-Based EDC simulation -----------
Use sweeps like: ./ns3 run "scratch/edc --trafficLoad=1 --nodes=126"

----------- AUV-Based EDC UW-LSN summary -----------
Paper setup: MAC=Underwater MAC, UDP-like packets, omni acoustic, BW=25000 Hz, rate=31200 bps, simTime=23450 s, trafficStop=4000 s, protocol=contribution, auvCollectionMedium=optical, energyModel=hardware, matchHybridQueues=0, ddnBufferPolicy=priority, nodeIdlePowerW=0.0005
Acoustic MAC: aloha (hop ACKs off; end-to-end retry)
Topology: BSN=144 DRN=36 DDN=8 SINK=15 sinkPlacement=hybrid AUV=1 length=12600 m pipelineDepth=1000 m ddnEomOffset=500 m
Ranges: BSN=100 DRN=250 DDN=400 DDN-AUV=400 SINK=500 m
AUV: speed=6.087 km/h contactDepth=500 m sinusAmplitude=0 m completePatrolInSimTime=0
UWOC: waterType=clear-ocean c=0.151 1/m opticalRange=30 m dataRate=2.5e+06 bps pointingSigma=0.75 m pointingCoherence=60 s m divergence=30 deg disableOpticalLoss=0
Traffic: load=0.05 pkt/s payloadBytes(H/M/L)=64/256/25000 ddnContactPacketsPerTick=0 sinkContactPacketsPerTick=0
Generated=161 gatewayOriginated=108 reachedDDN=161 collectedByAUV=110 deliveredToSink=161 directCriticalToSink=10 directMediumToSink=41 directLowToSink=0 mediumFallbackRhoMax=0.4 lowFallbackRhoMax=0 opticalTransfers=110 opticalAttempted=110 opticalLost=0 opticalPending=0 opticalLossPct=0 opticalMeanPktSuccess=1 opticalMeanSnrDb=43.2459 acousticTransfers=1231 acousticTxBytes=3700263 acousticTxAirtimeS=948.785 acousticSourceAttempts=53 acousticRetransmissions=0 acousticRetryExhausted=0 acousticAcks=53 acousticPending=0 directSourceAttempts=51 directRetransmissions=0 directCyclesExhausted=0 directAcks=51 directPending=0 mobileSourceAttempts=0 mobileRetransmissions=0 mobileContactFailures=0 mobileAcks=0 mobilePending=0 auvSurfaceSourceAttempts=146 auvSurfaceRetransmissions=35 auvSurfaceContactFailures=1 auvSurfaceAcks=110 auvSurfacePending=0 energyConsumedJ=5.32272e+06 ddnBuffered=0 auvBuffered=0
Priority: highGenerated=10 mediumGenerated=43 lowGenerated=108 highDelivered=10 mediumDelivered=43 lowDelivered=108
PDR_surface=100.0000 %
AvgDelay_E2E=3538.8875 s  (BSN->surface-sink, includes AUV transit)
Throughput=925.0825 bps
EnergyPerPkt=33060352.4901 mJ/pkt
PDR_DDN=32.9193 %  (BSN->DDN acoustic, comparable to Ahmed 2022)
AvgDelay_acoustic=0.8631 s  (BSN->DDN hop only, ~1-9 s reference range)
Priority_PDR: HIGH=100.0000% MEDIUM=100.0000% LOW=100.0000%
Priority_delay: HIGH=2.8764s MEDIUM=341.3612s LOW=5139.3851s
Priority_miss: HIGH=0.0000% MEDIUM=0.0000% LOW=0.0000%
Priority_energy: HIGH=13.1152 mJ/byte MEDIUM=9.8485 mJ/byte LOW=3.1109 mJ/byte
Node_role_energy: BSN=1666.3904 J DRN=435.4380 J DDN=249.2620 J AUV=5319647.3788 J SINK=718.2816 J dominant=AUV
Node_role_energy_pct: BSN=0.0313% DRN=0.0082% DDN=0.0047% AUV=99.9423% SINK=0.0135%
RESULT nodes=180 protocol=contribution matchHybridQueues=0 ddnBufferPolicy=priority nodeIdlePowerW=0.0005 trafficLoad=0.0500 trafficStop=4000.0000 sinkPlacement=hybrid generated=161 delivered=161 pdr=100.0000 avgDelayE2E=3538.8875 avgDelayAcoustic=0.8631 pdrDDN=32.9193 throughputBps=925.0825 energyJ=5322716.7509 energyPerPktMj=33060352.4901 pdrHigh=100.0000 pdrMedium=100.0000 pdrLow=100.0000 highAvgDelay=2.8764 mediumAvgDelay=341.3612 lowAvgDelay=5139.3851 highMissRatio=0.0000 mediumMissRatio=0.0000 lowMissRatio=0.0000 burstGenerated=0 burstDelivered=0 burstMeanDelay=0.0000 burstDeadlineMiss=0 highDeadlineMiss=0 mediumDeadlineMiss=0 lowDeadlineMiss=0 directCritical=10 bufferDropped=0 bufferDroppedHigh=0 bufferDroppedMedium=0 bufferDroppedLow=0 directLow=0 acousticSourceAttempts=53 acousticRetransmissions=0 acousticRetryExhausted=0 acousticAcks=53 acousticPending=0 directSourceAttempts=51 directRetransmissions=0 directCyclesExhausted=0 directAcks=51 directPending=0 mobileSourceAttempts=0 mobileRetransmissions=0 mobileContactFailures=0 mobileAcks=0 mobilePending=0 auvSurfaceSourceAttempts=146 auvSurfaceRetransmissions=35 auvSurfaceContactFailures=1 auvSurfaceAcks=110 auvSurfacePending=0 optical=110 opticalAttempted=110 opticalLost=0 opticalPending=0 opticalLossPct=0.0000 opticalMeanPktSuccess=1.0000 opticalMeanSnrDb=43.2459 directMedium=41 highEnergyJ=8.3937 mediumEnergyJ=108.4127 lowEnergyJ=8399.4523 bsnEnergyJ=1666.3904 drnEnergyJ=435.4380 ddnEnergyJ=249.2620 auvEnergyJ=5319647.3788 sinkEnergyJ=718.2816 bsnEnergyPct=0.0313 drnEnergyPct=0.0082 ddnEnergyPct=0.0047 auvEnergyPct=99.9423 sinkEnergyPct=0.0135 dominantNodeRole=AUV highEnergyMjByte=13.1152 mediumEnergyMjByte=9.8485 lowEnergyMjByte=3.1109 rhoMax=0.4000 lowRhoMax=0.0000 opticalExtCoeff=0.1510
