[0/2] Re-checking globbed directories...
ninja: no work to do.
----------- Initializing AUV-Based EDC simulation -----------
Use sweeps like: ./ns3 run "scratch/edc --trafficLoad=1 --nodes=126"

----------- AUV-Based EDC UW-LSN summary -----------
Paper setup: MAC=Underwater MAC, UDP-like packets, omni acoustic, BW=25000 Hz, rate=31200 bps, simTime=23450 s, trafficStop=4000 s, protocol=contribution, auvCollectionMedium=optical, energyModel=hardware, matchHybridQueues=0, ddnBufferPolicy=priority, nodeIdlePowerW=0.0005
Acoustic MAC: aloha (hop ACKs off; end-to-end retry)
Topology: BSN=144 DRN=36 DDN=8 SINK=15 sinkPlacement=hybrid AUV=1 length=12600 m pipelineDepth=1000 m ddnEomOffset=500 m
Ranges: BSN=100 DRN=250 DDN=400 DDN-AUV=400 SINK=500 m
AUV: speed=6.087 km/h contactDepth=500 m sinusAmplitude=0 m completePatrolInSimTime=0
UWOC: waterType=clear-ocean c=0.151 1/m opticalRange=30 m dataRate=2.5e+06 bps pointingSigma=0.75 m pointingCoherence=60 s m divergence=30 deg disableOpticalLoss=0
Traffic: load=0.05 pkt/s payloadBytes(H/M/L)=64/256/25000 ddnContactPacketsPerTick=0 sinkContactPacketsPerTick=0
Generated=208 gatewayOriginated=132 reachedDDN=208 collectedByAUV=137 deliveredToSink=204 directCriticalToSink=18 directMediumToSink=49 directLowToSink=0 mediumFallbackRhoMax=0.4 lowFallbackRhoMax=0 opticalTransfers=137 opticalAttempted=137 opticalLost=0 opticalPending=0 opticalLossPct=0 opticalMeanPktSuccess=1 opticalMeanSnrDb=43.2411 acousticTransfers=1609 acousticTxBytes=4781121 acousticTxAirtimeS=1225.93 acousticSourceAttempts=77 acousticRetransmissions=1 acousticRetryExhausted=0 acousticAcks=76 acousticPending=0 directSourceAttempts=67 directRetransmissions=0 directCyclesExhausted=0 directAcks=67 directPending=0 mobileSourceAttempts=0 mobileRetransmissions=0 mobileContactFailures=0 mobileAcks=0 mobilePending=0 auvSurfaceSourceAttempts=191 auvSurfaceRetransmissions=54 auvSurfaceContactFailures=0 auvSurfaceAcks=137 auvSurfacePending=0 energyConsumedJ=5.32519e+06 ddnBuffered=0 auvBuffered=0
Priority: highGenerated=18 mediumGenerated=58 lowGenerated=132 highDelivered=18 mediumDelivered=54 lowDelivered=132
PDR_surface=98.0769 %
AvgDelay_E2E=4012.6363 s  (BSN->surface-sink, includes AUV transit)
Throughput=1130.9087 bps
EnergyPerPkt=26103849.3829 mJ/pkt
PDR_DDN=36.5385 %  (BSN->DDN acoustic, comparable to Ahmed 2022)
AvgDelay_acoustic=0.9729 s  (BSN->DDN hop only, ~1-9 s reference range)
Priority_PDR: HIGH=100.0000% MEDIUM=93.1034% LOW=100.0000%
Priority_delay: HIGH=2.9580s MEDIUM=337.1975s LOW=6062.9992s
Priority_miss: HIGH=0.0000% MEDIUM=6.8966% LOW=0.0000%
Priority_energy: HIGH=13.4379 mJ/byte MEDIUM=10.0328 mJ/byte LOW=3.2820 mJ/byte
Node_role_energy: BSN=1682.5954 J DRN=445.5543 J DDN=285.7801 J AUV=5321847.0920 J SINK=924.2523 J dominant=AUV
Node_role_energy_pct: BSN=0.0316% DRN=0.0084% DDN=0.0054% AUV=99.9373% SINK=0.0174%
RESULT nodes=180 protocol=contribution matchHybridQueues=0 ddnBufferPolicy=priority nodeIdlePowerW=0.0005 trafficLoad=0.0500 trafficStop=4000.0000 sinkPlacement=hybrid generated=208 delivered=204 pdr=98.0769 avgDelayE2E=4012.6363 avgDelayAcoustic=0.9729 pdrDDN=36.5385 throughputBps=1130.9087 energyJ=5325185.2741 energyPerPktMj=26103849.3829 pdrHigh=100.0000 pdrMedium=93.1034 pdrLow=100.0000 highAvgDelay=2.9580 mediumAvgDelay=337.1975 lowAvgDelay=6062.9992 highMissRatio=0.0000 mediumMissRatio=6.8966 lowMissRatio=0.0000 burstGenerated=0 burstDelivered=0 burstMeanDelay=0.0000 burstDeadlineMiss=0 highDeadlineMiss=0 mediumDeadlineMiss=0 lowDeadlineMiss=0 directCritical=18 bufferDropped=0 bufferDroppedHigh=0 bufferDroppedMedium=0 bufferDroppedLow=0 directLow=0 acousticSourceAttempts=77 acousticRetransmissions=1 acousticRetryExhausted=0 acousticAcks=76 acousticPending=0 directSourceAttempts=67 directRetransmissions=0 directCyclesExhausted=0 directAcks=67 directPending=0 mobileSourceAttempts=0 mobileRetransmissions=0 mobileContactFailures=0 mobileAcks=0 mobilePending=0 auvSurfaceSourceAttempts=191 auvSurfaceRetransmissions=54 auvSurfaceContactFailures=0 auvSurfaceAcks=137 auvSurfacePending=0 optical=137 opticalAttempted=137 opticalLost=0 opticalPending=0 opticalLossPct=0.0000 opticalMeanPktSuccess=1.0000 opticalMeanSnrDb=43.2411 directMedium=49 highEnergyJ=15.4805 mediumEnergyJ=138.6935 lowEnergyJ=10830.6080 bsnEnergyJ=1682.5954 drnEnergyJ=445.5543 ddnEnergyJ=285.7801 auvEnergyJ=5321847.0920 sinkEnergyJ=924.2523 bsnEnergyPct=0.0316 drnEnergyPct=0.0084 ddnEnergyPct=0.0054 auvEnergyPct=99.9373 sinkEnergyPct=0.0174 dominantNodeRole=AUV highEnergyMjByte=13.4379 mediumEnergyMjByte=10.0328 lowEnergyMjByte=3.2820 rhoMax=0.4000 lowRhoMax=0.0000 opticalExtCoeff=0.1510
