[0/2] Re-checking globbed directories...
ninja: no work to do.
----------- Initializing AUV-Based EDC simulation -----------
Use sweeps like: ./ns3 run "scratch/edc --trafficLoad=1 --nodes=126"

----------- AUV-Based EDC UW-LSN summary -----------
Paper setup: MAC=Underwater MAC, UDP-like packets, omni acoustic, BW=25000 Hz, rate=31200 bps, simTime=23450 s, trafficStop=4000 s, protocol=contribution, auvCollectionMedium=optical, energyModel=hardware, matchHybridQueues=0, ddnBufferPolicy=priority, nodeIdlePowerW=0.0005
Acoustic MAC: aloha (hop ACKs off; end-to-end retry)
Topology: BSN=144 DRN=36 DDN=8 SINK=15 sinkPlacement=hybrid AUV=1 length=12600 m pipelineDepth=1000 m ddnEomOffset=500 m
Ranges: BSN=100 DRN=250 DDN=400 DDN-AUV=400 SINK=500 m
AUV: speed=6.087 km/h contactDepth=500 m sinusAmplitude=0 m completePatrolInSimTime=0
UWOC: waterType=clear-ocean c=0.151 1/m opticalRange=30 m dataRate=2.5e+06 bps pointingSigma=0.75 m pointingCoherence=60 s m divergence=30 deg disableOpticalLoss=0
Traffic: load=0.05 pkt/s payloadBytes(H/M/L)=64/256/25000 ddnContactPacketsPerTick=0 sinkContactPacketsPerTick=0
Generated=190 gatewayOriginated=126 reachedDDN=190 collectedByAUV=129 deliveredToSink=189 directCriticalToSink=19 directMediumToSink=41 directLowToSink=0 mediumFallbackRhoMax=0.4 lowFallbackRhoMax=0 opticalTransfers=129 opticalAttempted=129 opticalLost=0 opticalPending=0 opticalLossPct=0 opticalMeanPktSuccess=1 opticalMeanSnrDb=43.0406 acousticTransfers=1529 acousticTxBytes=4640169 acousticTxAirtimeS=1189.79 acousticSourceAttempts=65 acousticRetransmissions=1 acousticRetryExhausted=0 acousticAcks=64 acousticPending=0 directSourceAttempts=60 directRetransmissions=0 directCyclesExhausted=0 directAcks=60 directPending=0 mobileSourceAttempts=0 mobileRetransmissions=0 mobileContactFailures=0 mobileAcks=0 mobilePending=0 auvSurfaceSourceAttempts=184 auvSurfaceRetransmissions=54 auvSurfaceContactFailures=1 auvSurfaceAcks=129 auvSurfacePending=0 energyConsumedJ=5.32485e+06 ddnBuffered=0 auvBuffered=0
Priority: highGenerated=19 mediumGenerated=45 lowGenerated=126 highDelivered=19 mediumDelivered=44 lowDelivered=126
PDR_surface=99.4737 %
AvgDelay_E2E=4035.1171 s  (BSN->surface-sink, includes AUV transit)
Throughput=1078.8844 bps
EnergyPerPkt=28173817.3807 mJ/pkt
PDR_DDN=33.6842 %  (BSN->DDN acoustic, comparable to Ahmed 2022)
AvgDelay_acoustic=0.9621 s  (BSN->DDN hop only, ~1-9 s reference range)
Priority_PDR: HIGH=100.0000% MEDIUM=97.7778% LOW=100.0000%
Priority_delay: HIGH=2.7955s MEDIUM=309.8774s LOW=5944.0430s
Priority_miss: HIGH=0.0000% MEDIUM=2.2222% LOW=0.0000%
Priority_energy: HIGH=13.7582 mJ/byte MEDIUM=9.5921 mJ/byte LOW=3.3417 mJ/byte
Node_role_energy: BSN=1672.1803 J DRN=434.0614 J DDN=273.2136 J AUV=5321581.6771 J SINK=890.3526 J dominant=AUV
Node_role_energy_pct: BSN=0.0314% DRN=0.0082% DDN=0.0051% AUV=99.9386% SINK=0.0167%
RESULT nodes=180 protocol=contribution matchHybridQueues=0 ddnBufferPolicy=priority nodeIdlePowerW=0.0005 trafficLoad=0.0500 trafficStop=4000.0000 sinkPlacement=hybrid generated=190 delivered=189 pdr=99.4737 avgDelayE2E=4035.1171 avgDelayAcoustic=0.9621 pdrDDN=33.6842 throughputBps=1078.8844 energyJ=5324851.4849 energyPerPktMj=28173817.3807 pdrHigh=100.0000 pdrMedium=97.7778 pdrLow=100.0000 highAvgDelay=2.7955 mediumAvgDelay=309.8774 lowAvgDelay=5944.0430 highMissRatio=0.0000 mediumMissRatio=2.2222 lowMissRatio=0.0000 burstGenerated=0 burstDelivered=0 burstMeanDelay=0.0000 burstDeadlineMiss=0 highDeadlineMiss=0 mediumDeadlineMiss=0 lowDeadlineMiss=0 directCritical=19 bufferDropped=0 bufferDroppedHigh=0 bufferDroppedMedium=0 bufferDroppedLow=0 directLow=0 acousticSourceAttempts=65 acousticRetransmissions=1 acousticRetryExhausted=0 acousticAcks=64 acousticPending=0 directSourceAttempts=60 directRetransmissions=0 directCyclesExhausted=0 directAcks=60 directPending=0 mobileSourceAttempts=0 mobileRetransmissions=0 mobileContactFailures=0 mobileAcks=0 mobilePending=0 auvSurfaceSourceAttempts=184 auvSurfaceRetransmissions=54 auvSurfaceContactFailures=1 auvSurfaceAcks=129 auvSurfacePending=0 optical=129 opticalAttempted=129 opticalLost=0 opticalPending=0 opticalLossPct=0.0000 opticalMeanPktSuccess=1.0000 opticalMeanSnrDb=43.0406 directMedium=41 highEnergyJ=16.7300 mediumEnergyJ=108.0450 lowEnergyJ=10526.2178 bsnEnergyJ=1672.1803 drnEnergyJ=434.0614 ddnEnergyJ=273.2136 auvEnergyJ=5321581.6771 sinkEnergyJ=890.3526 bsnEnergyPct=0.0314 drnEnergyPct=0.0082 ddnEnergyPct=0.0051 auvEnergyPct=99.9386 sinkEnergyPct=0.0167 dominantNodeRole=AUV highEnergyMjByte=13.7582 mediumEnergyMjByte=9.5921 lowEnergyMjByte=3.3417 rhoMax=0.4000 lowRhoMax=0.0000 opticalExtCoeff=0.1510
