[0/2] Re-checking globbed directories...
ninja: no work to do.
----------- Initializing AUV-Based EDC simulation -----------
Use sweeps like: ./ns3 run "scratch/edc --trafficLoad=1 --nodes=126"

----------- AUV-Based EDC UW-LSN summary -----------
Paper setup: MAC=Underwater MAC, UDP-like packets, omni acoustic, BW=25000 Hz, rate=31200 bps, simTime=23450 s, trafficStop=4000 s, protocol=contribution, auvCollectionMedium=optical, energyModel=hardware, matchHybridQueues=0, ddnBufferPolicy=priority, nodeIdlePowerW=0.0005
Acoustic MAC: aloha (hop ACKs off; end-to-end retry)
Topology: BSN=144 DRN=36 DDN=8 SINK=15 sinkPlacement=hybrid AUV=1 length=12600 m pipelineDepth=1000 m ddnEomOffset=500 m
Ranges: BSN=100 DRN=250 DDN=400 DDN-AUV=400 SINK=500 m
AUV: speed=6.087 km/h contactDepth=500 m sinusAmplitude=0 m completePatrolInSimTime=0
UWOC: waterType=clear-ocean c=0.151 1/m opticalRange=30 m dataRate=2.5e+06 bps pointingSigma=0.75 m pointingCoherence=60 s m divergence=30 deg disableOpticalLoss=0
Traffic: load=0.05 pkt/s payloadBytes(H/M/L)=64/256/25000 ddnContactPacketsPerTick=0 sinkContactPacketsPerTick=0
Generated=200 gatewayOriginated=117 reachedDDN=200 collectedByAUV=122 deliveredToSink=198 directCriticalToSink=20 directMediumToSink=56 directLowToSink=0 mediumFallbackRhoMax=0.4 lowFallbackRhoMax=0 opticalTransfers=122 opticalAttempted=122 opticalLost=0 opticalPending=0 opticalLossPct=0 opticalMeanPktSuccess=1 opticalMeanSnrDb=43.1294 acousticTransfers=1424 acousticTxBytes=3983904 acousticTxAirtimeS=1021.51 acousticSourceAttempts=84 acousticRetransmissions=1 acousticRetryExhausted=0 acousticAcks=83 acousticPending=0 directSourceAttempts=76 directRetransmissions=0 directCyclesExhausted=0 directAcks=76 directPending=0 mobileSourceAttempts=0 mobileRetransmissions=0 mobileContactFailures=0 mobileAcks=0 mobilePending=0 auvSurfaceSourceAttempts=159 auvSurfaceRetransmissions=37 auvSurfaceContactFailures=0 auvSurfaceAcks=122 auvSurfacePending=0 energyConsumedJ=5.32337e+06 ddnBuffered=0 auvBuffered=0
Priority: highGenerated=20 mediumGenerated=63 lowGenerated=117 highDelivered=20 mediumDelivered=61 lowDelivered=117
PDR_surface=99.0000 %
AvgDelay_E2E=3640.4939 s  (BSN->surface-sink, includes AUV transit)
Throughput=1003.6319 bps
EnergyPerPkt=26885686.5495 mJ/pkt
PDR_DDN=41.5000 %  (BSN->DDN acoustic, comparable to Ahmed 2022)
AvgDelay_acoustic=0.9688 s  (BSN->DDN hop only, ~1-9 s reference range)
Priority_PDR: HIGH=100.0000% MEDIUM=96.8254% LOW=100.0000%
Priority_delay: HIGH=2.9254s MEDIUM=372.3143s LOW=5966.2231s
Priority_miss: HIGH=0.0000% MEDIUM=3.1746% LOW=0.0000%
Priority_energy: HIGH=12.0756 mJ/byte MEDIUM=10.2839 mJ/byte LOW=3.0733 mJ/byte
Node_role_energy: BSN=1696.7752 J DRN=447.4792 J DDN=272.7861 J AUV=5320175.1782 J SINK=773.7182 J dominant=AUV
Node_role_energy_pct: BSN=0.0319% DRN=0.0084% DDN=0.0051% AUV=99.9401% SINK=0.0145%
RESULT nodes=180 protocol=contribution matchHybridQueues=0 ddnBufferPolicy=priority nodeIdlePowerW=0.0005 trafficLoad=0.0500 trafficStop=4000.0000 sinkPlacement=hybrid generated=200 delivered=198 pdr=99.0000 avgDelayE2E=3640.4939 avgDelayAcoustic=0.9688 pdrDDN=41.5000 throughputBps=1003.6319 energyJ=5323365.9368 energyPerPktMj=26885686.5495 pdrHigh=100.0000 pdrMedium=96.8254 pdrLow=100.0000 highAvgDelay=2.9254 mediumAvgDelay=372.3143 lowAvgDelay=5966.2231 highMissRatio=0.0000 mediumMissRatio=3.1746 lowMissRatio=0.0000 burstGenerated=0 burstDelivered=0 burstMeanDelay=0.0000 burstDeadlineMiss=0 highDeadlineMiss=0 mediumDeadlineMiss=0 lowDeadlineMiss=0 directCritical=20 bufferDropped=0 bufferDroppedHigh=0 bufferDroppedMedium=0 bufferDroppedLow=0 directLow=0 acousticSourceAttempts=84 acousticRetransmissions=1 acousticRetryExhausted=0 acousticAcks=83 acousticPending=0 directSourceAttempts=76 directRetransmissions=0 directCyclesExhausted=0 directAcks=76 directPending=0 mobileSourceAttempts=0 mobileRetransmissions=0 mobileContactFailures=0 mobileAcks=0 mobilePending=0 auvSurfaceSourceAttempts=159 auvSurfaceRetransmissions=37 auvSurfaceContactFailures=0 auvSurfaceAcks=122 auvSurfacePending=0 optical=122 opticalAttempted=122 opticalLost=0 opticalPending=0 opticalLossPct=0.0000 opticalMeanPktSuccess=1.0000 opticalMeanSnrDb=43.1294 directMedium=56 highEnergyJ=15.4568 mediumEnergyJ=160.5928 lowEnergyJ=8989.3951 bsnEnergyJ=1696.7752 drnEnergyJ=447.4792 ddnEnergyJ=272.7861 auvEnergyJ=5320175.1782 sinkEnergyJ=773.7182 bsnEnergyPct=0.0319 drnEnergyPct=0.0084 ddnEnergyPct=0.0051 auvEnergyPct=99.9401 sinkEnergyPct=0.0145 dominantNodeRole=AUV highEnergyMjByte=12.0756 mediumEnergyMjByte=10.2839 lowEnergyMjByte=3.0733 rhoMax=0.4000 lowRhoMax=0.0000 opticalExtCoeff=0.1510
