[0/2] Re-checking globbed directories...
ninja: no work to do.
----------- Initializing AUV-Based EDC simulation -----------
Use sweeps like: ./ns3 run "scratch/edc --trafficLoad=1 --nodes=126"

----------- AUV-Based EDC UW-LSN summary -----------
Paper setup: MAC=Underwater MAC, UDP-like packets, omni acoustic, BW=25000 Hz, rate=31200 bps, simTime=23450 s, trafficStop=4000 s, protocol=contribution, auvCollectionMedium=optical, energyModel=hardware, matchHybridQueues=0, ddnBufferPolicy=priority, nodeIdlePowerW=0.0005
Acoustic MAC: aloha (hop ACKs off; end-to-end retry)
Topology: BSN=144 DRN=36 DDN=8 SINK=15 sinkPlacement=hybrid AUV=1 length=12600 m pipelineDepth=1000 m ddnEomOffset=500 m
Ranges: BSN=100 DRN=250 DDN=400 DDN-AUV=400 SINK=500 m
AUV: speed=6.087 km/h contactDepth=500 m sinusAmplitude=0 m completePatrolInSimTime=0
UWOC: waterType=clear-ocean c=0.151 1/m opticalRange=30 m dataRate=2.5e+06 bps pointingSigma=0.75 m pointingCoherence=60 s m divergence=30 deg disableOpticalLoss=0
Traffic: load=0.05 pkt/s payloadBytes(H/M/L)=64/256/25000 ddnContactPacketsPerTick=0 sinkContactPacketsPerTick=0
Generated=205 gatewayOriginated=130 reachedDDN=205 collectedByAUV=135 deliveredToSink=203 directCriticalToSink=21 directMediumToSink=47 directLowToSink=0 mediumFallbackRhoMax=0.4 lowFallbackRhoMax=0 opticalTransfers=135 opticalAttempted=135 opticalLost=0 opticalPending=0 opticalLossPct=0 opticalMeanPktSuccess=1 opticalMeanSnrDb=43.4646 acousticTransfers=1555 acousticTxBytes=4524555 acousticTxAirtimeS=1160.14 acousticSourceAttempts=78 acousticRetransmissions=3 acousticRetryExhausted=0 acousticAcks=75 acousticPending=0 directSourceAttempts=68 directRetransmissions=0 directCyclesExhausted=0 directAcks=68 directPending=0 mobileSourceAttempts=0 mobileRetransmissions=0 mobileContactFailures=0 mobileAcks=0 mobilePending=0 auvSurfaceSourceAttempts=181 auvSurfaceRetransmissions=46 auvSurfaceContactFailures=0 auvSurfaceAcks=135 auvSurfacePending=0 energyConsumedJ=5.32461e+06 ddnBuffered=0 auvBuffered=0
Priority: highGenerated=23 mediumGenerated=52 lowGenerated=130 highDelivered=23 mediumDelivered=50 lowDelivered=130
PDR_surface=99.0244 %
AvgDelay_E2E=3804.5956 s  (BSN->surface-sink, includes AUV transit)
Throughput=1113.6109 bps
EnergyPerPkt=26229602.7876 mJ/pkt
PDR_DDN=36.5854 %  (BSN->DDN acoustic, comparable to Ahmed 2022)
AvgDelay_acoustic=1.2712 s  (BSN->DDN hop only, ~1-9 s reference range)
Priority_PDR: HIGH=100.0000% MEDIUM=96.1538% LOW=100.0000%
Priority_delay: HIGH=16.3991s MEDIUM=331.8631s LOW=5810.4813s
Priority_miss: HIGH=8.6957% MEDIUM=3.8462% LOW=0.0000%
Priority_energy: HIGH=16.7953 mJ/byte MEDIUM=9.3671 mJ/byte LOW=3.1582 mJ/byte
Node_role_energy: BSN=1685.5068 J DRN=434.7365 J DDN=282.6367 J AUV=5321325.9778 J SINK=880.5081 J dominant=AUV
Node_role_energy_pct: BSN=0.0317% DRN=0.0082% DDN=0.0053% AUV=99.9383% SINK=0.0165%
RESULT nodes=180 protocol=contribution matchHybridQueues=0 ddnBufferPolicy=priority nodeIdlePowerW=0.0005 trafficLoad=0.0500 trafficStop=4000.0000 sinkPlacement=hybrid generated=205 delivered=203 pdr=99.0244 avgDelayE2E=3804.5956 avgDelayAcoustic=1.2712 pdrDDN=36.5854 throughputBps=1113.6109 energyJ=5324609.3659 energyPerPktMj=26229602.7876 pdrHigh=100.0000 pdrMedium=96.1538 pdrLow=100.0000 highAvgDelay=16.3991 mediumAvgDelay=331.8631 lowAvgDelay=5810.4813 highMissRatio=8.6957 mediumMissRatio=3.8462 lowMissRatio=0.0000 burstGenerated=0 burstDelivered=0 burstMeanDelay=0.0000 burstDeadlineMiss=0 highDeadlineMiss=2 mediumDeadlineMiss=0 lowDeadlineMiss=0 directCritical=21 bufferDropped=0 bufferDroppedHigh=0 bufferDroppedMedium=0 bufferDroppedLow=0 directLow=0 acousticSourceAttempts=78 acousticRetransmissions=3 acousticRetryExhausted=0 acousticAcks=75 acousticPending=0 directSourceAttempts=68 directRetransmissions=0 directCyclesExhausted=0 directAcks=68 directPending=0 mobileSourceAttempts=0 mobileRetransmissions=0 mobileContactFailures=0 mobileAcks=0 mobilePending=0 auvSurfaceSourceAttempts=181 auvSurfaceRetransmissions=46 auvSurfaceContactFailures=0 auvSurfaceAcks=135 auvSurfacePending=0 optical=135 opticalAttempted=135 opticalLost=0 opticalPending=0 opticalLossPct=0.0000 opticalMeanPktSuccess=1.0000 opticalMeanSnrDb=43.4646 directMedium=47 highEnergyJ=24.7226 mediumEnergyJ=119.8984 lowEnergyJ=10264.2527 bsnEnergyJ=1685.5068 drnEnergyJ=434.7365 ddnEnergyJ=282.6367 auvEnergyJ=5321325.9778 sinkEnergyJ=880.5081 bsnEnergyPct=0.0317 drnEnergyPct=0.0082 ddnEnergyPct=0.0053 auvEnergyPct=99.9383 sinkEnergyPct=0.0165 dominantNodeRole=AUV highEnergyMjByte=16.7953 mediumEnergyMjByte=9.3671 lowEnergyMjByte=3.1582 rhoMax=0.4000 lowRhoMax=0.0000 opticalExtCoeff=0.1510
