[0/2] Re-checking globbed directories...
ninja: no work to do.
----------- Initializing AUV-Based EDC simulation -----------
Use sweeps like: ./ns3 run "scratch/edc --trafficLoad=1 --nodes=126"

----------- AUV-Based EDC UW-LSN summary -----------
Paper setup: MAC=Underwater MAC, UDP-like packets, omni acoustic, BW=25000 Hz, rate=31200 bps, simTime=23450 s, trafficStop=4000 s, protocol=contribution, auvCollectionMedium=optical, energyModel=hardware, matchHybridQueues=0, ddnBufferPolicy=priority, nodeIdlePowerW=0.0005
Acoustic MAC: aloha (hop ACKs off; end-to-end retry)
Topology: BSN=144 DRN=36 DDN=8 SINK=15 sinkPlacement=hybrid AUV=1 length=12600 m pipelineDepth=1000 m ddnEomOffset=500 m
Ranges: BSN=100 DRN=250 DDN=400 DDN-AUV=400 SINK=500 m
AUV: speed=6.087 km/h contactDepth=500 m sinusAmplitude=0 m completePatrolInSimTime=0
UWOC: waterType=clear-ocean c=0.151 1/m opticalRange=30 m dataRate=2.5e+06 bps pointingSigma=0.75 m pointingCoherence=60 s m divergence=30 deg disableOpticalLoss=0
Traffic: load=0.05 pkt/s payloadBytes(H/M/L)=64/256/25000 ddnContactPacketsPerTick=0 sinkContactPacketsPerTick=0
Generated=181 gatewayOriginated=120 reachedDDN=181 collectedByAUV=120 deliveredToSink=181 directCriticalToSink=16 directMediumToSink=45 directLowToSink=0 mediumFallbackRhoMax=0.4 lowFallbackRhoMax=0 opticalTransfers=120 opticalAttempted=120 opticalLost=0 opticalPending=0 opticalLossPct=0 opticalMeanPktSuccess=1 opticalMeanSnrDb=43.2477 acousticTransfers=1435 acousticTxBytes=4336059 acousticTxAirtimeS=1111.81 acousticSourceAttempts=61 acousticRetransmissions=0 acousticRetryExhausted=0 acousticAcks=61 acousticPending=0 directSourceAttempts=61 directRetransmissions=0 directCyclesExhausted=0 directAcks=61 directPending=0 mobileSourceAttempts=0 mobileRetransmissions=0 mobileContactFailures=0 mobileAcks=0 mobilePending=0 auvSurfaceSourceAttempts=169 auvSurfaceRetransmissions=48 auvSurfaceContactFailures=1 auvSurfaceAcks=120 auvSurfacePending=0 energyConsumedJ=5.32416e+06 ddnBuffered=0 auvBuffered=0
Priority: highGenerated=16 mediumGenerated=45 lowGenerated=120 highDelivered=16 mediumDelivered=45 lowDelivered=120
PDR_surface=100.0000 %
AvgDelay_E2E=3466.8504 s  (BSN->surface-sink, includes AUV transit)
Throughput=1027.7336 bps
EnergyPerPkt=29415269.5159 mJ/pkt
PDR_DDN=33.7017 %  (BSN->DDN acoustic, comparable to Ahmed 2022)
AvgDelay_acoustic=0.7748 s  (BSN->DDN hop only, ~1-9 s reference range)
Priority_PDR: HIGH=100.0000% MEDIUM=100.0000% LOW=100.0000%
Priority_delay: HIGH=2.9173s MEDIUM=120.6146s LOW=5183.5466s
Priority_miss: HIGH=0.0000% MEDIUM=0.0000% LOW=0.0000%
Priority_energy: HIGH=13.4325 mJ/byte MEDIUM=9.5037 mJ/byte LOW=3.2800 mJ/byte
Node_role_energy: BSN=1671.6176 J DRN=433.4823 J DDN=267.5492 J AUV=5320952.5460 J SINK=838.5873 J dominant=AUV
Node_role_energy_pct: BSN=0.0314% DRN=0.0081% DDN=0.0050% AUV=99.9397% SINK=0.0158%
RESULT nodes=180 protocol=contribution matchHybridQueues=0 ddnBufferPolicy=priority nodeIdlePowerW=0.0005 trafficLoad=0.0500 trafficStop=4000.0000 sinkPlacement=hybrid generated=181 delivered=181 pdr=100.0000 avgDelayE2E=3466.8504 avgDelayAcoustic=0.7748 pdrDDN=33.7017 throughputBps=1027.7336 energyJ=5324163.7824 energyPerPktMj=29415269.5159 pdrHigh=100.0000 pdrMedium=100.0000 pdrLow=100.0000 highAvgDelay=2.9173 mediumAvgDelay=120.6146 lowAvgDelay=5183.5466 highMissRatio=0.0000 mediumMissRatio=0.0000 lowMissRatio=0.0000 burstGenerated=0 burstDelivered=0 burstMeanDelay=0.0000 burstDeadlineMiss=0 highDeadlineMiss=0 mediumDeadlineMiss=0 lowDeadlineMiss=0 directCritical=16 bufferDropped=0 bufferDroppedHigh=0 bufferDroppedMedium=0 bufferDroppedLow=0 directLow=0 acousticSourceAttempts=61 acousticRetransmissions=0 acousticRetryExhausted=0 acousticAcks=61 acousticPending=0 directSourceAttempts=61 directRetransmissions=0 directCyclesExhausted=0 directAcks=61 directPending=0 mobileSourceAttempts=0 mobileRetransmissions=0 mobileContactFailures=0 mobileAcks=0 mobilePending=0 auvSurfaceSourceAttempts=169 auvSurfaceRetransmissions=48 auvSurfaceContactFailures=1 auvSurfaceAcks=120 auvSurfacePending=0 optical=120 opticalAttempted=120 opticalLost=0 opticalPending=0 opticalLossPct=0.0000 opticalMeanPktSuccess=1.0000 opticalMeanSnrDb=43.2477 directMedium=45 highEnergyJ=13.7549 mediumEnergyJ=109.4824 lowEnergyJ=9840.0529 bsnEnergyJ=1671.6176 drnEnergyJ=433.4823 ddnEnergyJ=267.5492 auvEnergyJ=5320952.5460 sinkEnergyJ=838.5873 bsnEnergyPct=0.0314 drnEnergyPct=0.0081 ddnEnergyPct=0.0050 auvEnergyPct=99.9397 sinkEnergyPct=0.0158 dominantNodeRole=AUV highEnergyMjByte=13.4325 mediumEnergyMjByte=9.5037 lowEnergyMjByte=3.2800 rhoMax=0.4000 lowRhoMax=0.0000 opticalExtCoeff=0.1510
