[0/2] Re-checking globbed directories...
ninja: no work to do.
----------- Initializing AUV-Based EDC simulation -----------
Use sweeps like: ./ns3 run "scratch/edc --trafficLoad=1 --nodes=126"

----------- AUV-Based EDC UW-LSN summary -----------
Paper setup: MAC=Underwater MAC, UDP-like packets, omni acoustic, BW=25000 Hz, rate=31200 bps, simTime=23450 s, trafficStop=4000 s, protocol=contribution, auvCollectionMedium=optical, energyModel=hardware, matchHybridQueues=0, ddnBufferPolicy=priority, nodeIdlePowerW=0.0005
Acoustic MAC: aloha (hop ACKs off; end-to-end retry)
Topology: BSN=144 DRN=36 DDN=8 SINK=15 sinkPlacement=hybrid AUV=1 length=12600 m pipelineDepth=1000 m ddnEomOffset=500 m
Ranges: BSN=100 DRN=250 DDN=400 DDN-AUV=400 SINK=500 m
AUV: speed=6.087 km/h contactDepth=500 m sinusAmplitude=0 m completePatrolInSimTime=0
UWOC: waterType=clear-ocean c=0.151 1/m opticalRange=30 m dataRate=2.5e+06 bps pointingSigma=0.75 m pointingCoherence=60 s m divergence=30 deg disableOpticalLoss=0
Traffic: load=0.05 pkt/s payloadBytes(H/M/L)=64/256/25000 ddnContactPacketsPerTick=0 sinkContactPacketsPerTick=0
Generated=184 gatewayOriginated=98 reachedDDN=184 collectedByAUV=98 deliveredToSink=179 directCriticalToSink=26 directMediumToSink=55 directLowToSink=0 mediumFallbackRhoMax=0.4 lowFallbackRhoMax=0 opticalTransfers=98 opticalAttempted=98 opticalLost=0 opticalPending=0 opticalLossPct=0 opticalMeanPktSuccess=1 opticalMeanSnrDb=43.5385 acousticTransfers=1269 acousticTxBytes=3396213 acousticTxAirtimeS=870.824 acousticSourceAttempts=86 acousticRetransmissions=0 acousticRetryExhausted=0 acousticAcks=86 acousticPending=0 directSourceAttempts=81 directRetransmissions=0 directCyclesExhausted=0 directAcks=81 directPending=0 mobileSourceAttempts=0 mobileRetransmissions=0 mobileContactFailures=0 mobileAcks=0 mobilePending=0 auvSurfaceSourceAttempts=131 auvSurfaceRetransmissions=33 auvSurfaceContactFailures=0 auvSurfaceAcks=98 auvSurfacePending=0 energyConsumedJ=5.322e+06 ddnBuffered=0 auvBuffered=0
Priority: highGenerated=26 mediumGenerated=60 lowGenerated=98 highDelivered=26 mediumDelivered=55 lowDelivered=98
PDR_surface=97.2826 %
AvgDelay_E2E=2803.7430 s  (BSN->surface-sink, includes AUV transit)
Throughput=841.1920 bps
EnergyPerPkt=29731869.2630 mJ/pkt
PDR_DDN=46.7391 %  (BSN->DDN acoustic, comparable to Ahmed 2022)
AvgDelay_acoustic=0.7742 s  (BSN->DDN hop only, ~1-9 s reference range)
Priority_PDR: HIGH=100.0000% MEDIUM=91.6667% LOW=100.0000%
Priority_delay: HIGH=3.0736s MEDIUM=179.9662s LOW=5019.3055s
Priority_miss: HIGH=0.0000% MEDIUM=8.3333% LOW=0.0000%
Priority_energy: HIGH=14.7066 mJ/byte MEDIUM=9.8583 mJ/byte LOW=3.1187 mJ/byte
Node_role_energy: BSN=1694.3941 J DRN=439.7832 J DDN=250.6303 J AUV=5318963.7846 J SINK=656.0059 J dominant=AUV
Node_role_energy_pct: BSN=0.0318% DRN=0.0083% DDN=0.0047% AUV=99.9429% SINK=0.0123%
RESULT nodes=180 protocol=contribution matchHybridQueues=0 ddnBufferPolicy=priority nodeIdlePowerW=0.0005 trafficLoad=0.0500 trafficStop=4000.0000 sinkPlacement=hybrid generated=184 delivered=179 pdr=97.2826 avgDelayE2E=2803.7430 avgDelayAcoustic=0.7742 pdrDDN=46.7391 throughputBps=841.1920 energyJ=5322004.5981 energyPerPktMj=29731869.2630 pdrHigh=100.0000 pdrMedium=91.6667 pdrLow=100.0000 highAvgDelay=3.0736 mediumAvgDelay=179.9662 lowAvgDelay=5019.3055 highMissRatio=0.0000 mediumMissRatio=8.3333 lowMissRatio=0.0000 burstGenerated=0 burstDelivered=0 burstMeanDelay=0.0000 burstDeadlineMiss=0 highDeadlineMiss=0 mediumDeadlineMiss=0 lowDeadlineMiss=0 directCritical=26 bufferDropped=0 bufferDroppedHigh=0 bufferDroppedMedium=0 bufferDroppedLow=0 directLow=0 acousticSourceAttempts=86 acousticRetransmissions=0 acousticRetryExhausted=0 acousticAcks=86 acousticPending=0 directSourceAttempts=81 directRetransmissions=0 directCyclesExhausted=0 directAcks=81 directPending=0 mobileSourceAttempts=0 mobileRetransmissions=0 mobileContactFailures=0 mobileAcks=0 mobilePending=0 auvSurfaceSourceAttempts=131 auvSurfaceRetransmissions=33 auvSurfaceContactFailures=0 auvSurfaceAcks=98 auvSurfacePending=0 optical=98 opticalAttempted=98 opticalLost=0 opticalPending=0 opticalLossPct=0.0000 opticalMeanPktSuccess=1.0000 opticalMeanSnrDb=43.5385 directMedium=55 highEnergyJ=24.4718 mediumEnergyJ=138.8049 lowEnergyJ=7640.8291 bsnEnergyJ=1694.3941 drnEnergyJ=439.7832 ddnEnergyJ=250.6303 auvEnergyJ=5318963.7846 sinkEnergyJ=656.0059 bsnEnergyPct=0.0318 drnEnergyPct=0.0083 ddnEnergyPct=0.0047 auvEnergyPct=99.9429 sinkEnergyPct=0.0123 dominantNodeRole=AUV highEnergyMjByte=14.7066 mediumEnergyMjByte=9.8583 lowEnergyMjByte=3.1187 rhoMax=0.4000 lowRhoMax=0.0000 opticalExtCoeff=0.1510
