[0/2] Re-checking globbed directories...
ninja: no work to do.
----------- Initializing AUV-Based EDC simulation -----------
Use sweeps like: ./ns3 run "scratch/edc --trafficLoad=1 --nodes=126"

----------- AUV-Based EDC UW-LSN summary -----------
Paper setup: MAC=Underwater MAC, UDP-like packets, omni acoustic, BW=25000 Hz, rate=31200 bps, simTime=23450 s, trafficStop=4000 s, protocol=contribution, auvCollectionMedium=optical, energyModel=hardware, matchHybridQueues=0, ddnBufferPolicy=priority, nodeIdlePowerW=0.0005
Acoustic MAC: aloha (hop ACKs off; end-to-end retry)
Topology: BSN=144 DRN=36 DDN=8 SINK=15 sinkPlacement=hybrid AUV=1 length=12600 m pipelineDepth=1000 m ddnEomOffset=500 m
Ranges: BSN=100 DRN=250 DDN=400 DDN-AUV=400 SINK=500 m
AUV: speed=6.087 km/h contactDepth=500 m sinusAmplitude=0 m completePatrolInSimTime=0
UWOC: waterType=clear-ocean c=0.151 1/m opticalRange=30 m dataRate=2.5e+06 bps pointingSigma=0.75 m pointingCoherence=60 s m divergence=30 deg disableOpticalLoss=0
Traffic: load=0.05 pkt/s payloadBytes(H/M/L)=64/256/25000 ddnContactPacketsPerTick=0 sinkContactPacketsPerTick=0
Generated=214 gatewayOriginated=137 reachedDDN=214 collectedByAUV=138 deliveredToSink=210 directCriticalToSink=21 directMediumToSink=51 directLowToSink=0 mediumFallbackRhoMax=0.4 lowFallbackRhoMax=0 opticalTransfers=138 opticalAttempted=138 opticalLost=0 opticalPending=0 opticalLossPct=0 opticalMeanPktSuccess=1 opticalMeanSnrDb=43.1521 acousticTransfers=1542 acousticTxBytes=4479654 acousticTxAirtimeS=1148.63 acousticSourceAttempts=77 acousticRetransmissions=0 acousticRetryExhausted=0 acousticAcks=77 acousticPending=0 directSourceAttempts=72 directRetransmissions=0 directCyclesExhausted=0 directAcks=72 directPending=0 mobileSourceAttempts=0 mobileRetransmissions=0 mobileContactFailures=0 mobileAcks=0 mobilePending=0 auvSurfaceSourceAttempts=175 auvSurfaceRetransmissions=37 auvSurfaceContactFailures=0 auvSurfaceAcks=138 auvSurfacePending=0 energyConsumedJ=5.32453e+06 ddnBuffered=0 auvBuffered=0
Priority: highGenerated=21 mediumGenerated=56 lowGenerated=137 highDelivered=21 mediumDelivered=52 lowDelivered=137
PDR_surface=98.1308 %
AvgDelay_E2E=4002.1968 s  (BSN->surface-sink, includes AUV transit)
Throughput=1173.4434 bps
EnergyPerPkt=25354907.8817 mJ/pkt
PDR_DDN=35.9813 %  (BSN->DDN acoustic, comparable to Ahmed 2022)
AvgDelay_acoustic=0.8622 s  (BSN->DDN hop only, ~1-9 s reference range)
Priority_PDR: HIGH=100.0000% MEDIUM=92.8571% LOW=100.0000%
Priority_delay: HIGH=2.8599s MEDIUM=152.5929s LOW=6076.3974s
Priority_miss: HIGH=0.0000% MEDIUM=7.1429% LOW=0.0000%
Priority_energy: HIGH=14.0253 mJ/byte MEDIUM=10.3851 mJ/byte LOW=2.9702 mJ/byte
Node_role_energy: BSN=1686.9814 J DRN=444.6306 J DDN=293.7474 J AUV=5321226.1764 J SINK=879.1194 J dominant=AUV
Node_role_energy_pct: BSN=0.0317% DRN=0.0084% DDN=0.0055% AUV=99.9379% SINK=0.0165%
RESULT nodes=180 protocol=contribution matchHybridQueues=0 ddnBufferPolicy=priority nodeIdlePowerW=0.0005 trafficLoad=0.0500 trafficStop=4000.0000 sinkPlacement=hybrid generated=214 delivered=210 pdr=98.1308 avgDelayE2E=4002.1968 avgDelayAcoustic=0.8622 pdrDDN=35.9813 throughputBps=1173.4434 energyJ=5324530.6552 energyPerPktMj=25354907.8817 pdrHigh=100.0000 pdrMedium=92.8571 pdrLow=100.0000 highAvgDelay=2.8599 mediumAvgDelay=152.5929 lowAvgDelay=6076.3974 highMissRatio=0.0000 mediumMissRatio=7.1429 lowMissRatio=0.0000 burstGenerated=0 burstDelivered=0 burstMeanDelay=0.0000 burstDeadlineMiss=0 highDeadlineMiss=0 mediumDeadlineMiss=0 lowDeadlineMiss=0 directCritical=21 bufferDropped=0 bufferDroppedHigh=0 bufferDroppedMedium=0 bufferDroppedLow=0 directLow=0 acousticSourceAttempts=77 acousticRetransmissions=0 acousticRetryExhausted=0 acousticAcks=77 acousticPending=0 directSourceAttempts=72 directRetransmissions=0 directCyclesExhausted=0 directAcks=72 directPending=0 mobileSourceAttempts=0 mobileRetransmissions=0 mobileContactFailures=0 mobileAcks=0 mobilePending=0 auvSurfaceSourceAttempts=175 auvSurfaceRetransmissions=37 auvSurfaceContactFailures=0 auvSurfaceAcks=138 auvSurfacePending=0 optical=138 opticalAttempted=138 opticalLost=0 opticalPending=0 opticalLossPct=0.0000 opticalMeanPktSuccess=1.0000 opticalMeanSnrDb=43.1521 directMedium=51 highEnergyJ=18.8500 mediumEnergyJ=138.2463 lowEnergyJ=10173.0667 bsnEnergyJ=1686.9814 drnEnergyJ=444.6306 ddnEnergyJ=293.7474 auvEnergyJ=5321226.1764 sinkEnergyJ=879.1194 bsnEnergyPct=0.0317 drnEnergyPct=0.0084 ddnEnergyPct=0.0055 auvEnergyPct=99.9379 sinkEnergyPct=0.0165 dominantNodeRole=AUV highEnergyMjByte=14.0253 mediumEnergyMjByte=10.3851 lowEnergyMjByte=2.9702 rhoMax=0.4000 lowRhoMax=0.0000 opticalExtCoeff=0.1510
