[0/2] Re-checking globbed directories...
ninja: no work to do.
----------- Initializing AUV-Based EDC simulation -----------
Use sweeps like: ./ns3 run "scratch/edc --trafficLoad=1 --nodes=126"

----------- AUV-Based EDC UW-LSN summary -----------
Paper setup: MAC=Underwater MAC, UDP-like packets, omni acoustic, BW=25000 Hz, rate=31200 bps, simTime=23450 s, trafficStop=4000 s, protocol=contribution, auvCollectionMedium=optical, energyModel=hardware, matchHybridQueues=0, ddnBufferPolicy=priority, nodeIdlePowerW=0.0005
Acoustic MAC: aloha (hop ACKs off; end-to-end retry)
Topology: BSN=144 DRN=36 DDN=8 SINK=15 sinkPlacement=hybrid AUV=1 length=12600 m pipelineDepth=1000 m ddnEomOffset=500 m
Ranges: BSN=100 DRN=250 DDN=400 DDN-AUV=400 SINK=500 m
AUV: speed=6.087 km/h contactDepth=500 m sinusAmplitude=0 m completePatrolInSimTime=0
UWOC: waterType=clear-ocean c=0.151 1/m opticalRange=30 m dataRate=2.5e+06 bps pointingSigma=0.75 m pointingCoherence=60 s m divergence=30 deg disableOpticalLoss=0
Traffic: load=0.05 pkt/s payloadBytes(H/M/L)=64/256/25000 ddnContactPacketsPerTick=0 sinkContactPacketsPerTick=0
Generated=208 gatewayOriginated=121 reachedDDN=208 collectedByAUV=123 deliveredToSink=195 directCriticalToSink=24 directMediumToSink=48 directLowToSink=0 mediumFallbackRhoMax=0.4 lowFallbackRhoMax=0 opticalTransfers=123 opticalAttempted=123 opticalLost=0 opticalPending=0 opticalLossPct=0 opticalMeanPktSuccess=1 opticalMeanSnrDb=43.446 acousticTransfers=1500 acousticTxBytes=4279020 acousticTxAirtimeS=1097.18 acousticSourceAttempts=87 acousticRetransmissions=0 acousticRetryExhausted=0 acousticAcks=87 acousticPending=0 directSourceAttempts=74 directRetransmissions=2 directCyclesExhausted=0 directAcks=72 directPending=0 mobileSourceAttempts=0 mobileRetransmissions=0 mobileContactFailures=0 mobileAcks=0 mobilePending=0 auvSurfaceSourceAttempts=168 auvSurfaceRetransmissions=44 auvSurfaceContactFailures=1 auvSurfaceAcks=123 auvSurfacePending=0 energyConsumedJ=5.32403e+06 ddnBuffered=0 auvBuffered=0
Priority: highGenerated=24 mediumGenerated=63 lowGenerated=121 highDelivered=24 mediumDelivered=50 lowDelivered=121
PDR_surface=93.7500 %
AvgDelay_E2E=3899.7279 s  (BSN->surface-sink, includes AUV transit)
Throughput=1036.8737 bps
EnergyPerPkt=27302718.2479 mJ/pkt
PDR_DDN=41.8269 %  (BSN->DDN acoustic, comparable to Ahmed 2022)
AvgDelay_acoustic=0.7430 s  (BSN->DDN hop only, ~1-9 s reference range)
Priority_PDR: HIGH=100.0000% MEDIUM=79.3651% LOW=100.0000%
Priority_delay: HIGH=3.5349s MEDIUM=382.5968s LOW=6125.8864s
Priority_miss: HIGH=0.0000% MEDIUM=20.6349% LOW=0.0000%
Priority_energy: HIGH=14.0033 mJ/byte MEDIUM=10.8244 mJ/byte LOW=3.1965 mJ/byte
Node_role_energy: BSN=1689.0093 J DRN=445.1217 J DDN=274.3976 J AUV=5320798.9784 J SINK=822.5514 J dominant=AUV
Node_role_energy_pct: BSN=0.0317% DRN=0.0084% DDN=0.0052% AUV=99.9393% SINK=0.0154%
RESULT nodes=180 protocol=contribution matchHybridQueues=0 ddnBufferPolicy=priority nodeIdlePowerW=0.0005 trafficLoad=0.0500 trafficStop=4000.0000 sinkPlacement=hybrid generated=208 delivered=195 pdr=93.7500 avgDelayE2E=3899.7279 avgDelayAcoustic=0.7430 pdrDDN=41.8269 throughputBps=1036.8737 energyJ=5324030.0583 energyPerPktMj=27302718.2479 pdrHigh=100.0000 pdrMedium=79.3651 pdrLow=100.0000 highAvgDelay=3.5349 mediumAvgDelay=382.5968 lowAvgDelay=6125.8864 highMissRatio=0.0000 mediumMissRatio=20.6349 lowMissRatio=0.0000 burstGenerated=0 burstDelivered=0 burstMeanDelay=0.0000 burstDeadlineMiss=0 highDeadlineMiss=0 mediumDeadlineMiss=0 lowDeadlineMiss=0 directCritical=24 bufferDropped=0 bufferDroppedHigh=0 bufferDroppedMedium=0 bufferDroppedLow=0 directLow=0 acousticSourceAttempts=87 acousticRetransmissions=0 acousticRetryExhausted=0 acousticAcks=87 acousticPending=0 directSourceAttempts=74 directRetransmissions=2 directCyclesExhausted=0 directAcks=72 directPending=0 mobileSourceAttempts=0 mobileRetransmissions=0 mobileContactFailures=0 mobileAcks=0 mobilePending=0 auvSurfaceSourceAttempts=168 auvSurfaceRetransmissions=44 auvSurfaceContactFailures=1 auvSurfaceAcks=123 auvSurfacePending=0 optical=123 opticalAttempted=123 opticalLost=0 opticalPending=0 opticalLossPct=0.0000 opticalMeanPktSuccess=1.0000 opticalMeanSnrDb=43.4460 directMedium=48 highEnergyJ=21.5091 mediumEnergyJ=138.5527 lowEnergyJ=9669.5044 bsnEnergyJ=1689.0093 drnEnergyJ=445.1217 ddnEnergyJ=274.3976 auvEnergyJ=5320798.9784 sinkEnergyJ=822.5514 bsnEnergyPct=0.0317 drnEnergyPct=0.0084 ddnEnergyPct=0.0052 auvEnergyPct=99.9393 sinkEnergyPct=0.0154 dominantNodeRole=AUV highEnergyMjByte=14.0033 mediumEnergyMjByte=10.8244 lowEnergyMjByte=3.1965 rhoMax=0.4000 lowRhoMax=0.0000 opticalExtCoeff=0.1510
