[0/2] Re-checking globbed directories...
ninja: no work to do.
----------- Initializing AUV-Based EDC simulation -----------
Use sweeps like: ./ns3 run "scratch/edc --trafficLoad=1 --nodes=126"

----------- AUV-Based EDC UW-LSN summary -----------
Paper setup: MAC=Underwater MAC, UDP-like packets, omni acoustic, BW=25000 Hz, rate=31200 bps, simTime=23450 s, trafficStop=4000 s, protocol=contribution, auvCollectionMedium=optical, energyModel=hardware, matchHybridQueues=0, ddnBufferPolicy=priority, nodeIdlePowerW=0.0005
Acoustic MAC: aloha (hop ACKs off; end-to-end retry)
Topology: BSN=144 DRN=36 DDN=8 SINK=15 sinkPlacement=hybrid AUV=1 length=12600 m pipelineDepth=1000 m ddnEomOffset=500 m
Ranges: BSN=100 DRN=250 DDN=400 DDN-AUV=400 SINK=500 m
AUV: speed=6.087 km/h contactDepth=500 m sinusAmplitude=0 m completePatrolInSimTime=0
UWOC: waterType=clear-ocean c=0.151 1/m opticalRange=30 m dataRate=2.5e+06 bps pointingSigma=0.75 m pointingCoherence=60 s m divergence=30 deg disableOpticalLoss=0
Traffic: load=0.05 pkt/s payloadBytes(H/M/L)=64/256/25000 ddnContactPacketsPerTick=0 sinkContactPacketsPerTick=0
Generated=197 gatewayOriginated=125 reachedDDN=197 collectedByAUV=125 deliveredToSink=197 directCriticalToSink=18 directMediumToSink=54 directLowToSink=0 mediumFallbackRhoMax=0.4 lowFallbackRhoMax=0 opticalTransfers=125 opticalAttempted=125 opticalLost=0 opticalPending=0 opticalLossPct=0 opticalMeanPktSuccess=1 opticalMeanSnrDb=43.2321 acousticTransfers=1461 acousticTxBytes=4296405 acousticTxAirtimeS=1101.64 acousticSourceAttempts=72 acousticRetransmissions=0 acousticRetryExhausted=0 acousticAcks=72 acousticPending=0 directSourceAttempts=72 directRetransmissions=0 directCyclesExhausted=0 directAcks=72 directPending=0 mobileSourceAttempts=0 mobileRetransmissions=0 mobileContactFailures=0 mobileAcks=0 mobilePending=0 auvSurfaceSourceAttempts=167 auvSurfaceRetransmissions=42 auvSurfaceContactFailures=0 auvSurfaceAcks=125 auvSurfacePending=0 energyConsumedJ=5.32409e+06 ddnBuffered=0 auvBuffered=0
Priority: highGenerated=18 mediumGenerated=54 lowGenerated=125 highDelivered=18 mediumDelivered=54 lowDelivered=125
PDR_surface=100.0000 %
AvgDelay_E2E=3610.5261 s  (BSN->surface-sink, includes AUV transit)
Throughput=1071.2072 bps
EnergyPerPkt=27025821.0903 mJ/pkt
PDR_DDN=36.5482 %  (BSN->DDN acoustic, comparable to Ahmed 2022)
AvgDelay_acoustic=0.7675 s  (BSN->DDN hop only, ~1-9 s reference range)
Priority_PDR: HIGH=100.0000% MEDIUM=100.0000% LOW=100.0000%
Priority_delay: HIGH=2.9546s MEDIUM=134.2328s LOW=5631.7751s
Priority_miss: HIGH=0.0000% MEDIUM=0.0000% LOW=0.0000%
Priority_energy: HIGH=12.8333 mJ/byte MEDIUM=9.4572 mJ/byte LOW=3.1170 mJ/byte
Node_role_energy: BSN=1679.4170 J DRN=440.5383 J DDN=280.0243 J AUV=5320852.8209 J SINK=833.9543 J dominant=AUV
Node_role_energy_pct: BSN=0.0315% DRN=0.0083% DDN=0.0053% AUV=99.9393% SINK=0.0157%
RESULT nodes=180 protocol=contribution matchHybridQueues=0 ddnBufferPolicy=priority nodeIdlePowerW=0.0005 trafficLoad=0.0500 trafficStop=4000.0000 sinkPlacement=hybrid generated=197 delivered=197 pdr=100.0000 avgDelayE2E=3610.5261 avgDelayAcoustic=0.7675 pdrDDN=36.5482 throughputBps=1071.2072 energyJ=5324086.7548 energyPerPktMj=27025821.0903 pdrHigh=100.0000 pdrMedium=100.0000 pdrLow=100.0000 highAvgDelay=2.9546 mediumAvgDelay=134.2328 lowAvgDelay=5631.7751 highMissRatio=0.0000 mediumMissRatio=0.0000 lowMissRatio=0.0000 burstGenerated=0 burstDelivered=0 burstMeanDelay=0.0000 burstDeadlineMiss=0 highDeadlineMiss=0 mediumDeadlineMiss=0 lowDeadlineMiss=0 directCritical=18 bufferDropped=0 bufferDroppedHigh=0 bufferDroppedMedium=0 bufferDroppedLow=0 directLow=0 acousticSourceAttempts=72 acousticRetransmissions=0 acousticRetryExhausted=0 acousticAcks=72 acousticPending=0 directSourceAttempts=72 directRetransmissions=0 directCyclesExhausted=0 directAcks=72 directPending=0 mobileSourceAttempts=0 mobileRetransmissions=0 mobileContactFailures=0 mobileAcks=0 mobilePending=0 auvSurfaceSourceAttempts=167 auvSurfaceRetransmissions=42 auvSurfaceContactFailures=0 auvSurfaceAcks=125 auvSurfacePending=0 optical=125 opticalAttempted=125 opticalLost=0 opticalPending=0 opticalLossPct=0.0000 opticalMeanPktSuccess=1.0000 opticalMeanSnrDb=43.2321 directMedium=54 highEnergyJ=14.7839 mediumEnergyJ=130.7363 lowEnergyJ=9740.7424 bsnEnergyJ=1679.4170 drnEnergyJ=440.5383 ddnEnergyJ=280.0243 auvEnergyJ=5320852.8209 sinkEnergyJ=833.9543 bsnEnergyPct=0.0315 drnEnergyPct=0.0083 ddnEnergyPct=0.0053 auvEnergyPct=99.9393 sinkEnergyPct=0.0157 dominantNodeRole=AUV highEnergyMjByte=12.8333 mediumEnergyMjByte=9.4572 lowEnergyMjByte=3.1170 rhoMax=0.4000 lowRhoMax=0.0000 opticalExtCoeff=0.1510
