[0/2] Re-checking globbed directories...
ninja: no work to do.
----------- Initializing AUV-Based EDC simulation -----------
Use sweeps like: ./ns3 run "scratch/edc --trafficLoad=1 --nodes=126"

----------- AUV-Based EDC UW-LSN summary -----------
Paper setup: MAC=Underwater MAC, UDP-like packets, omni acoustic, BW=25000 Hz, rate=31200 bps, simTime=23450 s, trafficStop=4000 s, protocol=contribution, auvCollectionMedium=optical, energyModel=hardware, matchHybridQueues=0, ddnBufferPolicy=priority, nodeIdlePowerW=0.0005
Acoustic MAC: aloha (hop ACKs off; end-to-end retry)
Topology: BSN=144 DRN=36 DDN=8 SINK=15 sinkPlacement=hybrid AUV=1 length=12600 m pipelineDepth=1000 m ddnEomOffset=500 m
Ranges: BSN=100 DRN=250 DDN=400 DDN-AUV=400 SINK=500 m
AUV: speed=6.087 km/h contactDepth=500 m sinusAmplitude=0 m completePatrolInSimTime=0
UWOC: waterType=clear-ocean c=0.151 1/m opticalRange=30 m dataRate=2.5e+06 bps pointingSigma=0.75 m pointingCoherence=60 s m divergence=30 deg disableOpticalLoss=0
Traffic: load=0.05 pkt/s payloadBytes(H/M/L)=64/256/25000 ddnContactPacketsPerTick=0 sinkContactPacketsPerTick=0
Generated=191 gatewayOriginated=112 reachedDDN=191 collectedByAUV=115 deliveredToSink=191 directCriticalToSink=27 directMediumToSink=49 directLowToSink=0 mediumFallbackRhoMax=0.4 lowFallbackRhoMax=0 opticalTransfers=115 opticalAttempted=117 opticalLost=2 opticalPending=0 opticalLossPct=1.7094 opticalMeanPktSuccess=0.982906 opticalMeanSnrDb=39.5988 acousticTransfers=1456 acousticTxBytes=4124592 acousticTxAirtimeS=1057.59 acousticSourceAttempts=80 acousticRetransmissions=1 acousticRetryExhausted=0 acousticAcks=79 acousticPending=0 directSourceAttempts=77 directRetransmissions=1 directCyclesExhausted=0 directAcks=76 directPending=0 mobileSourceAttempts=0 mobileRetransmissions=0 mobileContactFailures=0 mobileAcks=0 mobilePending=0 auvSurfaceSourceAttempts=163 auvSurfaceRetransmissions=48 auvSurfaceContactFailures=0 auvSurfaceAcks=115 auvSurfacePending=0 energyConsumedJ=5.32367e+06 ddnBuffered=0 auvBuffered=0
Priority: highGenerated=27 mediumGenerated=52 lowGenerated=112 highDelivered=27 mediumDelivered=52 lowDelivered=112
PDR_surface=100.0000 %
AvgDelay_E2E=3189.5811 s  (BSN->surface-sink, includes AUV transit)
Throughput=960.3548 bps
EnergyPerPkt=27872616.7908 mJ/pkt
PDR_DDN=41.3613 %  (BSN->DDN acoustic, comparable to Ahmed 2022)
AvgDelay_acoustic=0.9360 s  (BSN->DDN hop only, ~1-9 s reference range)
Priority_PDR: HIGH=100.0000% MEDIUM=100.0000% LOW=100.0000%
Priority_delay: HIGH=2.8793s MEDIUM=287.8726s LOW=5305.0257s
Priority_miss: HIGH=0.0000% MEDIUM=0.0000% LOW=0.0000%
Priority_energy: HIGH=13.9224 mJ/byte MEDIUM=9.8020 mJ/byte LOW=3.3267 mJ/byte
Node_role_energy: BSN=1687.4971 J DRN=439.4325 J DDN=264.3081 J AUV=5320481.1450 J SINK=797.4244 J dominant=AUV
Node_role_energy_pct: BSN=0.0317% DRN=0.0083% DDN=0.0050% AUV=99.9401% SINK=0.0150%
RESULT nodes=180 protocol=contribution matchHybridQueues=0 ddnBufferPolicy=priority nodeIdlePowerW=0.0005 trafficLoad=0.0500 trafficStop=4000.0000 sinkPlacement=hybrid generated=191 delivered=191 pdr=100.0000 avgDelayE2E=3189.5811 avgDelayAcoustic=0.9360 pdrDDN=41.3613 throughputBps=960.3548 energyJ=5323669.8070 energyPerPktMj=27872616.7908 pdrHigh=100.0000 pdrMedium=100.0000 pdrLow=100.0000 highAvgDelay=2.8793 mediumAvgDelay=287.8726 lowAvgDelay=5305.0257 highMissRatio=0.0000 mediumMissRatio=0.0000 lowMissRatio=0.0000 burstGenerated=0 burstDelivered=0 burstMeanDelay=0.0000 burstDeadlineMiss=0 highDeadlineMiss=0 mediumDeadlineMiss=0 lowDeadlineMiss=0 directCritical=27 bufferDropped=0 bufferDroppedHigh=0 bufferDroppedMedium=0 bufferDroppedLow=0 directLow=0 acousticSourceAttempts=80 acousticRetransmissions=1 acousticRetryExhausted=0 acousticAcks=79 acousticPending=0 directSourceAttempts=77 directRetransmissions=1 directCyclesExhausted=0 directAcks=76 directPending=0 mobileSourceAttempts=0 mobileRetransmissions=0 mobileContactFailures=0 mobileAcks=0 mobilePending=0 auvSurfaceSourceAttempts=163 auvSurfaceRetransmissions=48 auvSurfaceContactFailures=0 auvSurfaceAcks=115 auvSurfacePending=0 optical=115 opticalAttempted=117 opticalLost=2 opticalPending=0 opticalLossPct=1.7094 opticalMeanPktSuccess=0.9829 opticalMeanSnrDb=39.5988 directMedium=49 highEnergyJ=24.0579 mediumEnergyJ=130.4843 lowEnergyJ=9314.7727 bsnEnergyJ=1687.4971 drnEnergyJ=439.4325 ddnEnergyJ=264.3081 auvEnergyJ=5320481.1450 sinkEnergyJ=797.4244 bsnEnergyPct=0.0317 drnEnergyPct=0.0083 ddnEnergyPct=0.0050 auvEnergyPct=99.9401 sinkEnergyPct=0.0150 dominantNodeRole=AUV highEnergyMjByte=13.9224 mediumEnergyMjByte=9.8020 lowEnergyMjByte=3.3267 rhoMax=0.4000 lowRhoMax=0.0000 opticalExtCoeff=0.1510
