[0/2] Re-checking globbed directories...
ninja: no work to do.
----------- Initializing AUV-Based EDC simulation -----------
Use sweeps like: ./ns3 run "scratch/edc --trafficLoad=1 --nodes=126"

----------- AUV-Based EDC UW-LSN summary -----------
Paper setup: MAC=Underwater MAC, UDP-like packets, omni acoustic, BW=25000 Hz, rate=31200 bps, simTime=23450 s, trafficStop=4000 s, protocol=contribution, auvCollectionMedium=optical, energyModel=hardware, matchHybridQueues=0, ddnBufferPolicy=priority, nodeIdlePowerW=0.0005
Acoustic MAC: aloha (hop ACKs off; end-to-end retry)
Topology: BSN=144 DRN=36 DDN=8 SINK=15 sinkPlacement=hybrid AUV=1 length=12600 m pipelineDepth=1000 m ddnEomOffset=500 m
Ranges: BSN=100 DRN=250 DDN=400 DDN-AUV=400 SINK=500 m
AUV: speed=6.087 km/h contactDepth=500 m sinusAmplitude=0 m completePatrolInSimTime=0
UWOC: waterType=clear-ocean c=0.151 1/m opticalRange=30 m dataRate=2.5e+06 bps pointingSigma=0.75 m pointingCoherence=60 s m divergence=30 deg disableOpticalLoss=0
Traffic: load=0.05 pkt/s payloadBytes(H/M/L)=64/256/25000 ddnContactPacketsPerTick=0 sinkContactPacketsPerTick=0
Generated=208 gatewayOriginated=132 reachedDDN=208 collectedByAUV=135 deliveredToSink=207 directCriticalToSink=18 directMediumToSink=54 directLowToSink=0 mediumFallbackRhoMax=0.4 lowFallbackRhoMax=0 opticalTransfers=135 opticalAttempted=135 opticalLost=0 opticalPending=0 opticalLossPct=0 opticalMeanPktSuccess=1 opticalMeanSnrDb=43.2112 acousticTransfers=1539 acousticTxBytes=4505043 acousticTxAirtimeS=1155.14 acousticSourceAttempts=78 acousticRetransmissions=2 acousticRetryExhausted=0 acousticAcks=76 acousticPending=0 directSourceAttempts=72 directRetransmissions=0 directCyclesExhausted=0 directAcks=72 directPending=0 mobileSourceAttempts=0 mobileRetransmissions=0 mobileContactFailures=0 mobileAcks=0 mobilePending=0 auvSurfaceSourceAttempts=178 auvSurfaceRetransmissions=42 auvSurfaceContactFailures=1 auvSurfaceAcks=135 auvSurfacePending=0 energyConsumedJ=5.32457e+06 ddnBuffered=0 auvBuffered=0
Priority: highGenerated=18 mediumGenerated=58 lowGenerated=132 highDelivered=18 mediumDelivered=57 lowDelivered=132
PDR_surface=99.5192 %
AvgDelay_E2E=3918.7808 s  (BSN->surface-sink, includes AUV transit)
Throughput=1131.1707 bps
EnergyPerPkt=25722552.9338 mJ/pkt
PDR_DDN=36.5385 %  (BSN->DDN acoustic, comparable to Ahmed 2022)
AvgDelay_acoustic=1.1310 s  (BSN->DDN hop only, ~1-9 s reference range)
Priority_PDR: HIGH=100.0000% MEDIUM=98.2759% LOW=100.0000%
Priority_delay: HIGH=2.9580s MEDIUM=203.8371s LOW=6056.9369s
Priority_miss: HIGH=0.0000% MEDIUM=1.7241% LOW=0.0000%
Priority_energy: HIGH=13.4379 mJ/byte MEDIUM=9.8006 mJ/byte LOW=3.0938 mJ/byte
Node_role_energy: BSN=1683.4940 J DRN=446.8946 J DDN=288.8181 J AUV=5321275.2721 J SINK=873.9785 J dominant=AUV
Node_role_energy_pct: BSN=0.0316% DRN=0.0084% DDN=0.0054% AUV=99.9382% SINK=0.0164%
RESULT nodes=180 protocol=contribution matchHybridQueues=0 ddnBufferPolicy=priority nodeIdlePowerW=0.0005 trafficLoad=0.0500 trafficStop=4000.0000 sinkPlacement=hybrid generated=208 delivered=207 pdr=99.5192 avgDelayE2E=3918.7808 avgDelayAcoustic=1.1310 pdrDDN=36.5385 throughputBps=1131.1707 energyJ=5324568.4573 energyPerPktMj=25722552.9338 pdrHigh=100.0000 pdrMedium=98.2759 pdrLow=100.0000 highAvgDelay=2.9580 mediumAvgDelay=203.8371 lowAvgDelay=6056.9369 highMissRatio=0.0000 mediumMissRatio=1.7241 lowMissRatio=0.0000 burstGenerated=0 burstDelivered=0 burstMeanDelay=0.0000 burstDeadlineMiss=0 highDeadlineMiss=0 mediumDeadlineMiss=0 lowDeadlineMiss=0 directCritical=18 bufferDropped=0 bufferDroppedHigh=0 bufferDroppedMedium=0 bufferDroppedLow=0 directLow=0 acousticSourceAttempts=78 acousticRetransmissions=2 acousticRetryExhausted=0 acousticAcks=76 acousticPending=0 directSourceAttempts=72 directRetransmissions=0 directCyclesExhausted=0 directAcks=72 directPending=0 mobileSourceAttempts=0 mobileRetransmissions=0 mobileContactFailures=0 mobileAcks=0 mobilePending=0 auvSurfaceSourceAttempts=178 auvSurfaceRetransmissions=42 auvSurfaceContactFailures=1 auvSurfaceAcks=135 auvSurfacePending=0 optical=135 opticalAttempted=135 opticalLost=0 opticalPending=0 opticalLossPct=0.0000 opticalMeanPktSuccess=1.0000 opticalMeanSnrDb=43.2112 directMedium=54 highEnergyJ=15.4805 mediumEnergyJ=143.0102 lowEnergyJ=10209.4745 bsnEnergyJ=1683.4940 drnEnergyJ=446.8946 ddnEnergyJ=288.8181 auvEnergyJ=5321275.2721 sinkEnergyJ=873.9785 bsnEnergyPct=0.0316 drnEnergyPct=0.0084 ddnEnergyPct=0.0054 auvEnergyPct=99.9382 sinkEnergyPct=0.0164 dominantNodeRole=AUV highEnergyMjByte=13.4379 mediumEnergyMjByte=9.8006 lowEnergyMjByte=3.0938 rhoMax=0.4000 lowRhoMax=0.0000 opticalExtCoeff=0.1510
