[0/2] Re-checking globbed directories...
ninja: no work to do.
----------- Initializing AUV-Based EDC simulation -----------
Use sweeps like: ./ns3 run "scratch/edc --trafficLoad=1 --nodes=126"

----------- AUV-Based EDC UW-LSN summary -----------
Paper setup: MAC=Underwater MAC, UDP-like packets, omni acoustic, BW=25000 Hz, rate=31200 bps, simTime=23450 s, trafficStop=4000 s, protocol=contribution, auvCollectionMedium=optical, energyModel=hardware, matchHybridQueues=0, ddnBufferPolicy=priority, nodeIdlePowerW=0.0005
Acoustic MAC: aloha (hop ACKs off; end-to-end retry)
Topology: BSN=144 DRN=36 DDN=8 SINK=15 sinkPlacement=hybrid AUV=1 length=12600 m pipelineDepth=1000 m ddnEomOffset=500 m
Ranges: BSN=100 DRN=250 DDN=400 DDN-AUV=400 SINK=500 m
AUV: speed=6.087 km/h contactDepth=500 m sinusAmplitude=0 m completePatrolInSimTime=0
UWOC: waterType=clear-ocean c=0.151 1/m opticalRange=30 m dataRate=2.5e+06 bps pointingSigma=0.75 m pointingCoherence=60 s m divergence=30 deg disableOpticalLoss=0
Traffic: load=0.05 pkt/s payloadBytes(H/M/L)=64/256/25000 ddnContactPacketsPerTick=0 sinkContactPacketsPerTick=0
Generated=200 gatewayOriginated=117 reachedDDN=200 collectedByAUV=120 deliveredToSink=198 directCriticalToSink=20 directMediumToSink=58 directLowToSink=0 mediumFallbackRhoMax=0.4 lowFallbackRhoMax=0 opticalTransfers=120 opticalAttempted=120 opticalLost=0 opticalPending=0 opticalLossPct=0 opticalMeanPktSuccess=1 opticalMeanSnrDb=43.2096 acousticTransfers=1439 acousticTxBytes=4034583 acousticTxAirtimeS=1034.51 acousticSourceAttempts=84 acousticRetransmissions=1 acousticRetryExhausted=0 acousticAcks=83 acousticPending=0 directSourceAttempts=79 directRetransmissions=1 directCyclesExhausted=0 directAcks=78 directPending=0 mobileSourceAttempts=0 mobileRetransmissions=0 mobileContactFailures=0 mobileAcks=0 mobilePending=0 auvSurfaceSourceAttempts=159 auvSurfaceRetransmissions=39 auvSurfaceContactFailures=0 auvSurfaceAcks=120 auvSurfacePending=0 energyConsumedJ=5.32348e+06 ddnBuffered=0 auvBuffered=0
Priority: highGenerated=20 mediumGenerated=63 lowGenerated=117 highDelivered=20 mediumDelivered=61 lowDelivered=117
PDR_surface=99.0000 %
AvgDelay_E2E=3584.3552 s  (BSN->surface-sink, includes AUV transit)
Throughput=1003.6319 bps
EnergyPerPkt=26886255.2005 mJ/pkt
PDR_DDN=41.5000 %  (BSN->DDN acoustic, comparable to Ahmed 2022)
AvgDelay_acoustic=0.9688 s  (BSN->DDN hop only, ~1-9 s reference range)
Priority_PDR: HIGH=100.0000% MEDIUM=96.8254% LOW=100.0000%
Priority_delay: HIGH=3.5638s MEDIUM=205.2979s LOW=5958.1871s
Priority_miss: HIGH=0.0000% MEDIUM=3.1746% LOW=0.0000%
Priority_energy: HIGH=12.2439 mJ/byte MEDIUM=10.2812 mJ/byte LOW=3.1117 mJ/byte
Node_role_energy: BSN=1696.7752 J DRN=447.4792 J DDN=274.2019 J AUV=5320277.6783 J SINK=782.3951 J dominant=AUV
Node_role_energy_pct: BSN=0.0319% DRN=0.0084% DDN=0.0052% AUV=99.9399% SINK=0.0147%
RESULT nodes=180 protocol=contribution matchHybridQueues=0 ddnBufferPolicy=priority nodeIdlePowerW=0.0005 trafficLoad=0.0500 trafficStop=4000.0000 sinkPlacement=hybrid generated=200 delivered=198 pdr=99.0000 avgDelayE2E=3584.3552 avgDelayAcoustic=0.9688 pdrDDN=41.5000 throughputBps=1003.6319 energyJ=5323478.5297 energyPerPktMj=26886255.2005 pdrHigh=100.0000 pdrMedium=96.8254 pdrLow=100.0000 highAvgDelay=3.5638 mediumAvgDelay=205.2979 lowAvgDelay=5958.1871 highMissRatio=0.0000 mediumMissRatio=3.1746 lowMissRatio=0.0000 burstGenerated=0 burstDelivered=0 burstMeanDelay=0.0000 burstDeadlineMiss=0 highDeadlineMiss=0 mediumDeadlineMiss=0 lowDeadlineMiss=0 directCritical=20 bufferDropped=0 bufferDroppedHigh=0 bufferDroppedMedium=0 bufferDroppedLow=0 directLow=0 acousticSourceAttempts=84 acousticRetransmissions=1 acousticRetryExhausted=0 acousticAcks=83 acousticPending=0 directSourceAttempts=79 directRetransmissions=1 directCyclesExhausted=0 directAcks=78 directPending=0 mobileSourceAttempts=0 mobileRetransmissions=0 mobileContactFailures=0 mobileAcks=0 mobilePending=0 auvSurfaceSourceAttempts=159 auvSurfaceRetransmissions=39 auvSurfaceContactFailures=0 auvSurfaceAcks=120 auvSurfacePending=0 optical=120 opticalAttempted=120 opticalLost=0 opticalPending=0 opticalLossPct=0.0000 opticalMeanPktSuccess=1.0000 opticalMeanSnrDb=43.2096 directMedium=58 highEnergyJ=15.6722 mediumEnergyJ=160.5518 lowEnergyJ=9101.8135 bsnEnergyJ=1696.7752 drnEnergyJ=447.4792 ddnEnergyJ=274.2019 auvEnergyJ=5320277.6783 sinkEnergyJ=782.3951 bsnEnergyPct=0.0319 drnEnergyPct=0.0084 ddnEnergyPct=0.0052 auvEnergyPct=99.9399 sinkEnergyPct=0.0147 dominantNodeRole=AUV highEnergyMjByte=12.2439 mediumEnergyMjByte=10.2812 lowEnergyMjByte=3.1117 rhoMax=0.4000 lowRhoMax=0.0000 opticalExtCoeff=0.1510
