[0/2] Re-checking globbed directories...
ninja: no work to do.
----------- Initializing AUV-Based EDC simulation -----------
Use sweeps like: ./ns3 run "scratch/edc --trafficLoad=1 --nodes=126"

----------- AUV-Based EDC UW-LSN summary -----------
Paper setup: MAC=Underwater MAC, UDP-like packets, omni acoustic, BW=25000 Hz, rate=31200 bps, simTime=23450 s, trafficStop=4000 s, protocol=contribution, auvCollectionMedium=optical, energyModel=hardware, matchHybridQueues=0, ddnBufferPolicy=priority, nodeIdlePowerW=0.0005
Acoustic MAC: aloha (hop ACKs off; end-to-end retry)
Topology: BSN=144 DRN=36 DDN=8 SINK=15 sinkPlacement=hybrid AUV=1 length=12600 m pipelineDepth=1000 m ddnEomOffset=500 m
Ranges: BSN=100 DRN=250 DDN=400 DDN-AUV=400 SINK=500 m
AUV: speed=6.087 km/h contactDepth=500 m sinusAmplitude=0 m completePatrolInSimTime=0
UWOC: waterType=clear-ocean c=0.151 1/m opticalRange=30 m dataRate=2.5e+06 bps pointingSigma=0.75 m pointingCoherence=60 s m divergence=30 deg disableOpticalLoss=0
Traffic: load=0.05 pkt/s payloadBytes(H/M/L)=64/256/25000 ddnContactPacketsPerTick=0 sinkContactPacketsPerTick=0
Generated=201 gatewayOriginated=122 reachedDDN=201 collectedByAUV=125 deliveredToSink=190 directCriticalToSink=15 directMediumToSink=50 directLowToSink=0 mediumFallbackRhoMax=0.4 lowFallbackRhoMax=0 opticalTransfers=125 opticalAttempted=125 opticalLost=0 opticalPending=0 opticalLossPct=0 opticalMeanPktSuccess=1 opticalMeanSnrDb=43.2943 acousticTransfers=1423 acousticTxBytes=4123047 acousticTxAirtimeS=1057.19 acousticSourceAttempts=80 acousticRetransmissions=1 acousticRetryExhausted=0 acousticAcks=79 acousticPending=0 directSourceAttempts=67 directRetransmissions=2 directCyclesExhausted=0 directAcks=65 directPending=0 mobileSourceAttempts=0 mobileRetransmissions=0 mobileContactFailures=0 mobileAcks=0 mobilePending=0 auvSurfaceSourceAttempts=163 auvSurfaceRetransmissions=36 auvSurfaceContactFailures=2 auvSurfaceAcks=125 auvSurfacePending=0 energyConsumedJ=5.32368e+06 ddnBuffered=0 auvBuffered=0
Priority: highGenerated=16 mediumGenerated=63 lowGenerated=122 highDelivered=16 mediumDelivered=52 lowDelivered=122
PDR_surface=94.5274 %
AvgDelay_E2E=4419.2689 s  (BSN->surface-sink, includes AUV transit)
Throughput=1045.4025 bps
EnergyPerPkt=28019392.0832 mJ/pkt
PDR_DDN=39.3035 %  (BSN->DDN acoustic, comparable to Ahmed 2022)
AvgDelay_acoustic=0.9540 s  (BSN->DDN hop only, ~1-9 s reference range)
Priority_PDR: HIGH=100.0000% MEDIUM=82.5397% LOW=100.0000%
Priority_delay: HIGH=6.3559s MEDIUM=398.8469s LOW=6711.6341s
Priority_miss: HIGH=0.0000% MEDIUM=17.4603% LOW=0.0000%
Priority_energy: HIGH=14.1861 mJ/byte MEDIUM=10.4250 mJ/byte LOW=3.0592 mJ/byte
Node_role_energy: BSN=1680.2841 J DRN=447.7857 J DDN=274.9274 J AUV=5320488.7778 J SINK=792.7208 J dominant=AUV
Node_role_energy_pct: BSN=0.0316% DRN=0.0084% DDN=0.0052% AUV=99.9400% SINK=0.0149%
RESULT nodes=180 protocol=contribution matchHybridQueues=0 ddnBufferPolicy=priority nodeIdlePowerW=0.0005 trafficLoad=0.0500 trafficStop=4000.0000 sinkPlacement=hybrid generated=201 delivered=190 pdr=94.5274 avgDelayE2E=4419.2689 avgDelayAcoustic=0.9540 pdrDDN=39.3035 throughputBps=1045.4025 energyJ=5323684.4958 energyPerPktMj=28019392.0832 pdrHigh=100.0000 pdrMedium=82.5397 pdrLow=100.0000 highAvgDelay=6.3559 mediumAvgDelay=398.8469 lowAvgDelay=6711.6341 highMissRatio=0.0000 mediumMissRatio=17.4603 lowMissRatio=0.0000 burstGenerated=0 burstDelivered=0 burstMeanDelay=0.0000 burstDeadlineMiss=0 highDeadlineMiss=0 mediumDeadlineMiss=0 lowDeadlineMiss=0 directCritical=15 bufferDropped=0 bufferDroppedHigh=0 bufferDroppedMedium=0 bufferDroppedLow=0 directLow=0 acousticSourceAttempts=80 acousticRetransmissions=1 acousticRetryExhausted=0 acousticAcks=79 acousticPending=0 directSourceAttempts=67 directRetransmissions=2 directCyclesExhausted=0 directAcks=65 directPending=0 mobileSourceAttempts=0 mobileRetransmissions=0 mobileContactFailures=0 mobileAcks=0 mobilePending=0 auvSurfaceSourceAttempts=163 auvSurfaceRetransmissions=36 auvSurfaceContactFailures=2 auvSurfaceAcks=125 auvSurfacePending=0 optical=125 opticalAttempted=125 opticalLost=0 opticalPending=0 opticalLossPct=0.0000 opticalMeanPktSuccess=1.0000 opticalMeanSnrDb=43.2943 directMedium=50 highEnergyJ=14.5266 mediumEnergyJ=138.7772 lowEnergyJ=9330.6999 bsnEnergyJ=1680.2841 drnEnergyJ=447.7857 ddnEnergyJ=274.9274 auvEnergyJ=5320488.7778 sinkEnergyJ=792.7208 bsnEnergyPct=0.0316 drnEnergyPct=0.0084 ddnEnergyPct=0.0052 auvEnergyPct=99.9400 sinkEnergyPct=0.0149 dominantNodeRole=AUV highEnergyMjByte=14.1861 mediumEnergyMjByte=10.4250 lowEnergyMjByte=3.0592 rhoMax=0.4000 lowRhoMax=0.0000 opticalExtCoeff=0.1510
