[0/2] Re-checking globbed directories...
ninja: no work to do.
----------- Initializing AUV-Based EDC simulation -----------
Use sweeps like: ./ns3 run "scratch/edc --trafficLoad=1 --nodes=126"

----------- AUV-Based EDC UW-LSN summary -----------
Paper setup: MAC=Underwater MAC, UDP-like packets, omni acoustic, BW=25000 Hz, rate=31200 bps, simTime=23450 s, trafficStop=4000 s, protocol=pure-acoustic, auvCollectionMedium=none, energyModel=hardware, matchHybridQueues=1, ddnBufferPolicy=priority, nodeIdlePowerW=0.0005
Acoustic MAC: aloha (hop ACKs off; end-to-end retry)
Topology: BSN=144 DRN=36 DDN=8 SINK=15 sinkPlacement=hybrid AUV=0 length=12600 m pipelineDepth=1000 m ddnEomOffset=500 m
Ranges: BSN=100 DRN=250 DDN=400 DDN-AUV=400 SINK=500 m
AUV: speed=6.087 km/h contactDepth=500 m sinusAmplitude=0 m completePatrolInSimTime=0
UWOC: waterType=clear-ocean c=0.151 1/m opticalRange=30 m dataRate=2.5e+06 bps pointingSigma=0.75 m pointingCoherence=60 s m divergence=30 deg disableOpticalLoss=0
Traffic: load=0.05 pkt/s payloadBytes(H/M/L)=64/256/25000 ddnContactPacketsPerTick=0 sinkContactPacketsPerTick=0
Generated=190 gatewayOriginated=126 reachedDDN=190 collectedByAUV=0 deliveredToSink=190 directCriticalToSink=19 directMediumToSink=45 directLowToSink=126 mediumFallbackRhoMax=0 lowFallbackRhoMax=0 opticalTransfers=0 opticalAttempted=0 opticalLost=0 opticalPending=0 opticalLossPct=0 opticalMeanPktSuccess=0 opticalMeanSnrDb=0 acousticTransfers=1182 acousticTxBytes=3259902 acousticTxAirtimeS=835.872 acousticSourceAttempts=74 acousticRetransmissions=10 acousticRetryExhausted=0 acousticAcks=64 acousticPending=0 directSourceAttempts=190 directRetransmissions=0 directCyclesExhausted=0 directAcks=190 directPending=0 mobileSourceAttempts=0 mobileRetransmissions=0 mobileContactFailures=0 mobileAcks=0 mobilePending=0 auvSurfaceSourceAttempts=0 auvSurfaceRetransmissions=0 auvSurfaceContactFailures=0 auvSurfaceAcks=0 auvSurfacePending=0 energyConsumedJ=9446.52 ddnBuffered=0 auvBuffered=0
Priority: highGenerated=19 mediumGenerated=45 lowGenerated=126 highDelivered=19 mediumDelivered=45 lowDelivered=126
PDR_surface=100.0000 %
AvgDelay_E2E=7.6255 s  (BSN->surface-sink, includes AUV transit)
Throughput=1078.9718 bps
EnergyPerPkt=49718.5302 mJ/pkt
PDR_DDN=33.6842 %  (BSN->DDN acoustic, comparable to Ahmed 2022)
AvgDelay_acoustic=2.8051 s  (BSN->DDN hop only, ~1-9 s reference range)
Priority_PDR: HIGH=100.0000% MEDIUM=100.0000% LOW=100.0000%
Priority_delay: HIGH=2.1113s MEDIUM=4.6535s LOW=9.5184s
Priority_miss: HIGH=0.0000% MEDIUM=0.0000% LOW=0.0000%
Priority_energy: HIGH=14.2984 mJ/byte MEDIUM=10.8330 mJ/byte LOW=2.2838 mJ/byte
Node_role_energy: BSN=1686.2632 J DRN=436.7420 J DDN=6660.5572 J AUV=0.0000 J SINK=662.9584 J dominant=DDN
Node_role_energy_pct: BSN=17.8506% DRN=4.6233% DDN=70.5080% AUV=0.0000% SINK=7.0180%
RESULT nodes=180 protocol=pure-acoustic matchHybridQueues=1 ddnBufferPolicy=priority nodeIdlePowerW=0.0005 trafficLoad=0.0500 trafficStop=4000.0000 sinkPlacement=hybrid generated=190 delivered=190 pdr=100.0000 avgDelayE2E=7.6255 avgDelayAcoustic=2.8051 pdrDDN=33.6842 throughputBps=1078.9718 energyJ=9446.5207 energyPerPktMj=49718.5302 pdrHigh=100.0000 pdrMedium=100.0000 pdrLow=100.0000 highAvgDelay=2.1113 mediumAvgDelay=4.6535 lowAvgDelay=9.5184 highMissRatio=0.0000 mediumMissRatio=0.0000 lowMissRatio=0.0000 burstGenerated=0 burstDelivered=0 burstMeanDelay=0.0000 burstDeadlineMiss=0 highDeadlineMiss=0 mediumDeadlineMiss=0 lowDeadlineMiss=0 directCritical=19 bufferDropped=0 bufferDroppedHigh=0 bufferDroppedMedium=0 bufferDroppedLow=0 directLow=126 acousticSourceAttempts=74 acousticRetransmissions=10 acousticRetryExhausted=0 acousticAcks=64 acousticPending=0 directSourceAttempts=190 directRetransmissions=0 directCyclesExhausted=0 directAcks=190 directPending=0 mobileSourceAttempts=0 mobileRetransmissions=0 mobileContactFailures=0 mobileAcks=0 mobilePending=0 auvSurfaceSourceAttempts=0 auvSurfaceRetransmissions=0 auvSurfaceContactFailures=0 auvSurfaceAcks=0 auvSurfacePending=0 optical=0 opticalAttempted=0 opticalLost=0 opticalPending=0 opticalLossPct=0.0000 opticalMeanPktSuccess=0.0000 opticalMeanSnrDb=0.0000 directMedium=45 highEnergyJ=17.3869 mediumEnergyJ=124.7963 lowEnergyJ=7193.8375 bsnEnergyJ=1686.2632 drnEnergyJ=436.7420 ddnEnergyJ=6660.5572 auvEnergyJ=0.0000 sinkEnergyJ=662.9584 bsnEnergyPct=17.8506 drnEnergyPct=4.6233 ddnEnergyPct=70.5080 auvEnergyPct=0.0000 sinkEnergyPct=7.0180 dominantNodeRole=DDN highEnergyMjByte=14.2984 mediumEnergyMjByte=10.8330 lowEnergyMjByte=2.2838 rhoMax=0.0000 lowRhoMax=0.0000 opticalExtCoeff=0.1510
