[0/2] Re-checking globbed directories...
ninja: no work to do.
----------- Initializing AUV-Based EDC simulation -----------
Use sweeps like: ./ns3 run "scratch/edc --trafficLoad=1 --nodes=126"

----------- AUV-Based EDC UW-LSN summary -----------
Paper setup: MAC=Underwater MAC, UDP-like packets, omni acoustic, BW=25000 Hz, rate=31200 bps, simTime=23450 s, trafficStop=4000 s, protocol=pure-acoustic, auvCollectionMedium=none, energyModel=hardware, matchHybridQueues=1, ddnBufferPolicy=priority, nodeIdlePowerW=0.0005
Acoustic MAC: aloha (hop ACKs off; end-to-end retry)
Topology: BSN=144 DRN=36 DDN=8 SINK=15 sinkPlacement=hybrid AUV=0 length=12600 m pipelineDepth=1000 m ddnEomOffset=500 m
Ranges: BSN=100 DRN=250 DDN=400 DDN-AUV=400 SINK=500 m
AUV: speed=6.087 km/h contactDepth=500 m sinusAmplitude=0 m completePatrolInSimTime=0
UWOC: waterType=clear-ocean c=0.151 1/m opticalRange=30 m dataRate=2.5e+06 bps pointingSigma=0.75 m pointingCoherence=60 s m divergence=30 deg disableOpticalLoss=0
Traffic: load=0.05 pkt/s payloadBytes(H/M/L)=64/256/25000 ddnContactPacketsPerTick=0 sinkContactPacketsPerTick=0
Generated=205 gatewayOriginated=130 reachedDDN=205 collectedByAUV=0 deliveredToSink=205 directCriticalToSink=23 directMediumToSink=52 directLowToSink=130 mediumFallbackRhoMax=0 lowFallbackRhoMax=0 opticalTransfers=0 opticalAttempted=0 opticalLost=0 opticalPending=0 opticalLossPct=0 opticalMeanPktSuccess=0 opticalMeanSnrDb=0 acousticTransfers=1823 acousticTxBytes=5271999 acousticTxAirtimeS=1351.79 acousticSourceAttempts=100 acousticRetransmissions=25 acousticRetryExhausted=0 acousticAcks=75 acousticPending=0 directSourceAttempts=280 directRetransmissions=74 directCyclesExhausted=1 directAcks=205 directPending=0 mobileSourceAttempts=0 mobileRetransmissions=0 mobileContactFailures=0 mobileAcks=0 mobilePending=0 auvSurfaceSourceAttempts=0 auvSurfaceRetransmissions=0 auvSurfaceContactFailures=0 auvSurfaceAcks=0 auvSurfacePending=0 energyConsumedJ=13898.1 ddnBuffered=0 auvBuffered=0
Priority: highGenerated=23 mediumGenerated=52 lowGenerated=130 highDelivered=23 mediumDelivered=52 lowDelivered=130
PDR_surface=100.0000 %
AvgDelay_E2E=30.7149 s  (BSN->surface-sink, includes AUV transit)
Throughput=1113.7856 bps
EnergyPerPkt=67795.7332 mJ/pkt
PDR_DDN=36.5854 %  (BSN->DDN acoustic, comparable to Ahmed 2022)
AvgDelay_acoustic=5.1000 s  (BSN->DDN hop only, ~1-9 s reference range)
Priority_PDR: HIGH=100.0000% MEDIUM=100.0000% LOW=100.0000%
Priority_delay: HIGH=14.4002s MEDIUM=10.2346s LOW=41.7934s
Priority_miss: HIGH=0.0000% MEDIUM=0.0000% LOW=0.0000%
Priority_energy: HIGH=19.8592 mJ/byte MEDIUM=10.4750 mJ/byte LOW=3.5751 mJ/byte
Node_role_energy: BSN=1701.7151 J DRN=441.2417 J DDN=10764.0280 J AUV=0.0000 J SINK=991.1405 J dominant=DDN
Node_role_energy_pct: BSN=12.2442% DRN=3.1748% DDN=77.4495% AUV=0.0000% SINK=7.1315%
RESULT nodes=180 protocol=pure-acoustic matchHybridQueues=1 ddnBufferPolicy=priority nodeIdlePowerW=0.0005 trafficLoad=0.0500 trafficStop=4000.0000 sinkPlacement=hybrid generated=205 delivered=205 pdr=100.0000 avgDelayE2E=30.7149 avgDelayAcoustic=5.1000 pdrDDN=36.5854 throughputBps=1113.7856 energyJ=13898.1253 energyPerPktMj=67795.7332 pdrHigh=100.0000 pdrMedium=100.0000 pdrLow=100.0000 highAvgDelay=14.4002 mediumAvgDelay=10.2346 lowAvgDelay=41.7934 highMissRatio=0.0000 mediumMissRatio=0.0000 lowMissRatio=0.0000 burstGenerated=0 burstDelivered=0 burstMeanDelay=0.0000 burstDeadlineMiss=0 highDeadlineMiss=0 mediumDeadlineMiss=0 lowDeadlineMiss=0 directCritical=23 bufferDropped=0 bufferDroppedHigh=0 bufferDroppedMedium=0 bufferDroppedLow=0 directLow=130 acousticSourceAttempts=100 acousticRetransmissions=25 acousticRetryExhausted=0 acousticAcks=75 acousticPending=0 directSourceAttempts=280 directRetransmissions=74 directCyclesExhausted=1 directAcks=205 directPending=0 mobileSourceAttempts=0 mobileRetransmissions=0 mobileContactFailures=0 mobileAcks=0 mobilePending=0 auvSurfaceSourceAttempts=0 auvSurfaceRetransmissions=0 auvSurfaceContactFailures=0 auvSurfaceAcks=0 auvSurfacePending=0 optical=0 opticalAttempted=0 opticalLost=0 opticalPending=0 opticalLossPct=0.0000 opticalMeanPktSuccess=0.0000 opticalMeanSnrDb=0.0000 directMedium=52 highEnergyJ=29.2328 mediumEnergyJ=139.4426 lowEnergyJ=11618.9499 bsnEnergyJ=1701.7151 drnEnergyJ=441.2417 ddnEnergyJ=10764.0280 auvEnergyJ=0.0000 sinkEnergyJ=991.1405 bsnEnergyPct=12.2442 drnEnergyPct=3.1748 ddnEnergyPct=77.4495 auvEnergyPct=0.0000 sinkEnergyPct=7.1315 dominantNodeRole=DDN highEnergyMjByte=19.8592 mediumEnergyMjByte=10.4750 lowEnergyMjByte=3.5751 rhoMax=0.0000 lowRhoMax=0.0000 opticalExtCoeff=0.1510
