[0/2] Re-checking globbed directories...
ninja: no work to do.
----------- Initializing AUV-Based EDC simulation -----------
Use sweeps like: ./ns3 run "scratch/edc --trafficLoad=1 --nodes=126"

----------- AUV-Based EDC UW-LSN summary -----------
Paper setup: MAC=Underwater MAC, UDP-like packets, omni acoustic, BW=25000 Hz, rate=31200 bps, simTime=23450 s, trafficStop=4000 s, protocol=pure-acoustic, auvCollectionMedium=none, energyModel=hardware, matchHybridQueues=1, ddnBufferPolicy=priority, nodeIdlePowerW=0.0005
Acoustic MAC: aloha (hop ACKs off; end-to-end retry)
Topology: BSN=144 DRN=36 DDN=8 SINK=15 sinkPlacement=hybrid AUV=0 length=12600 m pipelineDepth=1000 m ddnEomOffset=500 m
Ranges: BSN=100 DRN=250 DDN=400 DDN-AUV=400 SINK=500 m
AUV: speed=6.087 km/h contactDepth=500 m sinusAmplitude=0 m completePatrolInSimTime=0
UWOC: waterType=clear-ocean c=0.151 1/m opticalRange=30 m dataRate=2.5e+06 bps pointingSigma=0.75 m pointingCoherence=60 s m divergence=30 deg disableOpticalLoss=0
Traffic: load=0.05 pkt/s payloadBytes(H/M/L)=64/256/25000 ddnContactPacketsPerTick=0 sinkContactPacketsPerTick=0
Generated=184 gatewayOriginated=114 reachedDDN=184 collectedByAUV=0 deliveredToSink=184 directCriticalToSink=21 directMediumToSink=49 directLowToSink=114 mediumFallbackRhoMax=0 lowFallbackRhoMax=0 opticalTransfers=0 opticalAttempted=0 opticalLost=0 opticalPending=0 opticalLossPct=0 opticalMeanPktSuccess=0 opticalMeanSnrDb=0 acousticTransfers=1595 acousticTxBytes=4468155 acousticTxAirtimeS=1145.68 acousticSourceAttempts=107 acousticRetransmissions=37 acousticRetryExhausted=0 acousticAcks=70 acousticPending=0 directSourceAttempts=243 directRetransmissions=58 directCyclesExhausted=1 directAcks=184 directPending=0 mobileSourceAttempts=0 mobileRetransmissions=0 mobileContactFailures=0 mobileAcks=0 mobilePending=0 auvSurfaceSourceAttempts=0 auvSurfaceRetransmissions=0 auvSurfaceContactFailures=0 auvSurfaceAcks=0 auvSurfacePending=0 energyConsumedJ=12103.8 ddnBuffered=0 auvBuffered=0
Priority: highGenerated=21 mediumGenerated=49 lowGenerated=114 highDelivered=21 mediumDelivered=49 lowDelivered=114
PDR_surface=100.0000 %
AvgDelay_E2E=24.9694 s  (BSN->surface-sink, includes AUV transit)
Throughput=977.0194 bps
EnergyPerPkt=65781.7447 mJ/pkt
PDR_DDN=38.0435 %  (BSN->DDN acoustic, comparable to Ahmed 2022)
AvgDelay_acoustic=7.6775 s  (BSN->DDN hop only, ~1-9 s reference range)
Priority_PDR: HIGH=100.0000% MEDIUM=100.0000% LOW=100.0000%
Priority_delay: HIGH=12.4782s MEDIUM=16.6621s LOW=30.8410s
Priority_miss: HIGH=0.0000% MEDIUM=0.0000% LOW=0.0000%
Priority_energy: HIGH=16.4855 mJ/byte MEDIUM=12.3487 mJ/byte LOW=3.4443 mJ/byte
Node_role_energy: BSN=1706.7986 J DRN=447.5549 J DDN=9101.4873 J AUV=0.0000 J SINK=848.0002 J dominant=DDN
Node_role_energy_pct: BSN=14.1013% DRN=3.6976% DDN=75.1950% AUV=0.0000% SINK=7.0060%
RESULT nodes=180 protocol=pure-acoustic matchHybridQueues=1 ddnBufferPolicy=priority nodeIdlePowerW=0.0005 trafficLoad=0.0500 trafficStop=4000.0000 sinkPlacement=hybrid generated=184 delivered=184 pdr=100.0000 avgDelayE2E=24.9694 avgDelayAcoustic=7.6775 pdrDDN=38.0435 throughputBps=977.0194 energyJ=12103.8410 energyPerPktMj=65781.7447 pdrHigh=100.0000 pdrMedium=100.0000 pdrLow=100.0000 highAvgDelay=12.4782 mediumAvgDelay=16.6621 lowAvgDelay=30.8410 highMissRatio=0.0000 mediumMissRatio=0.0000 lowMissRatio=0.0000 burstGenerated=0 burstDelivered=0 burstMeanDelay=0.0000 burstDeadlineMiss=0 highDeadlineMiss=0 mediumDeadlineMiss=0 lowDeadlineMiss=0 directCritical=21 bufferDropped=0 bufferDroppedHigh=0 bufferDroppedMedium=0 bufferDroppedLow=0 directLow=114 acousticSourceAttempts=107 acousticRetransmissions=37 acousticRetryExhausted=0 acousticAcks=70 acousticPending=0 directSourceAttempts=243 directRetransmissions=58 directCyclesExhausted=1 directAcks=184 directPending=0 mobileSourceAttempts=0 mobileRetransmissions=0 mobileContactFailures=0 mobileAcks=0 mobilePending=0 auvSurfaceSourceAttempts=0 auvSurfaceRetransmissions=0 auvSurfaceContactFailures=0 auvSurfaceAcks=0 auvSurfacePending=0 optical=0 opticalAttempted=0 opticalLost=0 opticalPending=0 opticalLossPct=0.0000 opticalMeanPktSuccess=0.0000 opticalMeanSnrDb=0.0000 directMedium=49 highEnergyJ=22.1566 mediumEnergyJ=154.9020 lowEnergyJ=9816.2825 bsnEnergyJ=1706.7986 drnEnergyJ=447.5549 ddnEnergyJ=9101.4873 auvEnergyJ=0.0000 sinkEnergyJ=848.0002 bsnEnergyPct=14.1013 drnEnergyPct=3.6976 ddnEnergyPct=75.1950 auvEnergyPct=0.0000 sinkEnergyPct=7.0060 dominantNodeRole=DDN highEnergyMjByte=16.4855 mediumEnergyMjByte=12.3487 lowEnergyMjByte=3.4443 rhoMax=0.0000 lowRhoMax=0.0000 opticalExtCoeff=0.1510
