[0/2] Re-checking globbed directories...
ninja: no work to do.
----------- Initializing AUV-Based EDC simulation -----------
Use sweeps like: ./ns3 run "scratch/edc --trafficLoad=1 --nodes=126"

----------- AUV-Based EDC UW-LSN summary -----------
Paper setup: MAC=Underwater MAC, UDP-like packets, omni acoustic, BW=25000 Hz, rate=31200 bps, simTime=23450 s, trafficStop=4000 s, protocol=pure-acoustic, auvCollectionMedium=none, energyModel=hardware, matchHybridQueues=1, ddnBufferPolicy=priority, nodeIdlePowerW=0.0005
Acoustic MAC: aloha (hop ACKs off; end-to-end retry)
Topology: BSN=144 DRN=36 DDN=8 SINK=15 sinkPlacement=hybrid AUV=0 length=12600 m pipelineDepth=1000 m ddnEomOffset=500 m
Ranges: BSN=100 DRN=250 DDN=400 DDN-AUV=400 SINK=500 m
AUV: speed=6.087 km/h contactDepth=500 m sinusAmplitude=0 m completePatrolInSimTime=0
UWOC: waterType=clear-ocean c=0.151 1/m opticalRange=30 m dataRate=2.5e+06 bps pointingSigma=0.75 m pointingCoherence=60 s m divergence=30 deg disableOpticalLoss=0
Traffic: load=0.05 pkt/s payloadBytes(H/M/L)=64/256/25000 ddnContactPacketsPerTick=0 sinkContactPacketsPerTick=0
Generated=208 gatewayOriginated=132 reachedDDN=207 collectedByAUV=0 deliveredToSink=207 directCriticalToSink=18 directMediumToSink=57 directLowToSink=132 mediumFallbackRhoMax=0 lowFallbackRhoMax=0 opticalTransfers=0 opticalAttempted=0 opticalLost=0 opticalPending=0 opticalLossPct=0 opticalMeanPktSuccess=0 opticalMeanSnrDb=0 acousticTransfers=1846 acousticTxBytes=5334270 acousticTxAirtimeS=1367.76 acousticSourceAttempts=111 acousticRetransmissions=35 acousticRetryExhausted=1 acousticAcks=75 acousticPending=0 directSourceAttempts=282 directRetransmissions=72 directCyclesExhausted=3 directAcks=207 directPending=0 mobileSourceAttempts=0 mobileRetransmissions=0 mobileContactFailures=0 mobileAcks=0 mobilePending=0 auvSurfaceSourceAttempts=0 auvSurfaceRetransmissions=0 auvSurfaceContactFailures=0 auvSurfaceAcks=0 auvSurfacePending=0 energyConsumedJ=14026.3 ddnBuffered=0 auvBuffered=0
Priority: highGenerated=18 mediumGenerated=58 lowGenerated=132 highDelivered=18 mediumDelivered=57 lowDelivered=132
PDR_surface=99.5192 %
AvgDelay_E2E=28.5193 s  (BSN->surface-sink, includes AUV transit)
Throughput=1131.1707 bps
EnergyPerPkt=67759.9636 mJ/pkt
PDR_DDN=36.0577 %  (BSN->DDN acoustic, comparable to Ahmed 2022)
AvgDelay_acoustic=6.3363 s  (BSN->DDN hop only, ~1-9 s reference range)
Priority_PDR: HIGH=100.0000% MEDIUM=98.2759% LOW=100.0000%
Priority_delay: HIGH=28.2913s MEDIUM=17.1435s LOW=33.4627s
Priority_miss: HIGH=0.0000% MEDIUM=1.7241% LOW=0.0000%
Priority_energy: HIGH=17.2123 mJ/byte MEDIUM=11.8127 mJ/byte LOW=3.5526 mJ/byte
Node_role_energy: BSN=1706.3078 J DRN=457.8743 J DDN=10869.8787 J AUV=0.0000 J SINK=992.2517 J dominant=DDN
Node_role_energy_pct: BSN=12.1650% DRN=3.2644% DDN=77.4963% AUV=0.0000% SINK=7.0742%
RESULT nodes=180 protocol=pure-acoustic matchHybridQueues=1 ddnBufferPolicy=priority nodeIdlePowerW=0.0005 trafficLoad=0.0500 trafficStop=4000.0000 sinkPlacement=hybrid generated=208 delivered=207 pdr=99.5192 avgDelayE2E=28.5193 avgDelayAcoustic=6.3363 pdrDDN=36.0577 throughputBps=1131.1707 energyJ=14026.3125 energyPerPktMj=67759.9636 pdrHigh=100.0000 pdrMedium=98.2759 pdrLow=100.0000 highAvgDelay=28.2913 mediumAvgDelay=17.1435 lowAvgDelay=33.4627 highMissRatio=0.0000 mediumMissRatio=1.7241 lowMissRatio=0.0000 burstGenerated=0 burstDelivered=0 burstMeanDelay=0.0000 burstDeadlineMiss=0 highDeadlineMiss=0 mediumDeadlineMiss=0 lowDeadlineMiss=0 directCritical=18 bufferDropped=0 bufferDroppedHigh=0 bufferDroppedMedium=0 bufferDroppedLow=0 directLow=132 acousticSourceAttempts=111 acousticRetransmissions=35 acousticRetryExhausted=1 acousticAcks=75 acousticPending=0 directSourceAttempts=282 directRetransmissions=72 directCyclesExhausted=3 directAcks=207 directPending=0 mobileSourceAttempts=0 mobileRetransmissions=0 mobileContactFailures=0 mobileAcks=0 mobilePending=0 auvSurfaceSourceAttempts=0 auvSurfaceRetransmissions=0 auvSurfaceContactFailures=0 auvSurfaceAcks=0 auvSurfacePending=0 optical=0 opticalAttempted=0 opticalLost=0 opticalPending=0 opticalLossPct=0.0000 opticalMeanPktSuccess=0.0000 opticalMeanSnrDb=0.0000 directMedium=57 highEnergyJ=19.8285 mediumEnergyJ=172.3716 lowEnergyJ=11723.6123 bsnEnergyJ=1706.3078 drnEnergyJ=457.8743 ddnEnergyJ=10869.8787 auvEnergyJ=0.0000 sinkEnergyJ=992.2517 bsnEnergyPct=12.1650 drnEnergyPct=3.2644 ddnEnergyPct=77.4963 auvEnergyPct=0.0000 sinkEnergyPct=7.0742 dominantNodeRole=DDN highEnergyMjByte=17.2123 mediumEnergyMjByte=11.8127 lowEnergyMjByte=3.5526 rhoMax=0.0000 lowRhoMax=0.0000 opticalExtCoeff=0.1510
