[0/2] Re-checking globbed directories...
ninja: no work to do.
----------- Initializing AUV-Based EDC simulation -----------
Use sweeps like: ./ns3 run "scratch/edc --trafficLoad=1 --nodes=126"

----------- AUV-Based EDC UW-LSN summary -----------
Paper setup: MAC=Underwater MAC, UDP-like packets, omni acoustic, BW=25000 Hz, rate=31200 bps, simTime=23450 s, trafficStop=4000 s, protocol=pure-acoustic, auvCollectionMedium=none, energyModel=hardware, matchHybridQueues=1, ddnBufferPolicy=priority, nodeIdlePowerW=0.0005
Acoustic MAC: aloha (hop ACKs off; end-to-end retry)
Topology: BSN=144 DRN=36 DDN=8 SINK=15 sinkPlacement=hybrid AUV=0 length=12600 m pipelineDepth=1000 m ddnEomOffset=500 m
Ranges: BSN=100 DRN=250 DDN=400 DDN-AUV=400 SINK=500 m
AUV: speed=6.087 km/h contactDepth=500 m sinusAmplitude=0 m completePatrolInSimTime=0
UWOC: waterType=clear-ocean c=0.151 1/m opticalRange=30 m dataRate=2.5e+06 bps pointingSigma=0.75 m pointingCoherence=60 s m divergence=30 deg disableOpticalLoss=0
Traffic: load=0.05 pkt/s payloadBytes(H/M/L)=64/256/25000 ddnContactPacketsPerTick=0 sinkContactPacketsPerTick=0
Generated=161 gatewayOriginated=108 reachedDDN=161 collectedByAUV=0 deliveredToSink=161 directCriticalToSink=10 directMediumToSink=43 directLowToSink=108 mediumFallbackRhoMax=0 lowFallbackRhoMax=0 opticalTransfers=0 opticalAttempted=0 opticalLost=0 opticalPending=0 opticalLossPct=0 opticalMeanPktSuccess=0 opticalMeanSnrDb=0 acousticTransfers=1006 acousticTxBytes=2797566 acousticTxAirtimeS=717.325 acousticSourceAttempts=61 acousticRetransmissions=8 acousticRetryExhausted=0 acousticAcks=53 acousticPending=0 directSourceAttempts=161 directRetransmissions=0 directCyclesExhausted=0 directAcks=161 directPending=0 mobileSourceAttempts=0 mobileRetransmissions=0 mobileContactFailures=0 mobileAcks=0 mobilePending=0 auvSurfaceSourceAttempts=0 auvSurfaceRetransmissions=0 auvSurfaceContactFailures=0 auvSurfaceAcks=0 auvSurfacePending=0 energyConsumedJ=8406.25 ddnBuffered=0 auvBuffered=0
Priority: highGenerated=10 mediumGenerated=43 lowGenerated=108 highDelivered=10 mediumDelivered=43 lowDelivered=108
PDR_surface=100.0000 %
AvgDelay_E2E=7.6064 s  (BSN->surface-sink, includes AUV transit)
Throughput=925.0825 bps
EnergyPerPkt=52212.7286 mJ/pkt
PDR_DDN=32.9193 %  (BSN->DDN acoustic, comparable to Ahmed 2022)
AvgDelay_acoustic=2.8174 s  (BSN->DDN hop only, ~1-9 s reference range)
Priority_PDR: HIGH=100.0000% MEDIUM=100.0000% LOW=100.0000%
Priority_delay: HIGH=2.9348s MEDIUM=4.0822s LOW=9.4420s
Priority_miss: HIGH=0.0000% MEDIUM=0.0000% LOW=0.0000%
Priority_energy: HIGH=13.6116 mJ/byte MEDIUM=10.9821 mJ/byte LOW=2.2838 mJ/byte
Node_role_energy: BSN=1675.8771 J DRN=438.7888 J DDN=5723.2600 J AUV=0.0000 J SINK=568.3235 J dominant=DDN
Node_role_energy_pct: BSN=19.9361% DRN=5.2198% DDN=68.0834% AUV=0.0000% SINK=6.7607%
RESULT nodes=180 protocol=pure-acoustic matchHybridQueues=1 ddnBufferPolicy=priority nodeIdlePowerW=0.0005 trafficLoad=0.0500 trafficStop=4000.0000 sinkPlacement=hybrid generated=161 delivered=161 pdr=100.0000 avgDelayE2E=7.6064 avgDelayAcoustic=2.8174 pdrDDN=32.9193 throughputBps=925.0825 energyJ=8406.2493 energyPerPktMj=52212.7286 pdrHigh=100.0000 pdrMedium=100.0000 pdrLow=100.0000 highAvgDelay=2.9348 mediumAvgDelay=4.0822 lowAvgDelay=9.4420 highMissRatio=0.0000 mediumMissRatio=0.0000 lowMissRatio=0.0000 burstGenerated=0 burstDelivered=0 burstMeanDelay=0.0000 burstDeadlineMiss=0 highDeadlineMiss=0 mediumDeadlineMiss=0 lowDeadlineMiss=0 directCritical=10 bufferDropped=0 bufferDroppedHigh=0 bufferDroppedMedium=0 bufferDroppedLow=0 directLow=108 acousticSourceAttempts=61 acousticRetransmissions=8 acousticRetryExhausted=0 acousticAcks=53 acousticPending=0 directSourceAttempts=161 directRetransmissions=0 directCyclesExhausted=0 directAcks=161 directPending=0 mobileSourceAttempts=0 mobileRetransmissions=0 mobileContactFailures=0 mobileAcks=0 mobilePending=0 auvSurfaceSourceAttempts=0 auvSurfaceRetransmissions=0 auvSurfaceContactFailures=0 auvSurfaceAcks=0 auvSurfacePending=0 optical=0 opticalAttempted=0 opticalLost=0 opticalPending=0 opticalLossPct=0.0000 opticalMeanPktSuccess=0.0000 opticalMeanSnrDb=0.0000 directMedium=43 highEnergyJ=8.7114 mediumEnergyJ=120.8914 lowEnergyJ=6166.1465 bsnEnergyJ=1675.8771 drnEnergyJ=438.7888 ddnEnergyJ=5723.2600 auvEnergyJ=0.0000 sinkEnergyJ=568.3235 bsnEnergyPct=19.9361 drnEnergyPct=5.2198 ddnEnergyPct=68.0834 auvEnergyPct=0.0000 sinkEnergyPct=6.7607 dominantNodeRole=DDN highEnergyMjByte=13.6116 mediumEnergyMjByte=10.9821 lowEnergyMjByte=2.2838 rhoMax=0.0000 lowRhoMax=0.0000 opticalExtCoeff=0.1510
