[0/2] Re-checking globbed directories...
ninja: no work to do.
----------- Initializing AUV-Based EDC simulation -----------
Use sweeps like: ./ns3 run "scratch/edc --trafficLoad=1 --nodes=126"

----------- AUV-Based EDC UW-LSN summary -----------
Paper setup: MAC=Underwater MAC, UDP-like packets, omni acoustic, BW=25000 Hz, rate=31200 bps, simTime=23450 s, trafficStop=4000 s, protocol=pure-acoustic, auvCollectionMedium=none, energyModel=hardware, matchHybridQueues=1, ddnBufferPolicy=priority, nodeIdlePowerW=0.0005
Acoustic MAC: aloha (hop ACKs off; end-to-end retry)
Topology: BSN=144 DRN=36 DDN=8 SINK=15 sinkPlacement=hybrid AUV=0 length=12600 m pipelineDepth=1000 m ddnEomOffset=500 m
Ranges: BSN=100 DRN=250 DDN=400 DDN-AUV=400 SINK=500 m
AUV: speed=6.087 km/h contactDepth=500 m sinusAmplitude=0 m completePatrolInSimTime=0
UWOC: waterType=clear-ocean c=0.151 1/m opticalRange=30 m dataRate=2.5e+06 bps pointingSigma=0.75 m pointingCoherence=60 s m divergence=30 deg disableOpticalLoss=0
Traffic: load=0.05 pkt/s payloadBytes(H/M/L)=64/256/25000 ddnContactPacketsPerTick=0 sinkContactPacketsPerTick=0
Generated=181 gatewayOriginated=120 reachedDDN=181 collectedByAUV=0 deliveredToSink=181 directCriticalToSink=16 directMediumToSink=45 directLowToSink=120 mediumFallbackRhoMax=0 lowFallbackRhoMax=0 opticalTransfers=0 opticalAttempted=0 opticalLost=0 opticalPending=0 opticalLossPct=0 opticalMeanPktSuccess=0 opticalMeanSnrDb=0 acousticTransfers=1598 acousticTxBytes=4678302 acousticTxAirtimeS=1199.56 acousticSourceAttempts=84 acousticRetransmissions=23 acousticRetryExhausted=0 acousticAcks=61 acousticPending=0 directSourceAttempts=243 directRetransmissions=61 directCyclesExhausted=1 directAcks=181 directPending=0 mobileSourceAttempts=0 mobileRetransmissions=0 mobileContactFailures=0 mobileAcks=0 mobilePending=0 auvSurfaceSourceAttempts=0 auvSurfaceRetransmissions=0 auvSurfaceContactFailures=0 auvSurfaceAcks=0 auvSurfacePending=0 energyConsumedJ=12584.5 ddnBuffered=0 auvBuffered=0
Priority: highGenerated=16 mediumGenerated=45 lowGenerated=120 highDelivered=16 mediumDelivered=45 lowDelivered=120
PDR_surface=100.0000 %
AvgDelay_E2E=24.2921 s  (BSN->surface-sink, includes AUV transit)
Throughput=1027.7336 bps
EnergyPerPkt=69527.3857 mJ/pkt
PDR_DDN=33.7017 %  (BSN->DDN acoustic, comparable to Ahmed 2022)
AvgDelay_acoustic=5.7284 s  (BSN->DDN hop only, ~1-9 s reference range)
Priority_PDR: HIGH=100.0000% MEDIUM=100.0000% LOW=100.0000%
Priority_delay: HIGH=18.3548s MEDIUM=11.7831s LOW=29.7746s
Priority_miss: HIGH=0.0000% MEDIUM=0.0000% LOW=0.0000%
Priority_energy: HIGH=20.2343 mJ/byte MEDIUM=10.7696 mJ/byte LOW=3.4431 mJ/byte
Node_role_energy: BSN=1690.8780 J DRN=435.7703 J DDN=9564.4231 J AUV=0.0000 J SINK=893.3854 J dominant=DDN
Node_role_energy_pct: BSN=13.4362% DRN=3.4628% DDN=76.0019% AUV=0.0000% SINK=7.0991%
RESULT nodes=180 protocol=pure-acoustic matchHybridQueues=1 ddnBufferPolicy=priority nodeIdlePowerW=0.0005 trafficLoad=0.0500 trafficStop=4000.0000 sinkPlacement=hybrid generated=181 delivered=181 pdr=100.0000 avgDelayE2E=24.2921 avgDelayAcoustic=5.7284 pdrDDN=33.7017 throughputBps=1027.7336 energyJ=12584.4568 energyPerPktMj=69527.3857 pdrHigh=100.0000 pdrMedium=100.0000 pdrLow=100.0000 highAvgDelay=18.3548 mediumAvgDelay=11.7831 lowAvgDelay=29.7746 highMissRatio=0.0000 mediumMissRatio=0.0000 lowMissRatio=0.0000 burstGenerated=0 burstDelivered=0 burstMeanDelay=0.0000 burstDeadlineMiss=0 highDeadlineMiss=0 mediumDeadlineMiss=0 lowDeadlineMiss=0 directCritical=16 bufferDropped=0 bufferDroppedHigh=0 bufferDroppedMedium=0 bufferDroppedLow=0 directLow=120 acousticSourceAttempts=84 acousticRetransmissions=23 acousticRetryExhausted=0 acousticAcks=61 acousticPending=0 directSourceAttempts=243 directRetransmissions=61 directCyclesExhausted=1 directAcks=181 directPending=0 mobileSourceAttempts=0 mobileRetransmissions=0 mobileContactFailures=0 mobileAcks=0 mobilePending=0 auvSurfaceSourceAttempts=0 auvSurfaceRetransmissions=0 auvSurfaceContactFailures=0 auvSurfaceAcks=0 auvSurfacePending=0 optical=0 opticalAttempted=0 opticalLost=0 opticalPending=0 opticalLossPct=0.0000 opticalMeanPktSuccess=0.0000 opticalMeanSnrDb=0.0000 directMedium=45 highEnergyJ=20.7199 mediumEnergyJ=124.0658 lowEnergyJ=10329.1711 bsnEnergyJ=1690.8780 drnEnergyJ=435.7703 ddnEnergyJ=9564.4231 auvEnergyJ=0.0000 sinkEnergyJ=893.3854 bsnEnergyPct=13.4362 drnEnergyPct=3.4628 ddnEnergyPct=76.0019 auvEnergyPct=0.0000 sinkEnergyPct=7.0991 dominantNodeRole=DDN highEnergyMjByte=20.2343 mediumEnergyMjByte=10.7696 lowEnergyMjByte=3.4431 rhoMax=0.0000 lowRhoMax=0.0000 opticalExtCoeff=0.1510
