[0/2] Re-checking globbed directories...
ninja: no work to do.
----------- Initializing AUV-Based EDC simulation -----------
Use sweeps like: ./ns3 run "scratch/edc --trafficLoad=1 --nodes=126"

----------- AUV-Based EDC UW-LSN summary -----------
Paper setup: MAC=Underwater MAC, UDP-like packets, omni acoustic, BW=25000 Hz, rate=31200 bps, simTime=23450 s, trafficStop=4000 s, protocol=pure-acoustic, auvCollectionMedium=none, energyModel=hardware, matchHybridQueues=1, ddnBufferPolicy=priority, nodeIdlePowerW=0.0005
Acoustic MAC: aloha (hop ACKs off; end-to-end retry)
Topology: BSN=144 DRN=36 DDN=8 SINK=15 sinkPlacement=hybrid AUV=0 length=12600 m pipelineDepth=1000 m ddnEomOffset=500 m
Ranges: BSN=100 DRN=250 DDN=400 DDN-AUV=400 SINK=500 m
AUV: speed=6.087 km/h contactDepth=500 m sinusAmplitude=0 m completePatrolInSimTime=0
UWOC: waterType=clear-ocean c=0.151 1/m opticalRange=30 m dataRate=2.5e+06 bps pointingSigma=0.75 m pointingCoherence=60 s m divergence=30 deg disableOpticalLoss=0
Traffic: load=0.05 pkt/s payloadBytes(H/M/L)=64/256/25000 ddnContactPacketsPerTick=0 sinkContactPacketsPerTick=0
Generated=208 gatewayOriginated=121 reachedDDN=208 collectedByAUV=0 deliveredToSink=208 directCriticalToSink=24 directMediumToSink=63 directLowToSink=121 mediumFallbackRhoMax=0 lowFallbackRhoMax=0 opticalTransfers=0 opticalAttempted=0 opticalLost=0 opticalPending=0 opticalLossPct=0 opticalMeanPktSuccess=0 opticalMeanSnrDb=0 acousticTransfers=1240 acousticTxBytes=3156480 acousticTxAirtimeS=809.354 acousticSourceAttempts=102 acousticRetransmissions=15 acousticRetryExhausted=0 acousticAcks=87 acousticPending=0 directSourceAttempts=208 directRetransmissions=0 directCyclesExhausted=0 directAcks=208 directPending=0 mobileSourceAttempts=0 mobileRetransmissions=0 mobileContactFailures=0 mobileAcks=0 mobilePending=0 auvSurfaceSourceAttempts=0 auvSurfaceRetransmissions=0 auvSurfaceContactFailures=0 auvSurfaceAcks=0 auvSurfacePending=0 energyConsumedJ=9207.63 ddnBuffered=0 auvBuffered=0
Priority: highGenerated=24 mediumGenerated=63 lowGenerated=121 highDelivered=24 mediumDelivered=63 lowDelivered=121
PDR_surface=100.0000 %
AvgDelay_E2E=7.4490 s  (BSN->surface-sink, includes AUV transit)
Throughput=1038.0090 bps
EnergyPerPkt=44267.4534 mJ/pkt
PDR_DDN=41.8269 %  (BSN->DDN acoustic, comparable to Ahmed 2022)
AvgDelay_acoustic=3.0162 s  (BSN->DDN hop only, ~1-9 s reference range)
Priority_PDR: HIGH=100.0000% MEDIUM=100.0000% LOW=100.0000%
Priority_delay: HIGH=2.8665s MEDIUM=5.0666s LOW=9.5983s
Priority_miss: HIGH=0.0000% MEDIUM=0.0000% LOW=0.0000%
Priority_energy: HIGH=14.5414 mJ/byte MEDIUM=10.3191 mJ/byte LOW=2.2838 mJ/byte
Node_role_energy: BSN=1702.4558 J DRN=452.0601 J DDN=6414.2963 J AUV=0.0000 J SINK=638.8181 J dominant=DDN
Node_role_energy_pct: BSN=18.4896% DRN=4.9096% DDN=69.6628% AUV=0.0000% SINK=6.9379%
RESULT nodes=180 protocol=pure-acoustic matchHybridQueues=1 ddnBufferPolicy=priority nodeIdlePowerW=0.0005 trafficLoad=0.0500 trafficStop=4000.0000 sinkPlacement=hybrid generated=208 delivered=208 pdr=100.0000 avgDelayE2E=7.4490 avgDelayAcoustic=3.0162 pdrDDN=41.8269 throughputBps=1038.0090 energyJ=9207.6303 energyPerPktMj=44267.4534 pdrHigh=100.0000 pdrMedium=100.0000 pdrLow=100.0000 highAvgDelay=2.8665 mediumAvgDelay=5.0666 lowAvgDelay=9.5983 highMissRatio=0.0000 mediumMissRatio=0.0000 lowMissRatio=0.0000 burstGenerated=0 burstDelivered=0 burstMeanDelay=0.0000 burstDeadlineMiss=0 highDeadlineMiss=0 mediumDeadlineMiss=0 lowDeadlineMiss=0 directCritical=24 bufferDropped=0 bufferDroppedHigh=0 bufferDroppedMedium=0 bufferDroppedLow=0 directLow=121 acousticSourceAttempts=102 acousticRetransmissions=15 acousticRetryExhausted=0 acousticAcks=87 acousticPending=0 directSourceAttempts=208 directRetransmissions=0 directCyclesExhausted=0 directAcks=208 directPending=0 mobileSourceAttempts=0 mobileRetransmissions=0 mobileContactFailures=0 mobileAcks=0 mobilePending=0 auvSurfaceSourceAttempts=0 auvSurfaceRetransmissions=0 auvSurfaceContactFailures=0 auvSurfaceAcks=0 auvSurfacePending=0 optical=0 opticalAttempted=0 opticalLost=0 opticalPending=0 opticalLossPct=0.0000 opticalMeanPktSuccess=0.0000 opticalMeanSnrDb=0.0000 directMedium=63 highEnergyJ=22.3356 mediumEnergyJ=166.4269 lowEnergyJ=6908.3678 bsnEnergyJ=1702.4558 drnEnergyJ=452.0601 ddnEnergyJ=6414.2963 auvEnergyJ=0.0000 sinkEnergyJ=638.8181 bsnEnergyPct=18.4896 drnEnergyPct=4.9096 ddnEnergyPct=69.6628 auvEnergyPct=0.0000 sinkEnergyPct=6.9379 dominantNodeRole=DDN highEnergyMjByte=14.5414 mediumEnergyMjByte=10.3191 lowEnergyMjByte=2.2838 rhoMax=0.0000 lowRhoMax=0.0000 opticalExtCoeff=0.1510
