[0/2] Re-checking globbed directories...
ninja: no work to do.
----------- Initializing AUV-Based EDC simulation -----------
Use sweeps like: ./ns3 run "scratch/edc --trafficLoad=1 --nodes=126"

----------- AUV-Based EDC UW-LSN summary -----------
Paper setup: MAC=Underwater MAC, UDP-like packets, omni acoustic, BW=25000 Hz, rate=31200 bps, simTime=23450 s, trafficStop=4000 s, protocol=pure-acoustic, auvCollectionMedium=none, energyModel=hardware, matchHybridQueues=1, ddnBufferPolicy=priority, nodeIdlePowerW=0.0005
Acoustic MAC: aloha (hop ACKs off; end-to-end retry)
Topology: BSN=144 DRN=36 DDN=8 SINK=15 sinkPlacement=hybrid AUV=0 length=12600 m pipelineDepth=1000 m ddnEomOffset=500 m
Ranges: BSN=100 DRN=250 DDN=400 DDN-AUV=400 SINK=500 m
AUV: speed=6.087 km/h contactDepth=500 m sinusAmplitude=0 m completePatrolInSimTime=0
UWOC: waterType=clear-ocean c=0.151 1/m opticalRange=30 m dataRate=2.5e+06 bps pointingSigma=0.75 m pointingCoherence=60 s m divergence=30 deg disableOpticalLoss=0
Traffic: load=0.05 pkt/s payloadBytes(H/M/L)=64/256/25000 ddnContactPacketsPerTick=0 sinkContactPacketsPerTick=0
Generated=184 gatewayOriginated=114 reachedDDN=183 collectedByAUV=0 deliveredToSink=183 directCriticalToSink=21 directMediumToSink=48 directLowToSink=114 mediumFallbackRhoMax=0 lowFallbackRhoMax=0 opticalTransfers=0 opticalAttempted=0 opticalLost=0 opticalPending=0 opticalLossPct=0 opticalMeanPktSuccess=0 opticalMeanSnrDb=0 acousticTransfers=1138 acousticTxBytes=2964114 acousticTxAirtimeS=760.029 acousticSourceAttempts=90 acousticRetransmissions=20 acousticRetryExhausted=1 acousticAcks=69 acousticPending=0 directSourceAttempts=183 directRetransmissions=0 directCyclesExhausted=0 directAcks=183 directPending=0 mobileSourceAttempts=0 mobileRetransmissions=0 mobileContactFailures=0 mobileAcks=0 mobilePending=0 auvSurfaceSourceAttempts=0 auvSurfaceRetransmissions=0 auvSurfaceContactFailures=0 auvSurfaceAcks=0 auvSurfacePending=0 energyConsumedJ=8776.31 ddnBuffered=0 auvBuffered=0
Priority: highGenerated=21 mediumGenerated=49 lowGenerated=114 highDelivered=21 mediumDelivered=48 lowDelivered=114
PDR_surface=99.4565 %
AvgDelay_E2E=7.6532 s  (BSN->surface-sink, includes AUV transit)
Throughput=976.9320 bps
EnergyPerPkt=47957.9821 mJ/pkt
PDR_DDN=37.5000 %  (BSN->DDN acoustic, comparable to Ahmed 2022)
AvgDelay_acoustic=3.9724 s  (BSN->DDN hop only, ~1-9 s reference range)
Priority_PDR: HIGH=100.0000% MEDIUM=97.9592% LOW=100.0000%
Priority_delay: HIGH=5.1925s MEDIUM=4.9701s LOW=9.2361s
Priority_miss: HIGH=0.0000% MEDIUM=2.0408% LOW=0.0000%
Priority_energy: HIGH=15.9026 mJ/byte MEDIUM=11.0455 mJ/byte LOW=2.2838 mJ/byte
Node_role_energy: BSN=1691.0324 J DRN=444.1432 J DDN=6040.4255 J AUV=0.0000 J SINK=600.7095 J dominant=DDN
Node_role_energy_pct: BSN=19.2681% DRN=5.0607% DDN=68.8265% AUV=0.0000% SINK=6.8447%
RESULT nodes=180 protocol=pure-acoustic matchHybridQueues=1 ddnBufferPolicy=priority nodeIdlePowerW=0.0005 trafficLoad=0.0500 trafficStop=4000.0000 sinkPlacement=hybrid generated=184 delivered=183 pdr=99.4565 avgDelayE2E=7.6532 avgDelayAcoustic=3.9724 pdrDDN=37.5000 throughputBps=976.9320 energyJ=8776.3107 energyPerPktMj=47957.9821 pdrHigh=100.0000 pdrMedium=97.9592 pdrLow=100.0000 highAvgDelay=5.1925 mediumAvgDelay=4.9701 lowAvgDelay=9.2361 highMissRatio=0.0000 mediumMissRatio=2.0408 lowMissRatio=0.0000 burstGenerated=0 burstDelivered=0 burstMeanDelay=0.0000 burstDeadlineMiss=0 highDeadlineMiss=0 mediumDeadlineMiss=0 lowDeadlineMiss=0 directCritical=21 bufferDropped=0 bufferDroppedHigh=0 bufferDroppedMedium=0 bufferDroppedLow=0 directLow=114 acousticSourceAttempts=90 acousticRetransmissions=20 acousticRetryExhausted=1 acousticAcks=69 acousticPending=0 directSourceAttempts=183 directRetransmissions=0 directCyclesExhausted=0 directAcks=183 directPending=0 mobileSourceAttempts=0 mobileRetransmissions=0 mobileContactFailures=0 mobileAcks=0 mobilePending=0 auvSurfaceSourceAttempts=0 auvSurfaceRetransmissions=0 auvSurfaceContactFailures=0 auvSurfaceAcks=0 auvSurfacePending=0 optical=0 opticalAttempted=0 opticalLost=0 opticalPending=0 opticalLossPct=0.0000 opticalMeanPktSuccess=0.0000 opticalMeanSnrDb=0.0000 directMedium=48 highEnergyJ=21.3731 mediumEnergyJ=135.7275 lowEnergyJ=6508.7102 bsnEnergyJ=1691.0324 drnEnergyJ=444.1432 ddnEnergyJ=6040.4255 auvEnergyJ=0.0000 sinkEnergyJ=600.7095 bsnEnergyPct=19.2681 drnEnergyPct=5.0607 ddnEnergyPct=68.8265 auvEnergyPct=0.0000 sinkEnergyPct=6.8447 dominantNodeRole=DDN highEnergyMjByte=15.9026 mediumEnergyMjByte=11.0455 lowEnergyMjByte=2.2838 rhoMax=0.0000 lowRhoMax=0.0000 opticalExtCoeff=0.1510
