[0/2] Re-checking globbed directories...
ninja: no work to do.
----------- Initializing AUV-Based EDC simulation -----------
Use sweeps like: ./ns3 run "scratch/edc --trafficLoad=1 --nodes=126"

----------- AUV-Based EDC UW-LSN summary -----------
Paper setup: MAC=Underwater MAC, UDP-like packets, omni acoustic, BW=25000 Hz, rate=31200 bps, simTime=23450 s, trafficStop=4000 s, protocol=contribution, auvCollectionMedium=optical, energyModel=hardware, matchHybridQueues=0, ddnBufferPolicy=priority, nodeIdlePowerW=0.0005
Acoustic MAC: aloha (hop ACKs off; end-to-end retry)
Topology: BSN=144 DRN=36 DDN=8 SINK=15 sinkPlacement=hybrid AUV=1 length=12600 m pipelineDepth=1000 m ddnEomOffset=500 m
Ranges: BSN=100 DRN=250 DDN=400 DDN-AUV=400 SINK=500 m
AUV: speed=6.087 km/h contactDepth=500 m sinusAmplitude=0 m completePatrolInSimTime=0
UWOC: waterType=clear-ocean c=0.151 1/m opticalRange=30 m dataRate=2.5e+06 bps pointingSigma=0.75 m pointingCoherence=60 s m divergence=30 deg disableOpticalLoss=0
Traffic: load=0.05 pkt/s payloadBytes(H/M/L)=64/256/25000 ddnContactPacketsPerTick=0 sinkContactPacketsPerTick=0
Generated=184 gatewayOriginated=114 reachedDDN=184 collectedByAUV=115 deliveredToSink=184 directCriticalToSink=21 directMediumToSink=48 directLowToSink=0 mediumFallbackRhoMax=0.4 lowFallbackRhoMax=0 opticalTransfers=115 opticalAttempted=115 opticalLost=0 opticalPending=0 opticalLossPct=0 opticalMeanPktSuccess=1 opticalMeanSnrDb=43.1311 acousticTransfers=1431 acousticTxBytes=4214415 acousticTxAirtimeS=1080.62 acousticSourceAttempts=72 acousticRetransmissions=2 acousticRetryExhausted=0 acousticAcks=70 acousticPending=0 directSourceAttempts=69 directRetransmissions=0 directCyclesExhausted=0 directAcks=69 directPending=0 mobileSourceAttempts=0 mobileRetransmissions=0 mobileContactFailures=0 mobileAcks=0 mobilePending=0 auvSurfaceSourceAttempts=165 auvSurfaceRetransmissions=48 auvSurfaceContactFailures=2 auvSurfaceAcks=115 auvSurfacePending=0 energyConsumedJ=5.32387e+06 ddnBuffered=0 auvBuffered=0
Priority: highGenerated=21 mediumGenerated=49 lowGenerated=114 highDelivered=21 mediumDelivered=49 lowDelivered=114
PDR_surface=100.0000 %
AvgDelay_E2E=3359.7509 s  (BSN->surface-sink, includes AUV transit)
Throughput=977.0194 bps
EnergyPerPkt=28934049.0296 mJ/pkt
PDR_DDN=38.0435 %  (BSN->DDN acoustic, comparable to Ahmed 2022)
AvgDelay_acoustic=1.1212 s  (BSN->DDN hop only, ~1-9 s reference range)
Priority_PDR: HIGH=100.0000% MEDIUM=100.0000% LOW=100.0000%
Priority_delay: HIGH=3.5259s MEDIUM=218.5805s LOW=5328.1551s
Priority_miss: HIGH=0.0000% MEDIUM=0.0000% LOW=0.0000%
Priority_energy: HIGH=13.9395 mJ/byte MEDIUM=9.0951 mJ/byte LOW=3.3445 mJ/byte
Node_role_energy: BSN=1675.9867 J DRN=434.1112 J DDN=263.6698 J AUV=5320688.9932 J SINK=802.2605 J dominant=AUV
Node_role_energy_pct: BSN=0.0315% DRN=0.0082% DDN=0.0050% AUV=99.9403% SINK=0.0151%
RESULT nodes=180 protocol=contribution matchHybridQueues=0 ddnBufferPolicy=priority nodeIdlePowerW=0.0005 trafficLoad=0.0500 trafficStop=4000.0000 sinkPlacement=hybrid generated=184 delivered=184 pdr=100.0000 avgDelayE2E=3359.7509 avgDelayAcoustic=1.1212 pdrDDN=38.0435 throughputBps=977.0194 energyJ=5323865.0214 energyPerPktMj=28934049.0296 pdrHigh=100.0000 pdrMedium=100.0000 pdrLow=100.0000 highAvgDelay=3.5259 mediumAvgDelay=218.5805 lowAvgDelay=5328.1551 highMissRatio=0.0000 mediumMissRatio=0.0000 lowMissRatio=0.0000 burstGenerated=0 burstDelivered=0 burstMeanDelay=0.0000 burstDeadlineMiss=0 highDeadlineMiss=0 mediumDeadlineMiss=0 lowDeadlineMiss=0 directCritical=21 bufferDropped=0 bufferDroppedHigh=0 bufferDroppedMedium=0 bufferDroppedLow=0 directLow=0 acousticSourceAttempts=72 acousticRetransmissions=2 acousticRetryExhausted=0 acousticAcks=70 acousticPending=0 directSourceAttempts=69 directRetransmissions=0 directCyclesExhausted=0 directAcks=69 directPending=0 mobileSourceAttempts=0 mobileRetransmissions=0 mobileContactFailures=0 mobileAcks=0 mobilePending=0 auvSurfaceSourceAttempts=165 auvSurfaceRetransmissions=48 auvSurfaceContactFailures=2 auvSurfaceAcks=115 auvSurfacePending=0 optical=115 opticalAttempted=115 opticalLost=0 opticalPending=0 opticalLossPct=0.0000 opticalMeanPktSuccess=1.0000 opticalMeanSnrDb=43.1311 directMedium=48 highEnergyJ=18.7346 mediumEnergyJ=114.0888 lowEnergyJ=9531.7058 bsnEnergyJ=1675.9867 drnEnergyJ=434.1112 ddnEnergyJ=263.6698 auvEnergyJ=5320688.9932 sinkEnergyJ=802.2605 bsnEnergyPct=0.0315 drnEnergyPct=0.0082 ddnEnergyPct=0.0050 auvEnergyPct=99.9403 sinkEnergyPct=0.0151 dominantNodeRole=AUV highEnergyMjByte=13.9395 mediumEnergyMjByte=9.0951 lowEnergyMjByte=3.3445 rhoMax=0.4000 lowRhoMax=0.0000 opticalExtCoeff=0.1510
