[0/2] Re-checking globbed directories...
ninja: no work to do.
----------- Initializing AUV-Based EDC simulation -----------
Use sweeps like: ./ns3 run "scratch/edc --trafficLoad=1 --nodes=126"

----------- AUV-Based EDC UW-LSN summary -----------
Paper setup: MAC=Underwater MAC, UDP-like packets, omni acoustic, BW=25000 Hz, rate=31200 bps, simTime=23450 s, trafficStop=4000 s, protocol=contribution, auvCollectionMedium=optical, energyModel=hardware, matchHybridQueues=0, ddnBufferPolicy=priority, nodeIdlePowerW=0.0005
Acoustic MAC: aloha (hop ACKs off; end-to-end retry)
Topology: BSN=144 DRN=36 DDN=8 SINK=15 sinkPlacement=hybrid AUV=1 length=12600 m pipelineDepth=1000 m ddnEomOffset=500 m
Ranges: BSN=100 DRN=250 DDN=400 DDN-AUV=400 SINK=500 m
AUV: speed=6.087 km/h contactDepth=500 m sinusAmplitude=0 m completePatrolInSimTime=0
UWOC: waterType=clear-ocean c=0.151 1/m opticalRange=30 m dataRate=2.5e+06 bps pointingSigma=0.75 m pointingCoherence=60 s m divergence=30 deg disableOpticalLoss=0
Traffic: load=0.05 pkt/s payloadBytes(H/M/L)=64/256/25000 ddnContactPacketsPerTick=0 sinkContactPacketsPerTick=0
Generated=161 gatewayOriginated=108 reachedDDN=161 collectedByAUV=109 deliveredToSink=161 directCriticalToSink=10 directMediumToSink=42 directLowToSink=0 mediumFallbackRhoMax=0.4 lowFallbackRhoMax=0 opticalTransfers=109 opticalAttempted=109 opticalLost=0 opticalPending=0 opticalLossPct=0 opticalMeanPktSuccess=1 opticalMeanSnrDb=43.3025 acousticTransfers=979 acousticTxBytes=2789931 acousticTxAirtimeS=715.367 acousticSourceAttempts=53 acousticRetransmissions=0 acousticRetryExhausted=0 acousticAcks=53 acousticPending=0 directSourceAttempts=52 directRetransmissions=0 directCyclesExhausted=0 directAcks=52 directPending=0 mobileSourceAttempts=0 mobileRetransmissions=0 mobileContactFailures=0 mobileAcks=0 mobilePending=0 auvSurfaceSourceAttempts=109 auvSurfaceRetransmissions=0 auvSurfaceContactFailures=0 auvSurfaceAcks=109 auvSurfacePending=0 energyConsumedJ=5.3207e+06 ddnBuffered=0 auvBuffered=0
Priority: highGenerated=10 mediumGenerated=43 lowGenerated=108 highDelivered=10 mediumDelivered=43 lowDelivered=108
PDR_surface=100.0000 %
AvgDelay_E2E=3472.4278 s  (BSN->surface-sink, includes AUV transit)
Throughput=925.0825 bps
EnergyPerPkt=33047822.5129 mJ/pkt
PDR_DDN=32.9193 %  (BSN->DDN acoustic, comparable to Ahmed 2022)
AvgDelay_acoustic=0.8631 s  (BSN->DDN hop only, ~1-9 s reference range)
Priority_PDR: HIGH=100.0000% MEDIUM=100.0000% LOW=100.0000%
Priority_delay: HIGH=2.8764s MEDIUM=224.4078s LOW=5086.8757s
Priority_miss: HIGH=0.0000% MEDIUM=0.0000% LOW=0.0000%
Priority_energy: HIGH=13.1152 mJ/byte MEDIUM=9.8467 mJ/byte LOW=2.3638 mJ/byte
Node_role_energy: BSN=1666.3904 J DRN=435.4380 J DDN=249.8622 J AUV=5317779.4104 J SINK=568.3235 J dominant=AUV
Node_role_energy_pct: BSN=0.0313% DRN=0.0082% DDN=0.0047% AUV=99.9451% SINK=0.0107%
RESULT nodes=180 protocol=contribution matchHybridQueues=0 ddnBufferPolicy=priority nodeIdlePowerW=0.0005 trafficLoad=0.0500 trafficStop=4000.0000 sinkPlacement=hybrid generated=161 delivered=161 pdr=100.0000 avgDelayE2E=3472.4278 avgDelayAcoustic=0.8631 pdrDDN=32.9193 throughputBps=925.0825 energyJ=5320699.4246 energyPerPktMj=33047822.5129 pdrHigh=100.0000 pdrMedium=100.0000 pdrLow=100.0000 highAvgDelay=2.8764 mediumAvgDelay=224.4078 lowAvgDelay=5086.8757 highMissRatio=0.0000 mediumMissRatio=0.0000 lowMissRatio=0.0000 burstGenerated=0 burstDelivered=0 burstMeanDelay=0.0000 burstDeadlineMiss=0 highDeadlineMiss=0 mediumDeadlineMiss=0 lowDeadlineMiss=0 directCritical=10 bufferDropped=0 bufferDroppedHigh=0 bufferDroppedMedium=0 bufferDroppedLow=0 directLow=0 acousticSourceAttempts=53 acousticRetransmissions=0 acousticRetryExhausted=0 acousticAcks=53 acousticPending=0 directSourceAttempts=52 directRetransmissions=0 directCyclesExhausted=0 directAcks=52 directPending=0 mobileSourceAttempts=0 mobileRetransmissions=0 mobileContactFailures=0 mobileAcks=0 mobilePending=0 auvSurfaceSourceAttempts=109 auvSurfaceRetransmissions=0 auvSurfaceContactFailures=0 auvSurfaceAcks=109 auvSurfacePending=0 optical=109 opticalAttempted=109 opticalLost=0 opticalPending=0 opticalLossPct=0.0000 opticalMeanPktSuccess=1.0000 opticalMeanSnrDb=43.3025 directMedium=42 highEnergyJ=8.3937 mediumEnergyJ=108.3922 lowEnergyJ=6382.1465 bsnEnergyJ=1666.3904 drnEnergyJ=435.4380 ddnEnergyJ=249.8622 auvEnergyJ=5317779.4104 sinkEnergyJ=568.3235 bsnEnergyPct=0.0313 drnEnergyPct=0.0082 ddnEnergyPct=0.0047 auvEnergyPct=99.9451 sinkEnergyPct=0.0107 dominantNodeRole=AUV highEnergyMjByte=13.1152 mediumEnergyMjByte=9.8467 lowEnergyMjByte=2.3638 rhoMax=0.4000 lowRhoMax=0.0000 opticalExtCoeff=0.1510
