[0/2] Re-checking globbed directories...
ninja: no work to do.
----------- Initializing AUV-Based EDC simulation -----------
Use sweeps like: ./ns3 run "scratch/edc --trafficLoad=1 --nodes=126"

----------- AUV-Based EDC UW-LSN summary -----------
Paper setup: MAC=Underwater MAC, UDP-like packets, omni acoustic, BW=25000 Hz, rate=31200 bps, simTime=23450 s, trafficStop=4000 s, protocol=contribution, auvCollectionMedium=optical, energyModel=hardware, matchHybridQueues=0, ddnBufferPolicy=priority, nodeIdlePowerW=0.0005
Acoustic MAC: aloha (hop ACKs off; end-to-end retry)
Topology: BSN=144 DRN=36 DDN=8 SINK=15 sinkPlacement=hybrid AUV=1 length=12600 m pipelineDepth=1000 m ddnEomOffset=500 m
Ranges: BSN=100 DRN=250 DDN=400 DDN-AUV=400 SINK=500 m
AUV: speed=6.087 km/h contactDepth=500 m sinusAmplitude=0 m completePatrolInSimTime=0
UWOC: waterType=clear-ocean c=0.151 1/m opticalRange=30 m dataRate=2.5e+06 bps pointingSigma=0.75 m pointingCoherence=60 s m divergence=30 deg disableOpticalLoss=0
Traffic: load=0.05 pkt/s payloadBytes(H/M/L)=64/256/25000 ddnContactPacketsPerTick=0 sinkContactPacketsPerTick=0
Generated=190 gatewayOriginated=126 reachedDDN=190 collectedByAUV=128 deliveredToSink=190 directCriticalToSink=19 directMediumToSink=43 directLowToSink=0 mediumFallbackRhoMax=0.4 lowFallbackRhoMax=0 opticalTransfers=128 opticalAttempted=128 opticalLost=0 opticalPending=0 opticalLossPct=0 opticalMeanPktSuccess=1 opticalMeanSnrDb=43.2005 acousticTransfers=1145 acousticTxBytes=3249681 acousticTxAirtimeS=833.252 acousticSourceAttempts=65 acousticRetransmissions=1 acousticRetryExhausted=0 acousticAcks=64 acousticPending=0 directSourceAttempts=62 directRetransmissions=0 directCyclesExhausted=0 directAcks=62 directPending=0 mobileSourceAttempts=0 mobileRetransmissions=0 mobileContactFailures=0 mobileAcks=0 mobilePending=0 auvSurfaceSourceAttempts=128 auvSurfaceRetransmissions=0 auvSurfaceContactFailures=0 auvSurfaceAcks=128 auvSurfacePending=0 energyConsumedJ=5.32177e+06 ddnBuffered=0 auvBuffered=0
Priority: highGenerated=19 mediumGenerated=45 lowGenerated=126 highDelivered=19 mediumDelivered=45 lowDelivered=126
PDR_surface=100.0000 %
AvgDelay_E2E=3945.3140 s  (BSN->surface-sink, includes AUV transit)
Throughput=1078.9718 bps
EnergyPerPkt=28009325.2127 mJ/pkt
PDR_DDN=33.6842 %  (BSN->DDN acoustic, comparable to Ahmed 2022)
AvgDelay_acoustic=0.9588 s  (BSN->DDN hop only, ~1-9 s reference range)
Priority_PDR: HIGH=100.0000% MEDIUM=100.0000% LOW=100.0000%
Priority_delay: HIGH=2.7955s MEDIUM=203.5424s LOW=5876.1677s
Priority_miss: HIGH=0.0000% MEDIUM=0.0000% LOW=0.0000%
Priority_energy: HIGH=13.7582 mJ/byte MEDIUM=9.4384 mJ/byte LOW=2.3638 mJ/byte
Node_role_energy: BSN=1672.1803 J DRN=434.0614 J DDN=274.4263 J AUV=5318728.1640 J SINK=662.9584 J dominant=AUV
Node_role_energy_pct: BSN=0.0314% DRN=0.0082% DDN=0.0052% AUV=99.9428% SINK=0.0125%
RESULT nodes=180 protocol=contribution matchHybridQueues=0 ddnBufferPolicy=priority nodeIdlePowerW=0.0005 trafficLoad=0.0500 trafficStop=4000.0000 sinkPlacement=hybrid generated=190 delivered=190 pdr=100.0000 avgDelayE2E=3945.3140 avgDelayAcoustic=0.9588 pdrDDN=33.6842 throughputBps=1078.9718 energyJ=5321771.7904 energyPerPktMj=28009325.2127 pdrHigh=100.0000 pdrMedium=100.0000 pdrLow=100.0000 highAvgDelay=2.7955 mediumAvgDelay=203.5424 lowAvgDelay=5876.1677 highMissRatio=0.0000 mediumMissRatio=0.0000 lowMissRatio=0.0000 burstGenerated=0 burstDelivered=0 burstMeanDelay=0.0000 burstDeadlineMiss=0 highDeadlineMiss=0 mediumDeadlineMiss=0 lowDeadlineMiss=0 directCritical=19 bufferDropped=0 bufferDroppedHigh=0 bufferDroppedMedium=0 bufferDroppedLow=0 directLow=0 acousticSourceAttempts=65 acousticRetransmissions=1 acousticRetryExhausted=0 acousticAcks=64 acousticPending=0 directSourceAttempts=62 directRetransmissions=0 directCyclesExhausted=0 directAcks=62 directPending=0 mobileSourceAttempts=0 mobileRetransmissions=0 mobileContactFailures=0 mobileAcks=0 mobilePending=0 auvSurfaceSourceAttempts=128 auvSurfaceRetransmissions=0 auvSurfaceContactFailures=0 auvSurfaceAcks=128 auvSurfacePending=0 optical=128 opticalAttempted=128 opticalLost=0 opticalPending=0 opticalLossPct=0.0000 opticalMeanPktSuccess=1.0000 opticalMeanSnrDb=43.2005 directMedium=43 highEnergyJ=16.7300 mediumEnergyJ=108.7307 lowEnergyJ=7445.8375 bsnEnergyJ=1672.1803 drnEnergyJ=434.0614 ddnEnergyJ=274.4263 auvEnergyJ=5318728.1640 sinkEnergyJ=662.9584 bsnEnergyPct=0.0314 drnEnergyPct=0.0082 ddnEnergyPct=0.0052 auvEnergyPct=99.9428 sinkEnergyPct=0.0125 dominantNodeRole=AUV highEnergyMjByte=13.7582 mediumEnergyMjByte=9.4384 lowEnergyMjByte=2.3638 rhoMax=0.4000 lowRhoMax=0.0000 opticalExtCoeff=0.1510
