[0/2] Re-checking globbed directories...
ninja: no work to do.
----------- Initializing AUV-Based EDC simulation -----------
Use sweeps like: ./ns3 run "scratch/edc --trafficLoad=1 --nodes=126"

----------- AUV-Based EDC UW-LSN summary -----------
Paper setup: MAC=Underwater MAC, UDP-like packets, omni acoustic, BW=25000 Hz, rate=31200 bps, simTime=23450 s, trafficStop=4000 s, protocol=pure-acoustic, auvCollectionMedium=none, energyModel=hardware, matchHybridQueues=1, ddnBufferPolicy=priority, nodeIdlePowerW=0.0005
Acoustic MAC: aloha (hop ACKs off; end-to-end retry)
Topology: BSN=144 DRN=36 DDN=8 SINK=15 sinkPlacement=hybrid AUV=0 length=12600 m pipelineDepth=1000 m ddnEomOffset=500 m
Ranges: BSN=100 DRN=250 DDN=400 DDN-AUV=400 SINK=500 m
AUV: speed=6.087 km/h contactDepth=500 m sinusAmplitude=0 m completePatrolInSimTime=0
UWOC: waterType=clear-ocean c=0.151 1/m opticalRange=30 m dataRate=2.5e+06 bps pointingSigma=0.75 m pointingCoherence=60 s m divergence=30 deg disableOpticalLoss=0
Traffic: load=0.05 pkt/s payloadBytes(H/M/L)=64/256/25000 ddnContactPacketsPerTick=0 sinkContactPacketsPerTick=0
Generated=161 gatewayOriginated=108 reachedDDN=161 collectedByAUV=0 deliveredToSink=161 directCriticalToSink=10 directMediumToSink=43 directLowToSink=108 mediumFallbackRhoMax=0 lowFallbackRhoMax=0 opticalTransfers=0 opticalAttempted=0 opticalLost=0 opticalPending=0 opticalLossPct=0 opticalMeanPktSuccess=0 opticalMeanSnrDb=0 acousticTransfers=1396 acousticTxBytes=4165860 acousticTxAirtimeS=1068.17 acousticSourceAttempts=65 acousticRetransmissions=12 acousticRetryExhausted=0 acousticAcks=53 acousticPending=0 directSourceAttempts=215 directRetransmissions=53 directCyclesExhausted=1 directAcks=161 directPending=0 mobileSourceAttempts=0 mobileRetransmissions=0 mobileContactFailures=0 mobileAcks=0 mobilePending=0 auvSurfaceSourceAttempts=0 auvSurfaceRetransmissions=0 auvSurfaceContactFailures=0 auvSurfaceAcks=0 auvSurfacePending=0 energyConsumedJ=11434.8 ddnBuffered=0 auvBuffered=0
Priority: highGenerated=10 mediumGenerated=43 lowGenerated=108 highDelivered=10 mediumDelivered=43 lowDelivered=108
PDR_surface=100.0000 %
AvgDelay_E2E=23.9124 s  (BSN->surface-sink, includes AUV transit)
Throughput=925.0825 bps
EnergyPerPkt=71023.4797 mJ/pkt
PDR_DDN=32.9193 %  (BSN->DDN acoustic, comparable to Ahmed 2022)
AvgDelay_acoustic=3.8687 s  (BSN->DDN hop only, ~1-9 s reference range)
Priority_PDR: HIGH=100.0000% MEDIUM=100.0000% LOW=100.0000%
Priority_delay: HIGH=10.1348s MEDIUM=11.6171s LOW=30.0835s
Priority_miss: HIGH=0.0000% MEDIUM=0.0000% LOW=0.0000%
Priority_energy: HIGH=14.8484 mJ/byte MEDIUM=11.3834 mJ/byte LOW=3.4035 mJ/byte
Node_role_energy: BSN=1677.9311 J DRN=441.9432 J DDN=8524.2815 J AUV=0.0000 J SINK=790.6244 J dominant=DDN
Node_role_energy_pct: BSN=14.6739% DRN=3.8649% DDN=74.5470% AUV=0.0000% SINK=6.9142%
RESULT nodes=180 protocol=pure-acoustic matchHybridQueues=1 ddnBufferPolicy=priority nodeIdlePowerW=0.0005 trafficLoad=0.0500 trafficStop=4000.0000 sinkPlacement=hybrid generated=161 delivered=161 pdr=100.0000 avgDelayE2E=23.9124 avgDelayAcoustic=3.8687 pdrDDN=32.9193 throughputBps=925.0825 energyJ=11434.7802 energyPerPktMj=71023.4797 pdrHigh=100.0000 pdrMedium=100.0000 pdrLow=100.0000 highAvgDelay=10.1348 mediumAvgDelay=11.6171 lowAvgDelay=30.0835 highMissRatio=0.0000 mediumMissRatio=0.0000 lowMissRatio=0.0000 burstGenerated=0 burstDelivered=0 burstMeanDelay=0.0000 burstDeadlineMiss=0 highDeadlineMiss=0 mediumDeadlineMiss=0 lowDeadlineMiss=0 directCritical=10 bufferDropped=0 bufferDroppedHigh=0 bufferDroppedMedium=0 bufferDroppedLow=0 directLow=108 acousticSourceAttempts=65 acousticRetransmissions=12 acousticRetryExhausted=0 acousticAcks=53 acousticPending=0 directSourceAttempts=215 directRetransmissions=53 directCyclesExhausted=1 directAcks=161 directPending=0 mobileSourceAttempts=0 mobileRetransmissions=0 mobileContactFailures=0 mobileAcks=0 mobilePending=0 auvSurfaceSourceAttempts=0 auvSurfaceRetransmissions=0 auvSurfaceContactFailures=0 auvSurfaceAcks=0 auvSurfacePending=0 optical=0 opticalAttempted=0 opticalLost=0 opticalPending=0 opticalLossPct=0.0000 opticalMeanPktSuccess=0.0000 opticalMeanSnrDb=0.0000 directMedium=43 highEnergyJ=9.5029 mediumEnergyJ=125.3084 lowEnergyJ=9189.4689 bsnEnergyJ=1677.9311 drnEnergyJ=441.9432 ddnEnergyJ=8524.2815 auvEnergyJ=0.0000 sinkEnergyJ=790.6244 bsnEnergyPct=14.6739 drnEnergyPct=3.8649 ddnEnergyPct=74.5470 auvEnergyPct=0.0000 sinkEnergyPct=6.9142 dominantNodeRole=DDN highEnergyMjByte=14.8484 mediumEnergyMjByte=11.3834 lowEnergyMjByte=3.4035 rhoMax=0.0000 lowRhoMax=0.0000 opticalExtCoeff=0.1510
