[0/2] Re-checking globbed directories...
ninja: no work to do.
----------- Initializing AUV-Based EDC simulation -----------
Use sweeps like: ./ns3 run "scratch/edc --trafficLoad=1 --nodes=126"

----------- AUV-Based EDC UW-LSN summary -----------
Paper setup: MAC=Underwater MAC, UDP-like packets, omni acoustic, BW=25000 Hz, rate=31200 bps, simTime=91798 s, trafficStop=91798 s, protocol=pure-acoustic, auvCollectionMedium=none, energyModel=hardware, matchHybridQueues=1, ddnBufferPolicy=priority, nodeIdlePowerW=0.0005
Acoustic MAC: aloha (hop ACKs off; end-to-end retry)
Topology: BSN=144 DRN=36 DDN=8 SINK=15 sinkPlacement=hybrid AUV=0 length=12600 m pipelineDepth=1000 m ddnEomOffset=500 m
Ranges: BSN=100 DRN=250 DDN=400 DDN-AUV=400 SINK=500 m
AUV: speed=6.087 km/h contactDepth=500 m sinusAmplitude=0 m completePatrolInSimTime=0
UWOC: waterType=clear-ocean c=0.151 1/m opticalRange=30 m dataRate=2.5e+06 bps pointingSigma=0.75 m pointingCoherence=60 s m divergence=30 deg disableOpticalLoss=0
Traffic: load=0.05 pkt/s payloadBytes(H/M/L)=64/256/25000 ddnContactPacketsPerTick=0 sinkContactPacketsPerTick=0
Generated=4569 gatewayOriginated=2780 reachedDDN=4564 collectedByAUV=0 deliveredToSink=4564 directCriticalToSink=426 directMediumToSink=1358 directLowToSink=2780 mediumFallbackRhoMax=0 lowFallbackRhoMax=0 opticalTransfers=0 opticalAttempted=0 opticalLost=0 opticalPending=0 opticalLossPct=0 opticalMeanPktSuccess=0 opticalMeanSnrDb=0 acousticTransfers=39529 acousticTxBytes=111996105 acousticTxAirtimeS=28716.9 acousticSourceAttempts=2399 acousticRetransmissions=610 acousticRetryExhausted=5 acousticAcks=1784 acousticPending=0 directSourceAttempts=6131 directRetransmissions=1509 directCyclesExhausted=58 directAcks=4564 directPending=0 mobileSourceAttempts=0 mobileRetransmissions=0 mobileContactFailures=0 mobileAcks=0 mobilePending=0 auvSurfaceSourceAttempts=0 auvSurfaceRetransmissions=0 auvSurfaceContactFailures=0 auvSurfaceAcks=0 auvSurfacePending=0 energyConsumedJ=258492 ddnBuffered=0 auvBuffered=0
Priority: highGenerated=429 mediumGenerated=1360 lowGenerated=2780 highDelivered=426 mediumDelivered=1358 lowDelivered=2780
PDR_surface=99.8906 %
AvgDelay_E2E=26.4971 s  (BSN->surface-sink, includes AUV transit)
Throughput=6089.4476 bps
EnergyPerPkt=56637.1106 mJ/pkt
PDR_DDN=39.0457 %  (BSN->DDN acoustic, comparable to Ahmed 2022)
AvgDelay_acoustic=5.1469 s  (BSN->DDN hop only, ~1-9 s reference range)
Priority_PDR: HIGH=99.3007% MEDIUM=99.8529% LOW=100.0000%
Priority_delay: HIGH=14.2317s MEDIUM=13.2297s LOW=34.8577s
Priority_miss: HIGH=0.6993% MEDIUM=0.1471% LOW=0.0000%
Priority_energy: HIGH=17.6786 mJ/byte MEDIUM=11.1836 mJ/byte LOW=3.5376 mJ/byte
Node_role_energy: BSN=8442.6434 J DRN=2677.8876 J DDN=226437.2515 J AUV=0.0000 J SINK=20933.9904 J dominant=DDN
Node_role_energy_pct: BSN=3.2661% DRN=1.0360% DDN=87.5994% AUV=0.0000% SINK=8.0985%
RESULT nodes=180 protocol=pure-acoustic matchHybridQueues=1 ddnBufferPolicy=priority nodeIdlePowerW=0.0005 trafficLoad=0.0500 trafficStop=91798.0300 sinkPlacement=hybrid generated=4569 delivered=4564 pdr=99.8906 avgDelayE2E=26.4971 avgDelayAcoustic=5.1469 pdrDDN=39.0457 throughputBps=6089.4476 energyJ=258491.7727 energyPerPktMj=56637.1106 pdrHigh=99.3007 pdrMedium=99.8529 pdrLow=100.0000 highAvgDelay=14.2317 mediumAvgDelay=13.2297 lowAvgDelay=34.8577 highMissRatio=0.6993 mediumMissRatio=0.1471 lowMissRatio=0.0000 burstGenerated=0 burstDelivered=0 burstMeanDelay=0.0000 burstDeadlineMiss=0 highDeadlineMiss=0 mediumDeadlineMiss=0 lowDeadlineMiss=0 directCritical=426 bufferDropped=0 bufferDroppedHigh=0 bufferDroppedMedium=0 bufferDroppedLow=0 directLow=2780 acousticSourceAttempts=2399 acousticRetransmissions=610 acousticRetryExhausted=5 acousticAcks=1784 acousticPending=0 directSourceAttempts=6131 directRetransmissions=1509 directCyclesExhausted=58 directAcks=4564 directPending=0 mobileSourceAttempts=0 mobileRetransmissions=0 mobileContactFailures=0 mobileAcks=0 mobilePending=0 auvSurfaceSourceAttempts=0 auvSurfaceRetransmissions=0 auvSurfaceContactFailures=0 auvSurfaceAcks=0 auvSurfacePending=0 optical=0 opticalAttempted=0 opticalLost=0 opticalPending=0 opticalLossPct=0.0000 opticalMeanPktSuccess=0.0000 opticalMeanSnrDb=0.0000 directMedium=1358 highEnergyJ=481.9886 mediumEnergyJ=3887.9527 lowEnergyJ=245859.9214 bsnEnergyJ=8442.6434 drnEnergyJ=2677.8876 ddnEnergyJ=226437.2515 auvEnergyJ=0.0000 sinkEnergyJ=20933.9904 bsnEnergyPct=3.2661 drnEnergyPct=1.0360 ddnEnergyPct=87.5994 auvEnergyPct=0.0000 sinkEnergyPct=8.0985 dominantNodeRole=DDN highEnergyMjByte=17.6786 mediumEnergyMjByte=11.1836 lowEnergyMjByte=3.5376 rhoMax=0.0000 lowRhoMax=0.0000 opticalExtCoeff=0.1510
