-- Using default output directory /opt/ns-allinone-3.40/ns-3.40/build
-- [33mProceeding without cmake-format[0m
-- find_external_library: SQLite3 was found.
-- [33mEigen was not found[0m
-- [33mHarfbuzz is required by GTK3 and was not found.[0m
-- [33mLibXML2 was not found. Continuing without it.[0m
-- [33mVisualizer: Python Bindings are disabled[0m
-- Could NOT find Boost (missing: Boost_INCLUDE_DIR) 
-- GSL was found.
-- [33mdocs: doxygen documentation not enabled due to missing dependencies: doxygen dot dia[0m
-- Failed to locate sphinx-build executable (missing: SPHINX_EXECUTABLE) 
-- [33mdocs: sphinx documentation not enabled due to missing dependencies: Sphinx epstopdf pdflatex latexmk convert dvipng[0m
-- Precompiled headers were enabled
-- Processing src/antenna
-- Processing src/aodv
-- Processing src/applications
-- Processing src/aqua-sim-ng
-- Processing src/bridge
-- Processing src/brite
-- [33mfind_external_library: brite was not found. Missing headers: "Brite.h" and missing libraries: "brite".[0m
-- [33mSkipping src/brite[0m
-- Processing src/buildings
-- Processing src/click
-- [33mfind_external_library: click was not found. Missing headers: "simclick.h" and missing libraries: "nsclick click".[0m
-- [33mSkipping src/click[0m
-- Processing src/config-store
-- Processing src/core
-- Boost Units are an optional feature of length.cc.  Ubuntu ships it within the libboost-dev package.  You may need to clean up the CMake cache after installing it to pass this check.
-- Processing src/csma
-- Processing src/csma-layout
-- Processing src/dsdv
-- Processing src/dsr
-- Processing src/energy
-- Processing src/fd-net-device
-- Could NOT find PkgConfig (missing: PKG_CONFIG_EXECUTABLE) 
-- Processing src/flow-monitor
-- Processing src/internet
-- Processing src/internet-apps
-- Processing src/lr-wpan
-- Processing src/lte
-- Processing src/mesh
-- Processing src/mobility
-- Processing src/netanim
-- Processing src/network
-- Processing src/nix-vector-routing
-- Processing src/olsr
-- Processing src/openflow
-- [33mfind_external_library: openflow was not found. Missing headers: "openflow.h" and missing libraries: "openflow".[0m
-- [33mSkipping src/openflow[0m
-- Processing src/point-to-point
-- Processing src/point-to-point-layout
-- Processing src/propagation
-- Processing src/sixlowpan
-- Processing src/spectrum
-- Processing src/stats
-- Processing src/tap-bridge
-- Processing src/topology-read
-- Processing src/traffic-control
-- Processing src/uan
-- Processing src/virtual-net-device
-- Processing src/wifi
-- Processing src/wimax
-- ---- Summary of ns-3 settings:
Build profile                 : optimized
Build directory               : /opt/ns-allinone-3.40/ns-3.40/build
Build with runtime asserts    : OFF (not requested)
Build with runtime logging    : OFF (not requested)
Build version embedding       : OFF (not requested)
BRITE Integration             : [31mOFF (missing dependency)[0m
DES Metrics event collection  : OFF (not requested)
DPDK NetDevice                : OFF (not requested)
Emulation FdNetDevice         : [32mON[0m
Examples                      : [32mON[0m
File descriptor NetDevice     : [32mON[0m
GNU Scientific Library (GSL)  : [32mON[0m
GtkConfigStore                : [31mOFF (missing dependency)[0m
LibXml2 support               : [31mOFF (missing dependency)[0m
MPI Support                   : OFF (not requested)
ns-3 Click Integration        : [31mOFF (missing dependency)[0m
ns-3 OpenFlow Integration     : [31mOFF (missing dependency)[0m
Netmap emulation FdNetDevice  : [31mOFF (missing dependency)[0m
PyViz visualizer              : [31mOFF (Python Bindings are disabled)[0m
Python Bindings               : OFF (not requested)
SQLite support                : [32mON[0m
Eigen3 support                : [31mOFF (missing dependency)[0m
Tap Bridge                    : [32mON[0m
Tap FdNetDevice               : [32mON[0m
Tests                         : OFF (not requested)


Modules configured to be built:
antenna                   aodv                      applications              
aqua-sim-ng               bridge                    buildings                 
config-store              core                      csma                      
csma-layout               dsdv                      dsr                       
energy                    fd-net-device             flow-monitor              
internet                  internet-apps             lr-wpan                   
lte                       mesh                      mobility                  
netanim                   network                   nix-vector-routing        
olsr                      point-to-point            point-to-point-layout     
propagation               sixlowpan                 spectrum                  
stats                     tap-bridge                topology-read             
traffic-control           uan                       virtual-net-device        
wifi                      wimax                     

Modules that cannot be built:
brite                     click                     mpi                       
openflow                  test                      visualizer                



-- Configuring done (0.2s)
-- Generating done (0.3s)
-- Build files have been written to: /opt/ns-allinone-3.40/ns-3.40/cmake-cache
[0/2] Re-checking globbed directories...
[1/2] Building CXX object scratch/CMakeFiles/scratch_edc.dir/edc.cc.o
[2/2] Linking CXX executable /opt/ns-allinone-3.40/ns-3.40/build/scratch/ns3.40-edc-optimized
----------- Initializing AUV-Based EDC simulation -----------
Use sweeps like: ./ns3 run "scratch/edc --trafficLoad=1 --nodes=126"

----------- AUV-Based EDC UW-LSN summary -----------
Paper setup: MAC=Underwater MAC, UDP-like packets, omni acoustic, BW=25000 Hz, rate=31200 bps, simTime=91798 s, trafficStop=91798 s, protocol=pure-acoustic, auvCollectionMedium=none, energyModel=hardware, matchHybridQueues=1, ddnBufferPolicy=priority, nodeIdlePowerW=0.0005
Acoustic MAC: aloha (hop ACKs off; end-to-end retry)
Topology: BSN=144 DRN=36 DDN=8 SINK=15 sinkPlacement=hybrid AUV=0 length=12600 m pipelineDepth=1000 m ddnEomOffset=500 m
Ranges: BSN=100 DRN=250 DDN=400 DDN-AUV=400 SINK=500 m
AUV: speed=6.087 km/h contactDepth=500 m sinusAmplitude=0 m completePatrolInSimTime=0
UWOC: waterType=clear-ocean c=0.151 1/m opticalRange=30 m dataRate=2.5e+06 bps pointingSigma=0.75 m pointingCoherence=60 s m divergence=30 deg disableOpticalLoss=0
Traffic: load=0.05 pkt/s payloadBytes(H/M/L)=64/256/10000 ddnContactPacketsPerTick=0 sinkContactPacketsPerTick=0
Generated=4554 gatewayOriginated=2764 reachedDDN=4553 collectedByAUV=0 deliveredToSink=4553 directCriticalToSink=442 directMediumToSink=1347 directLowToSink=2764 mediumFallbackRhoMax=0 lowFallbackRhoMax=0 opticalTransfers=0 opticalAttempted=0 opticalLost=0 opticalPending=0 opticalLossPct=0 opticalMeanPktSuccess=0 opticalMeanSnrDb=0 acousticTransfers=17674 acousticTxBytes=35179386 acousticTxAirtimeS=9020.36 acousticSourceAttempts=1971 acousticRetransmissions=181 acousticRetryExhausted=1 acousticAcks=1789 acousticPending=0 directSourceAttempts=5080 directRetransmissions=527 directCyclesExhausted=0 directAcks=4553 directPending=0 mobileSourceAttempts=0 mobileRetransmissions=0 mobileContactFailures=0 mobileAcks=0 mobilePending=0 auvSurfaceSourceAttempts=0 auvSurfaceRetransmissions=0 auvSurfaceContactFailures=0 auvSurfaceAcks=0 auvSurfacePending=0 energyConsumedJ=86754.6 ddnBuffered=0 auvBuffered=0
Priority: highGenerated=442 mediumGenerated=1348 lowGenerated=2764 highDelivered=442 mediumDelivered=1347 lowDelivered=2764
PDR_surface=99.9780 %
AvgDelay_E2E=7.0565 s  (BSN->surface-sink, includes AUV transit)
Throughput=2441.2829 bps
EnergyPerPkt=19054.3878 mJ/pkt
PDR_DDN=39.2841 %  (BSN->DDN acoustic, comparable to Ahmed 2022)
AvgDelay_acoustic=2.0786 s  (BSN->DDN hop only, ~1-9 s reference range)
Priority_PDR: HIGH=100.0000% MEDIUM=99.9258% LOW=100.0000%
Priority_delay: HIGH=3.7222s MEDIUM=4.5710s LOW=8.8009s
Priority_miss: HIGH=0.0000% MEDIUM=0.0742% LOW=0.0000%
Priority_energy: HIGH=14.7179 mJ/byte MEDIUM=9.8963 mJ/byte LOW=2.7013 mJ/byte
Node_role_energy: BSN=8060.4978 J DRN=2521.3011 J DDN=69518.9200 J AUV=0.0000 J SINK=6653.9087 J dominant=DDN
Node_role_energy_pct: BSN=9.2911% DRN=2.9062% DDN=80.1328% AUV=0.0000% SINK=7.6698%
RESULT nodes=180 protocol=pure-acoustic matchHybridQueues=1 ddnBufferPolicy=priority nodeIdlePowerW=0.0005 trafficLoad=0.0500 trafficStop=91798.0300 sinkPlacement=hybrid generated=4554 delivered=4553 pdr=99.9780 avgDelayE2E=7.0565 avgDelayAcoustic=2.0786 pdrDDN=39.2841 throughputBps=2441.2829 energyJ=86754.6276 energyPerPktMj=19054.3878 pdrHigh=100.0000 pdrMedium=99.9258 pdrLow=100.0000 highAvgDelay=3.7222 mediumAvgDelay=4.5710 lowAvgDelay=8.8009 highMissRatio=0.0000 mediumMissRatio=0.0742 lowMissRatio=0.0000 burstGenerated=0 burstDelivered=0 burstMeanDelay=0.0000 burstDeadlineMiss=0 highDeadlineMiss=0 mediumDeadlineMiss=0 lowDeadlineMiss=0 directCritical=442 bufferDropped=0 bufferDroppedHigh=0 bufferDroppedMedium=0 bufferDroppedLow=0 directLow=2764 acousticSourceAttempts=1971 acousticRetransmissions=181 acousticRetryExhausted=1 acousticAcks=1789 acousticPending=0 directSourceAttempts=5080 directRetransmissions=527 directCyclesExhausted=0 directAcks=4553 directPending=0 mobileSourceAttempts=0 mobileRetransmissions=0 mobileContactFailures=0 mobileAcks=0 mobilePending=0 auvSurfaceSourceAttempts=0 auvSurfaceRetransmissions=0 auvSurfaceContactFailures=0 auvSurfaceAcks=0 auvSurfacePending=0 optical=0 opticalAttempted=0 opticalLost=0 opticalPending=0 opticalLossPct=0.0000 opticalMeanPktSuccess=0.0000 opticalMeanSnrDb=0.0000 directMedium=1347 highEnergyJ=416.3394 mediumEnergyJ=3412.5464 lowEnergyJ=74663.8318 bsnEnergyJ=8060.4978 drnEnergyJ=2521.3011 ddnEnergyJ=69518.9200 auvEnergyJ=0.0000 sinkEnergyJ=6653.9087 bsnEnergyPct=9.2911 drnEnergyPct=2.9062 ddnEnergyPct=80.1328 auvEnergyPct=0.0000 sinkEnergyPct=7.6698 dominantNodeRole=DDN highEnergyMjByte=14.7179 mediumEnergyMjByte=9.8963 lowEnergyMjByte=2.7013 rhoMax=0.0000 lowRhoMax=0.0000 opticalExtCoeff=0.1510
