[0/2] Re-checking globbed directories...
ninja: no work to do.
----------- Initializing AUV-Based EDC simulation -----------
Use sweeps like: ./ns3 run "scratch/edc --trafficLoad=1 --nodes=126"

----------- AUV-Based EDC UW-LSN summary -----------
Paper setup: MAC=Underwater MAC, UDP-like packets, omni acoustic, BW=25000 Hz, rate=31200 bps, simTime=91798 s, trafficStop=91798 s, protocol=pure-acoustic, auvCollectionMedium=none, energyModel=hardware, matchHybridQueues=1, ddnBufferPolicy=priority, nodeIdlePowerW=0.0005
Acoustic MAC: aloha (hop ACKs off; end-to-end retry)
Topology: BSN=144 DRN=36 DDN=8 SINK=15 sinkPlacement=hybrid AUV=0 length=12600 m pipelineDepth=1000 m ddnEomOffset=500 m
Ranges: BSN=100 DRN=250 DDN=400 DDN-AUV=400 SINK=500 m
AUV: speed=6.087 km/h contactDepth=500 m sinusAmplitude=0 m completePatrolInSimTime=0
UWOC: waterType=clear-ocean c=0.151 1/m opticalRange=30 m dataRate=2.5e+06 bps pointingSigma=0.75 m pointingCoherence=60 s m divergence=30 deg disableOpticalLoss=0
Traffic: load=0.05 pkt/s payloadBytes(H/M/L)=64/256/10000 ddnContactPacketsPerTick=0 sinkContactPacketsPerTick=0
Generated=4663 gatewayOriginated=2840 reachedDDN=4663 collectedByAUV=0 deliveredToSink=4662 directCriticalToSink=475 directMediumToSink=1348 directLowToSink=2839 mediumFallbackRhoMax=0 lowFallbackRhoMax=0 opticalTransfers=0 opticalAttempted=0 opticalLost=0 opticalPending=0 opticalLossPct=0 opticalMeanPktSuccess=0 opticalMeanSnrDb=0 acousticTransfers=18132 acousticTxBytes=36183444 acousticTxAirtimeS=9277.81 acousticSourceAttempts=2016 acousticRetransmissions=193 acousticRetryExhausted=0 acousticAcks=1823 acousticPending=0 directSourceAttempts=5208 directRetransmissions=544 directCyclesExhausted=1 directAcks=4662 directPending=1 mobileSourceAttempts=0 mobileRetransmissions=0 mobileContactFailures=0 mobileAcks=0 mobilePending=0 auvSurfaceSourceAttempts=0 auvSurfaceRetransmissions=0 auvSurfaceContactFailures=0 auvSurfaceAcks=0 auvSurfacePending=0 energyConsumedJ=88980.3 ddnBuffered=0 auvBuffered=0
Priority: highGenerated=475 mediumGenerated=1348 lowGenerated=2840 highDelivered=475 mediumDelivered=1348 lowDelivered=2839
PDR_surface=99.9786 %
AvgDelay_E2E=7.1333 s  (BSN->surface-sink, includes AUV transit)
Throughput=2506.8501 bps
EnergyPerPkt=19086.2964 mJ/pkt
PDR_DDN=39.0950 %  (BSN->DDN acoustic, comparable to Ahmed 2022)
AvgDelay_acoustic=2.1621 s  (BSN->DDN hop only, ~1-9 s reference range)
Priority_PDR: HIGH=100.0000% MEDIUM=100.0000% LOW=99.9648%
Priority_delay: HIGH=3.6351s MEDIUM=4.4357s LOW=8.9994s
Priority_miss: HIGH=0.0000% MEDIUM=0.0000% LOW=0.0352%
Priority_energy: HIGH=14.5924 mJ/byte MEDIUM=9.9844 mJ/byte LOW=2.7062 mJ/byte
Node_role_energy: BSN=8075.9037 J DRN=2555.0051 J DDN=71530.3116 J AUV=0.0000 J SINK=6819.0933 J dominant=DDN
Node_role_energy_pct: BSN=9.0761% DRN=2.8714% DDN=80.3889% AUV=0.0000% SINK=7.6636%
RESULT nodes=180 protocol=pure-acoustic matchHybridQueues=1 ddnBufferPolicy=priority nodeIdlePowerW=0.0005 trafficLoad=0.0500 trafficStop=91798.0300 sinkPlacement=hybrid generated=4663 delivered=4662 pdr=99.9786 avgDelayE2E=7.1333 avgDelayAcoustic=2.1621 pdrDDN=39.0950 throughputBps=2506.8501 energyJ=88980.3137 energyPerPktMj=19086.2964 pdrHigh=100.0000 pdrMedium=100.0000 pdrLow=99.9648 highAvgDelay=3.6351 mediumAvgDelay=4.4357 lowAvgDelay=8.9994 highMissRatio=0.0000 mediumMissRatio=0.0000 lowMissRatio=0.0352 burstGenerated=0 burstDelivered=0 burstMeanDelay=0.0000 burstDeadlineMiss=0 highDeadlineMiss=0 mediumDeadlineMiss=0 lowDeadlineMiss=0 directCritical=475 bufferDropped=0 bufferDroppedHigh=0 bufferDroppedMedium=0 bufferDroppedLow=0 directLow=2839 acousticSourceAttempts=2016 acousticRetransmissions=193 acousticRetryExhausted=0 acousticAcks=1823 acousticPending=0 directSourceAttempts=5208 directRetransmissions=544 directCyclesExhausted=1 directAcks=4662 directPending=1 mobileSourceAttempts=0 mobileRetransmissions=0 mobileContactFailures=0 mobileAcks=0 mobilePending=0 auvSurfaceSourceAttempts=0 auvSurfaceRetransmissions=0 auvSurfaceContactFailures=0 auvSurfaceAcks=0 auvSurfacePending=0 optical=0 opticalAttempted=0 opticalLost=0 opticalPending=0 opticalLossPct=0.0000 opticalMeanPktSuccess=0.0000 opticalMeanSnrDb=0.0000 directMedium=1348 highEnergyJ=443.6099 mediumEnergyJ=3445.4804 lowEnergyJ=76829.3134 bsnEnergyJ=8075.9037 drnEnergyJ=2555.0051 ddnEnergyJ=71530.3116 auvEnergyJ=0.0000 sinkEnergyJ=6819.0933 bsnEnergyPct=9.0761 drnEnergyPct=2.8714 ddnEnergyPct=80.3889 auvEnergyPct=0.0000 sinkEnergyPct=7.6636 dominantNodeRole=DDN highEnergyMjByte=14.5924 mediumEnergyMjByte=9.9844 lowEnergyMjByte=2.7062 rhoMax=0.0000 lowRhoMax=0.0000 opticalExtCoeff=0.1510
