[0/2] Re-checking globbed directories...
ninja: no work to do.
----------- Initializing AUV-Based EDC simulation -----------
Use sweeps like: ./ns3 run "scratch/edc --trafficLoad=1 --nodes=126"

----------- AUV-Based EDC UW-LSN summary -----------
Paper setup: MAC=Underwater MAC, UDP-like packets, omni acoustic, BW=25000 Hz, rate=31200 bps, simTime=91798 s, trafficStop=91798 s, protocol=pure-acoustic, auvCollectionMedium=none, energyModel=hardware, matchHybridQueues=1, ddnBufferPolicy=priority, nodeIdlePowerW=0.0005
Acoustic MAC: aloha (hop ACKs off; end-to-end retry)
Topology: BSN=144 DRN=36 DDN=8 SINK=15 sinkPlacement=hybrid AUV=0 length=12600 m pipelineDepth=1000 m ddnEomOffset=500 m
Ranges: BSN=100 DRN=250 DDN=400 DDN-AUV=400 SINK=500 m
AUV: speed=6.087 km/h contactDepth=500 m sinusAmplitude=0 m completePatrolInSimTime=0
UWOC: waterType=clear-ocean c=0.151 1/m opticalRange=30 m dataRate=2.5e+06 bps pointingSigma=0.75 m pointingCoherence=60 s m divergence=30 deg disableOpticalLoss=0
Traffic: load=0.05 pkt/s payloadBytes(H/M/L)=64/256/10000 ddnContactPacketsPerTick=0 sinkContactPacketsPerTick=0
Generated=4537 gatewayOriginated=2691 reachedDDN=4537 collectedByAUV=0 deliveredToSink=4536 directCriticalToSink=460 directMediumToSink=1386 directLowToSink=2690 mediumFallbackRhoMax=0 lowFallbackRhoMax=0 opticalTransfers=0 opticalAttempted=0 opticalLost=0 opticalPending=0 opticalLossPct=0 opticalMeanPktSuccess=0 opticalMeanSnrDb=0 acousticTransfers=17822 acousticTxBytes=34740606 acousticTxAirtimeS=8907.85 acousticSourceAttempts=2046 acousticRetransmissions=200 acousticRetryExhausted=0 acousticAcks=1846 acousticPending=0 directSourceAttempts=5084 directRetransmissions=546 directCyclesExhausted=1 directAcks=4536 directPending=1 mobileSourceAttempts=0 mobileRetransmissions=0 mobileContactFailures=0 mobileAcks=0 mobilePending=0 auvSurfaceSourceAttempts=0 auvSurfaceRetransmissions=0 auvSurfaceContactFailures=0 auvSurfaceAcks=0 auvSurfacePending=0 energyConsumedJ=85695.6 ddnBuffered=0 auvBuffered=0
Priority: highGenerated=460 mediumGenerated=1386 lowGenerated=2691 highDelivered=460 mediumDelivered=1386 lowDelivered=2690
PDR_surface=99.9780 %
AvgDelay_E2E=7.1655 s  (BSN->surface-sink, includes AUV transit)
Throughput=2377.7640 bps
EnergyPerPkt=18892.3387 mJ/pkt
PDR_DDN=40.6877 %  (BSN->DDN acoustic, comparable to Ahmed 2022)
AvgDelay_acoustic=2.1988 s  (BSN->DDN hop only, ~1-9 s reference range)
Priority_PDR: HIGH=100.0000% MEDIUM=100.0000% LOW=99.9628%
Priority_delay: HIGH=3.8061s MEDIUM=4.6422s LOW=9.0401s
Priority_miss: HIGH=0.0000% MEDIUM=0.0000% LOW=0.0372%
Priority_energy: HIGH=14.8283 mJ/byte MEDIUM=9.9625 mJ/byte LOW=2.7309 mJ/byte
Node_role_energy: BSN=8126.3856 J DRN=2563.1097 J DDN=68498.3144 J AUV=0.0000 J SINK=6507.8388 J dominant=DDN
Node_role_energy_pct: BSN=9.4828% DRN=2.9909% DDN=79.9321% AUV=0.0000% SINK=7.5941%
RESULT nodes=180 protocol=pure-acoustic matchHybridQueues=1 ddnBufferPolicy=priority nodeIdlePowerW=0.0005 trafficLoad=0.0500 trafficStop=91798.0300 sinkPlacement=hybrid generated=4537 delivered=4536 pdr=99.9780 avgDelayE2E=7.1655 avgDelayAcoustic=2.1988 pdrDDN=40.6877 throughputBps=2377.7640 energyJ=85695.6485 energyPerPktMj=18892.3387 pdrHigh=100.0000 pdrMedium=100.0000 pdrLow=99.9628 highAvgDelay=3.8061 mediumAvgDelay=4.6422 lowAvgDelay=9.0401 highMissRatio=0.0000 mediumMissRatio=0.0000 lowMissRatio=0.0372 burstGenerated=0 burstDelivered=0 burstMeanDelay=0.0000 burstDeadlineMiss=0 highDeadlineMiss=0 mediumDeadlineMiss=0 lowDeadlineMiss=0 directCritical=460 bufferDropped=0 bufferDroppedHigh=0 bufferDroppedMedium=0 bufferDroppedLow=0 directLow=2690 acousticSourceAttempts=2046 acousticRetransmissions=200 acousticRetryExhausted=0 acousticAcks=1846 acousticPending=0 directSourceAttempts=5084 directRetransmissions=546 directCyclesExhausted=1 directAcks=4536 directPending=1 mobileSourceAttempts=0 mobileRetransmissions=0 mobileContactFailures=0 mobileAcks=0 mobilePending=0 auvSurfaceSourceAttempts=0 auvSurfaceRetransmissions=0 auvSurfaceContactFailures=0 auvSurfaceAcks=0 auvSurfacePending=0 optical=0 opticalAttempted=0 opticalLost=0 opticalPending=0 opticalLossPct=0.0000 opticalMeanPktSuccess=0.0000 opticalMeanSnrDb=0.0000 directMedium=1386 highEnergyJ=436.5442 mediumEnergyJ=3534.8452 lowEnergyJ=73462.3491 bsnEnergyJ=8126.3856 drnEnergyJ=2563.1097 ddnEnergyJ=68498.3144 auvEnergyJ=0.0000 sinkEnergyJ=6507.8388 bsnEnergyPct=9.4828 drnEnergyPct=2.9909 ddnEnergyPct=79.9321 auvEnergyPct=0.0000 sinkEnergyPct=7.5941 dominantNodeRole=DDN highEnergyMjByte=14.8283 mediumEnergyMjByte=9.9625 lowEnergyMjByte=2.7309 rhoMax=0.0000 lowRhoMax=0.0000 opticalExtCoeff=0.1510
