[0/2] Re-checking globbed directories...
ninja: no work to do.
----------- Initializing AUV-Based EDC simulation -----------
Use sweeps like: ./ns3 run "scratch/edc --trafficLoad=1 --nodes=126"

----------- AUV-Based EDC UW-LSN summary -----------
Paper setup: MAC=Underwater MAC, UDP-like packets, omni acoustic, BW=25000 Hz, rate=31200 bps, simTime=91798 s, trafficStop=91798 s, protocol=pure-acoustic, auvCollectionMedium=none, energyModel=hardware, matchHybridQueues=1, ddnBufferPolicy=priority, nodeIdlePowerW=0.0005
Acoustic MAC: aloha (hop ACKs off; end-to-end retry)
Topology: BSN=144 DRN=36 DDN=8 SINK=15 sinkPlacement=hybrid AUV=0 length=12600 m pipelineDepth=1000 m ddnEomOffset=500 m
Ranges: BSN=100 DRN=250 DDN=400 DDN-AUV=400 SINK=500 m
AUV: speed=6.087 km/h contactDepth=500 m sinusAmplitude=0 m completePatrolInSimTime=0
UWOC: waterType=clear-ocean c=0.151 1/m opticalRange=30 m dataRate=2.5e+06 bps pointingSigma=0.75 m pointingCoherence=60 s m divergence=30 deg disableOpticalLoss=0
Traffic: load=0.05 pkt/s payloadBytes(H/M/L)=64/256/10000 ddnContactPacketsPerTick=0 sinkContactPacketsPerTick=0
Generated=4569 gatewayOriginated=2780 reachedDDN=4569 collectedByAUV=0 deliveredToSink=4569 directCriticalToSink=429 directMediumToSink=1360 directLowToSink=2780 mediumFallbackRhoMax=0 lowFallbackRhoMax=0 opticalTransfers=0 opticalAttempted=0 opticalLost=0 opticalPending=0 opticalLossPct=0 opticalMeanPktSuccess=0 opticalMeanSnrDb=0 acousticTransfers=17778 acousticTxBytes=35605122 acousticTxAirtimeS=9129.52 acousticSourceAttempts=1956 acousticRetransmissions=167 acousticRetryExhausted=0 acousticAcks=1789 acousticPending=0 directSourceAttempts=5120 directRetransmissions=551 directCyclesExhausted=0 directAcks=4569 directPending=0 mobileSourceAttempts=0 mobileRetransmissions=0 mobileContactFailures=0 mobileAcks=0 mobilePending=0 auvSurfaceSourceAttempts=0 auvSurfaceRetransmissions=0 auvSurfaceContactFailures=0 auvSurfaceAcks=0 auvSurfacePending=0 energyConsumedJ=87673.9 ddnBuffered=0 auvBuffered=0
Priority: highGenerated=429 mediumGenerated=1360 lowGenerated=2780 highDelivered=429 mediumDelivered=1360 lowDelivered=2780
PDR_surface=100.0000 %
AvgDelay_E2E=7.0797 s  (BSN->surface-sink, includes AUV transit)
Throughput=2455.4441 bps
EnergyPerPkt=19188.8507 mJ/pkt
PDR_DDN=39.1552 %  (BSN->DDN acoustic, comparable to Ahmed 2022)
AvgDelay_acoustic=2.0044 s  (BSN->DDN hop only, ~1-9 s reference range)
Priority_PDR: HIGH=100.0000% MEDIUM=100.0000% LOW=100.0000%
Priority_delay: HIGH=4.0784s MEDIUM=3.9809s LOW=9.0588s
Priority_miss: HIGH=0.0000% MEDIUM=0.0000% LOW=0.0000%
Priority_energy: HIGH=14.8293 mJ/byte MEDIUM=9.8220 mJ/byte LOW=2.7189 mJ/byte
Node_role_energy: BSN=8072.0628 J DRN=2503.8746 J DDN=70394.3427 J AUV=0.0000 J SINK=6703.5787 J dominant=DDN
Node_role_energy_pct: BSN=9.2069% DRN=2.8559% DDN=80.2911% AUV=0.0000% SINK=7.6460%
RESULT nodes=180 protocol=pure-acoustic matchHybridQueues=1 ddnBufferPolicy=priority nodeIdlePowerW=0.0005 trafficLoad=0.0500 trafficStop=91798.0300 sinkPlacement=hybrid generated=4569 delivered=4569 pdr=100.0000 avgDelayE2E=7.0797 avgDelayAcoustic=2.0044 pdrDDN=39.1552 throughputBps=2455.4441 energyJ=87673.8589 energyPerPktMj=19188.8507 pdrHigh=100.0000 pdrMedium=100.0000 pdrLow=100.0000 highAvgDelay=4.0784 mediumAvgDelay=3.9809 lowAvgDelay=9.0588 highMissRatio=0.0000 mediumMissRatio=0.0000 lowMissRatio=0.0000 burstGenerated=0 burstDelivered=0 burstMeanDelay=0.0000 burstDeadlineMiss=0 highDeadlineMiss=0 mediumDeadlineMiss=0 lowDeadlineMiss=0 directCritical=429 bufferDropped=0 bufferDroppedHigh=0 bufferDroppedMedium=0 bufferDroppedLow=0 directLow=2780 acousticSourceAttempts=1956 acousticRetransmissions=167 acousticRetryExhausted=0 acousticAcks=1789 acousticPending=0 directSourceAttempts=5120 directRetransmissions=551 directCyclesExhausted=0 directAcks=4569 directPending=0 mobileSourceAttempts=0 mobileRetransmissions=0 mobileContactFailures=0 mobileAcks=0 mobilePending=0 auvSurfaceSourceAttempts=0 auvSurfaceRetransmissions=0 auvSurfaceContactFailures=0 auvSurfaceAcks=0 auvSurfacePending=0 optical=0 opticalAttempted=0 opticalLost=0 opticalPending=0 opticalLossPct=0.0000 opticalMeanPktSuccess=0.0000 opticalMeanSnrDb=0.0000 directMedium=1360 highEnergyJ=407.1524 mediumEnergyJ=3419.6188 lowEnergyJ=75585.1776 bsnEnergyJ=8072.0628 drnEnergyJ=2503.8746 ddnEnergyJ=70394.3427 auvEnergyJ=0.0000 sinkEnergyJ=6703.5787 bsnEnergyPct=9.2069 drnEnergyPct=2.8559 ddnEnergyPct=80.2911 auvEnergyPct=0.0000 sinkEnergyPct=7.6460 dominantNodeRole=DDN highEnergyMjByte=14.8293 mediumEnergyMjByte=9.8220 lowEnergyMjByte=2.7189 rhoMax=0.0000 lowRhoMax=0.0000 opticalExtCoeff=0.1510
