[0/2] Re-checking globbed directories...
ninja: no work to do.
----------- Initializing AUV-Based EDC simulation -----------
Use sweeps like: ./ns3 run "scratch/edc --trafficLoad=1 --nodes=126"

----------- AUV-Based EDC UW-LSN summary -----------
Paper setup: MAC=Underwater MAC, UDP-like packets, omni acoustic, BW=25000 Hz, rate=31200 bps, simTime=91798 s, trafficStop=91798 s, protocol=pure-acoustic, auvCollectionMedium=none, energyModel=hardware, matchHybridQueues=1, ddnBufferPolicy=priority, nodeIdlePowerW=0.0005
Acoustic MAC: aloha (hop ACKs off; end-to-end retry)
Topology: BSN=144 DRN=36 DDN=8 SINK=15 sinkPlacement=hybrid AUV=0 length=12600 m pipelineDepth=1000 m ddnEomOffset=500 m
Ranges: BSN=100 DRN=250 DDN=400 DDN-AUV=400 SINK=500 m
AUV: speed=6.087 km/h contactDepth=500 m sinusAmplitude=0 m completePatrolInSimTime=0
UWOC: waterType=clear-ocean c=0.151 1/m opticalRange=30 m dataRate=2.5e+06 bps pointingSigma=0.75 m pointingCoherence=60 s m divergence=30 deg disableOpticalLoss=0
Traffic: load=0.05 pkt/s payloadBytes(H/M/L)=64/256/25000 ddnContactPacketsPerTick=0 sinkContactPacketsPerTick=0
Generated=4554 gatewayOriginated=2764 reachedDDN=4548 collectedByAUV=0 deliveredToSink=4548 directCriticalToSink=440 directMediumToSink=1344 directLowToSink=2764 mediumFallbackRhoMax=0 lowFallbackRhoMax=0 opticalTransfers=0 opticalAttempted=0 opticalLost=0 opticalPending=0 opticalLossPct=0 opticalMeanPktSuccess=0 opticalMeanSnrDb=0 acousticTransfers=38404 acousticTxBytes=107797956 acousticTxAirtimeS=27640.5 acousticSourceAttempts=2440 acousticRetransmissions=650 acousticRetryExhausted=6 acousticAcks=1784 acousticPending=0 directSourceAttempts=5970 directRetransmissions=1382 directCyclesExhausted=40 directAcks=4548 directPending=0 mobileSourceAttempts=0 mobileRetransmissions=0 mobileContactFailures=0 mobileAcks=0 mobilePending=0 auvSurfaceSourceAttempts=0 auvSurfaceRetransmissions=0 auvSurfaceContactFailures=0 auvSurfaceAcks=0 auvSurfacePending=0 energyConsumedJ=249252 ddnBuffered=0 auvBuffered=0
Priority: highGenerated=442 mediumGenerated=1348 lowGenerated=2764 highDelivered=440 mediumDelivered=1344 lowDelivered=2764
PDR_surface=99.8682 %
AvgDelay_E2E=25.8334 s  (BSN->surface-sink, includes AUV transit)
Throughput=6054.3542 bps
EnergyPerPkt=54804.7995 mJ/pkt
PDR_DDN=39.1744 %  (BSN->DDN acoustic, comparable to Ahmed 2022)
AvgDelay_acoustic=5.4098 s  (BSN->DDN hop only, ~1-9 s reference range)
Priority_PDR: HIGH=99.5475% MEDIUM=99.7033% LOW=100.0000%
Priority_delay: HIGH=11.9388s MEDIUM=13.2304s LOW=34.1735s
Priority_miss: HIGH=0.4525% MEDIUM=0.2967% LOW=0.0000%
Priority_energy: HIGH=16.8478 mJ/byte MEDIUM=11.4515 mJ/byte LOW=3.4237 mJ/byte
Node_role_energy: BSN=8458.3717 J DRN=2708.9485 J DDN=217773.0718 J AUV=0.0000 J SINK=20311.8363 J dominant=DDN
Node_role_energy_pct: BSN=3.3935% DRN=1.0868% DDN=87.3706% AUV=0.0000% SINK=8.1491%
RESULT nodes=180 protocol=pure-acoustic matchHybridQueues=1 ddnBufferPolicy=priority nodeIdlePowerW=0.0005 trafficLoad=0.0500 trafficStop=91798.0300 sinkPlacement=hybrid generated=4554 delivered=4548 pdr=99.8682 avgDelayE2E=25.8334 avgDelayAcoustic=5.4098 pdrDDN=39.1744 throughputBps=6054.3542 energyJ=249252.2282 energyPerPktMj=54804.7995 pdrHigh=99.5475 pdrMedium=99.7033 pdrLow=100.0000 highAvgDelay=11.9388 mediumAvgDelay=13.2304 lowAvgDelay=34.1735 highMissRatio=0.4525 mediumMissRatio=0.2967 lowMissRatio=0.0000 burstGenerated=0 burstDelivered=0 burstMeanDelay=0.0000 burstDeadlineMiss=0 highDeadlineMiss=0 mediumDeadlineMiss=0 lowDeadlineMiss=0 directCritical=440 bufferDropped=0 bufferDroppedHigh=0 bufferDroppedMedium=0 bufferDroppedLow=0 directLow=2764 acousticSourceAttempts=2440 acousticRetransmissions=650 acousticRetryExhausted=6 acousticAcks=1784 acousticPending=0 directSourceAttempts=5970 directRetransmissions=1382 directCyclesExhausted=40 directAcks=4548 directPending=0 mobileSourceAttempts=0 mobileRetransmissions=0 mobileContactFailures=0 mobileAcks=0 mobilePending=0 auvSurfaceSourceAttempts=0 auvSurfaceRetransmissions=0 auvSurfaceContactFailures=0 auvSurfaceAcks=0 auvSurfacePending=0 optical=0 opticalAttempted=0 opticalLost=0 opticalPending=0 opticalLossPct=0.0000 opticalMeanPktSuccess=0.0000 opticalMeanSnrDb=0.0000 directMedium=1344 highEnergyJ=474.4338 mediumEnergyJ=3940.0366 lowEnergyJ=236575.8478 bsnEnergyJ=8458.3717 drnEnergyJ=2708.9485 ddnEnergyJ=217773.0718 auvEnergyJ=0.0000 sinkEnergyJ=20311.8363 bsnEnergyPct=3.3935 drnEnergyPct=1.0868 ddnEnergyPct=87.3706 auvEnergyPct=0.0000 sinkEnergyPct=8.1491 dominantNodeRole=DDN highEnergyMjByte=16.8478 mediumEnergyMjByte=11.4515 lowEnergyMjByte=3.4237 rhoMax=0.0000 lowRhoMax=0.0000 opticalExtCoeff=0.1510
