[0/2] Re-checking globbed directories...
ninja: no work to do.
----------- Initializing AUV-Based EDC simulation -----------
Use sweeps like: ./ns3 run "scratch/edc --trafficLoad=1 --nodes=126"

----------- AUV-Based EDC UW-LSN summary -----------
Paper setup: MAC=Underwater MAC, UDP-like packets, omni acoustic, BW=25000 Hz, rate=31200 bps, simTime=91798 s, trafficStop=91798 s, protocol=pure-acoustic, auvCollectionMedium=none, energyModel=hardware, matchHybridQueues=1, ddnBufferPolicy=priority, nodeIdlePowerW=0.0005
Acoustic MAC: aloha (hop ACKs off; end-to-end retry)
Topology: BSN=144 DRN=36 DDN=8 SINK=15 sinkPlacement=hybrid AUV=0 length=12600 m pipelineDepth=1000 m ddnEomOffset=500 m
Ranges: BSN=100 DRN=250 DDN=400 DDN-AUV=400 SINK=500 m
AUV: speed=6.087 km/h contactDepth=500 m sinusAmplitude=0 m completePatrolInSimTime=0
UWOC: waterType=clear-ocean c=0.151 1/m opticalRange=30 m dataRate=2.5e+06 bps pointingSigma=0.75 m pointingCoherence=60 s m divergence=30 deg disableOpticalLoss=0
Traffic: load=0.05 pkt/s payloadBytes(H/M/L)=64/256/25000 ddnContactPacketsPerTick=0 sinkContactPacketsPerTick=0
Generated=4537 gatewayOriginated=2691 reachedDDN=4530 collectedByAUV=0 deliveredToSink=4529 directCriticalToSink=459 directMediumToSink=1380 directLowToSink=2690 mediumFallbackRhoMax=0 lowFallbackRhoMax=0 opticalTransfers=0 opticalAttempted=0 opticalLost=0 opticalPending=0 opticalLossPct=0 opticalMeanPktSuccess=0 opticalMeanSnrDb=0 acousticTransfers=38097 acousticTxBytes=106119609 acousticTxAirtimeS=27210.2 acousticSourceAttempts=2466 acousticRetransmissions=620 acousticRetryExhausted=7 acousticAcks=1839 acousticPending=0 directSourceAttempts=5950 directRetransmissions=1371 directCyclesExhausted=49 directAcks=4529 directPending=1 mobileSourceAttempts=0 mobileRetransmissions=0 mobileContactFailures=0 mobileAcks=0 mobilePending=0 auvSurfaceSourceAttempts=0 auvSurfaceRetransmissions=0 auvSurfaceContactFailures=0 auvSurfaceAcks=0 auvSurfacePending=0 energyConsumedJ=245412 ddnBuffered=0 auvBuffered=0
Priority: highGenerated=460 mediumGenerated=1386 lowGenerated=2691 highDelivered=459 mediumDelivered=1380 lowDelivered=2690
PDR_surface=99.8237 %
AvgDelay_E2E=25.2593 s  (BSN->surface-sink, includes AUV transit)
Throughput=5894.0399 bps
EnergyPerPkt=54186.7563 mJ/pkt
PDR_DDN=40.5334 %  (BSN->DDN acoustic, comparable to Ahmed 2022)
AvgDelay_acoustic=5.0449 s  (BSN->DDN hop only, ~1-9 s reference range)
Priority_PDR: HIGH=99.7826% MEDIUM=99.5671% LOW=99.9628%
Priority_delay: HIGH=11.7767s MEDIUM=14.2366s LOW=33.2146s
Priority_miss: HIGH=0.2174% MEDIUM=0.4329% LOW=0.0372%
Priority_energy: HIGH=16.7682 mJ/byte MEDIUM=11.3321 mJ/byte LOW=3.4595 mJ/byte
Node_role_energy: BSN=8481.2100 J DRN=2737.6666 J DDN=214279.6474 J AUV=0.0000 J SINK=19913.2952 J dominant=DDN
Node_role_energy_pct: BSN=3.4559% DRN=1.1155% DDN=87.3143% AUV=0.0000% SINK=8.1142%
RESULT nodes=180 protocol=pure-acoustic matchHybridQueues=1 ddnBufferPolicy=priority nodeIdlePowerW=0.0005 trafficLoad=0.0500 trafficStop=91798.0300 sinkPlacement=hybrid generated=4537 delivered=4529 pdr=99.8237 avgDelayE2E=25.2593 avgDelayAcoustic=5.0449 pdrDDN=40.5334 throughputBps=5894.0399 energyJ=245411.8191 energyPerPktMj=54186.7563 pdrHigh=99.7826 pdrMedium=99.5671 pdrLow=99.9628 highAvgDelay=11.7767 mediumAvgDelay=14.2366 lowAvgDelay=33.2146 highMissRatio=0.2174 mediumMissRatio=0.4329 lowMissRatio=0.0372 burstGenerated=0 burstDelivered=0 burstMeanDelay=0.0000 burstDeadlineMiss=0 highDeadlineMiss=0 mediumDeadlineMiss=0 lowDeadlineMiss=0 directCritical=459 bufferDropped=0 bufferDroppedHigh=0 bufferDroppedMedium=0 bufferDroppedLow=0 directLow=2690 acousticSourceAttempts=2466 acousticRetransmissions=620 acousticRetryExhausted=7 acousticAcks=1839 acousticPending=0 directSourceAttempts=5950 directRetransmissions=1371 directCyclesExhausted=49 directAcks=4529 directPending=1 mobileSourceAttempts=0 mobileRetransmissions=0 mobileContactFailures=0 mobileAcks=0 mobilePending=0 auvSurfaceSourceAttempts=0 auvSurfaceRetransmissions=0 auvSurfaceContactFailures=0 auvSurfaceAcks=0 auvSurfacePending=0 optical=0 opticalAttempted=0 opticalLost=0 opticalPending=0 opticalLossPct=0.0000 opticalMeanPktSuccess=0.0000 opticalMeanSnrDb=0.0000 directMedium=1380 highEnergyJ=492.5819 mediumEnergyJ=4003.3972 lowEnergyJ=232653.9301 bsnEnergyJ=8481.2100 drnEnergyJ=2737.6666 ddnEnergyJ=214279.6474 auvEnergyJ=0.0000 sinkEnergyJ=19913.2952 bsnEnergyPct=3.4559 drnEnergyPct=1.1155 ddnEnergyPct=87.3143 auvEnergyPct=0.0000 sinkEnergyPct=8.1142 dominantNodeRole=DDN highEnergyMjByte=16.7682 mediumEnergyMjByte=11.3321 lowEnergyMjByte=3.4595 rhoMax=0.0000 lowRhoMax=0.0000 opticalExtCoeff=0.1510
