[0/2] Re-checking globbed directories...
ninja: no work to do.
----------- Initializing AUV-Based EDC simulation -----------
Use sweeps like: ./ns3 run "scratch/edc --trafficLoad=1 --nodes=126"

----------- AUV-Based EDC UW-LSN summary -----------
Paper setup: MAC=Underwater MAC, UDP-like packets, omni acoustic, BW=25000 Hz, rate=31200 bps, simTime=91798 s, trafficStop=91798 s, protocol=pure-acoustic, auvCollectionMedium=none, energyModel=hardware, matchHybridQueues=1, ddnBufferPolicy=priority, nodeIdlePowerW=0.0005
Acoustic MAC: aloha (hop ACKs off; end-to-end retry)
Topology: BSN=144 DRN=36 DDN=8 SINK=15 sinkPlacement=hybrid AUV=0 length=12600 m pipelineDepth=1000 m ddnEomOffset=500 m
Ranges: BSN=100 DRN=250 DDN=400 DDN-AUV=400 SINK=500 m
AUV: speed=6.087 km/h contactDepth=500 m sinusAmplitude=0 m completePatrolInSimTime=0
UWOC: waterType=clear-ocean c=0.151 1/m opticalRange=30 m dataRate=2.5e+06 bps pointingSigma=0.75 m pointingCoherence=60 s m divergence=30 deg disableOpticalLoss=0
Traffic: load=0.05 pkt/s payloadBytes(H/M/L)=64/256/25000 ddnContactPacketsPerTick=0 sinkContactPacketsPerTick=0
Generated=4592 gatewayOriginated=2758 reachedDDN=4586 collectedByAUV=0 deliveredToSink=4584 directCriticalToSink=453 directMediumToSink=1375 directLowToSink=2756 mediumFallbackRhoMax=0 lowFallbackRhoMax=0 opticalTransfers=0 opticalAttempted=0 opticalLost=0 opticalPending=0 opticalLossPct=0 opticalMeanPktSuccess=0 opticalMeanSnrDb=0 acousticTransfers=38769 acousticTxBytes=108861153 acousticTxAirtimeS=27913.1 acousticSourceAttempts=2424 acousticRetransmissions=590 acousticRetryExhausted=6 acousticAcks=1828 acousticPending=0 directSourceAttempts=6049 directRetransmissions=1423 directCyclesExhausted=41 directAcks=4584 directPending=1 mobileSourceAttempts=0 mobileRetransmissions=0 mobileContactFailures=0 mobileAcks=0 mobilePending=0 auvSurfaceSourceAttempts=0 auvSurfaceRetransmissions=0 auvSurfaceContactFailures=0 auvSurfaceAcks=0 auvSurfacePending=0 energyConsumedJ=251603 ddnBuffered=1 auvBuffered=0
Priority: highGenerated=454 mediumGenerated=1380 lowGenerated=2758 highDelivered=453 mediumDelivered=1375 lowDelivered=2756
PDR_surface=99.8258 %
AvgDelay_E2E=26.3676 s  (BSN->surface-sink, includes AUV transit)
Throughput=6037.6888 bps
EnergyPerPkt=54887.2132 mJ/pkt
PDR_DDN=39.8084 %  (BSN->DDN acoustic, comparable to Ahmed 2022)
AvgDelay_acoustic=4.8678 s  (BSN->DDN hop only, ~1-9 s reference range)
Priority_PDR: HIGH=99.7797% MEDIUM=99.6377% LOW=99.9275%
Priority_delay: HIGH=13.8052s MEDIUM=13.6098s LOW=34.7975s
Priority_miss: HIGH=0.2203% MEDIUM=0.3623% LOW=0.0725%
Priority_energy: HIGH=16.7798 mJ/byte MEDIUM=11.2517 mJ/byte LOW=3.4673 mJ/byte
Node_role_energy: BSN=8477.7512 J DRN=2697.2131 J DDN=219946.5520 J AUV=0.0000 J SINK=20481.4689 J dominant=DDN
Node_role_energy_pct: BSN=3.3695% DRN=1.0720% DDN=87.4181% AUV=0.0000% SINK=8.1404%
RESULT nodes=180 protocol=pure-acoustic matchHybridQueues=1 ddnBufferPolicy=priority nodeIdlePowerW=0.0005 trafficLoad=0.0500 trafficStop=91798.0300 sinkPlacement=hybrid generated=4592 delivered=4584 pdr=99.8258 avgDelayE2E=26.3676 avgDelayAcoustic=4.8678 pdrDDN=39.8084 throughputBps=6037.6888 energyJ=251602.9852 energyPerPktMj=54887.2132 pdrHigh=99.7797 pdrMedium=99.6377 pdrLow=99.9275 highAvgDelay=13.8052 mediumAvgDelay=13.6098 lowAvgDelay=34.7975 highMissRatio=0.2203 mediumMissRatio=0.3623 lowMissRatio=0.0725 burstGenerated=0 burstDelivered=0 burstMeanDelay=0.0000 burstDeadlineMiss=0 highDeadlineMiss=0 mediumDeadlineMiss=0 lowDeadlineMiss=0 directCritical=453 bufferDropped=0 bufferDroppedHigh=0 bufferDroppedMedium=0 bufferDroppedLow=0 directLow=2756 acousticSourceAttempts=2424 acousticRetransmissions=590 acousticRetryExhausted=6 acousticAcks=1828 acousticPending=0 directSourceAttempts=6049 directRetransmissions=1423 directCyclesExhausted=41 directAcks=4584 directPending=1 mobileSourceAttempts=0 mobileRetransmissions=0 mobileContactFailures=0 mobileAcks=0 mobilePending=0 auvSurfaceSourceAttempts=0 auvSurfaceRetransmissions=0 auvSurfaceContactFailures=0 auvSurfaceAcks=0 auvSurfacePending=0 optical=0 opticalAttempted=0 opticalLost=0 opticalPending=0 opticalLossPct=0.0000 opticalMeanPktSuccess=0.0000 opticalMeanSnrDb=0.0000 directMedium=1375 highEnergyJ=486.4814 mediumEnergyJ=3960.5924 lowEnergyJ=238894.0014 bsnEnergyJ=8477.7512 drnEnergyJ=2697.2131 ddnEnergyJ=219946.5520 auvEnergyJ=0.0000 sinkEnergyJ=20481.4689 bsnEnergyPct=3.3695 drnEnergyPct=1.0720 ddnEnergyPct=87.4181 auvEnergyPct=0.0000 sinkEnergyPct=8.1404 dominantNodeRole=DDN highEnergyMjByte=16.7798 mediumEnergyMjByte=11.2517 lowEnergyMjByte=3.4673 rhoMax=0.0000 lowRhoMax=0.0000 opticalExtCoeff=0.1510
