[0/2] Re-checking globbed directories...
ninja: no work to do.
----------- Initializing AUV-Based EDC simulation -----------
Use sweeps like: ./ns3 run "scratch/edc --trafficLoad=1 --nodes=126"

----------- AUV-Based EDC UW-LSN summary -----------
Paper setup: MAC=Underwater MAC, UDP-like packets, omni acoustic, BW=25000 Hz, rate=31200 bps, simTime=91798 s, trafficStop=91798 s, protocol=contribution, auvCollectionMedium=optical, energyModel=hardware, matchHybridQueues=0, ddnBufferPolicy=priority, nodeIdlePowerW=0.0005
Acoustic MAC: aloha (hop ACKs off; end-to-end retry)
Topology: BSN=144 DRN=36 DDN=8 SINK=15 sinkPlacement=hybrid AUV=1 length=12600 m pipelineDepth=1000 m ddnEomOffset=500 m
Ranges: BSN=100 DRN=250 DDN=400 DDN-AUV=400 SINK=500 m
AUV: speed=6.087 km/h contactDepth=500 m sinusAmplitude=0 m completePatrolInSimTime=0
UWOC: waterType=clear-ocean c=0.151 1/m opticalRange=30 m dataRate=2.5e+06 bps pointingSigma=0.75 m pointingCoherence=60 s m divergence=30 deg disableOpticalLoss=0
Traffic: load=0.05 pkt/s payloadBytes(H/M/L)=64/256/10000 ddnContactPacketsPerTick=0 sinkContactPacketsPerTick=0
Generated=4569 gatewayOriginated=2780 reachedDDN=4569 collectedByAUV=2672 deliveredToSink=4213 directCriticalToSink=422 directMediumToSink=1119 directLowToSink=0 mediumFallbackRhoMax=0.4 lowFallbackRhoMax=0 opticalTransfers=2672 opticalAttempted=2672 opticalLost=0 opticalPending=0 opticalLossPct=0 opticalMeanPktSuccess=1 opticalMeanSnrDb=43.7388 acousticTransfers=15899 acousticTxBytes=31122259 acousticTxAirtimeS=7980.07 acousticSourceAttempts=1811 acousticRetransmissions=22 acousticRetryExhausted=0 acousticAcks=1789 acousticPending=0 directSourceAttempts=1549 directRetransmissions=8 directCyclesExhausted=0 directAcks=1541 directPending=0 mobileSourceAttempts=0 mobileRetransmissions=0 mobileContactFailures=0 mobileAcks=0 mobilePending=0 auvSurfaceSourceAttempts=2977 auvSurfaceRetransmissions=301 auvSurfaceContactFailures=4 auvSurfaceAcks=2672 auvSurfacePending=0 energyConsumedJ=2.0875e+07 ddnBuffered=198 auvBuffered=0
Priority: highGenerated=429 mediumGenerated=1360 lowGenerated=2780 highDelivered=429 mediumDelivered=1192 lowDelivered=2592
PDR_surface=92.2084 %
AvgDelay_E2E=3687.9876 s  (BSN->surface-sink, includes AUV transit)
Throughput=2287.8581 bps
EnergyPerPkt=4954893.5764 mJ/pkt
PDR_DDN=39.1552 %  (BSN->DDN acoustic, comparable to Ahmed 2022)
AvgDelay_acoustic=0.9431 s  (BSN->DDN hop only, ~1-9 s reference range)
Priority_PDR: HIGH=100.0000% MEDIUM=87.6471% LOW=93.2374%
Priority_delay: HIGH=6.1699s MEDIUM=281.5065s LOW=5863.9233s
Priority_miss: HIGH=1.3986% MEDIUM=13.0147% LOW=6.7626%
Priority_energy: HIGH=13.9225 mJ/byte MEDIUM=10.3483 mJ/byte LOW=2.6269 mJ/byte
Node_role_energy: BSN=7953.0977 J DRN=2452.4149 J DDN=2458.0801 J AUV=20856107.4307 J SINK=5995.6142 J dominant=AUV
Node_role_energy_pct: BSN=0.0381% DRN=0.0117% DDN=0.0118% AUV=99.9097% SINK=0.0287%
RESULT nodes=180 protocol=contribution matchHybridQueues=0 ddnBufferPolicy=priority nodeIdlePowerW=0.0005 trafficLoad=0.0500 trafficStop=91798.0300 sinkPlacement=hybrid generated=4569 delivered=4213 pdr=92.2084 avgDelayE2E=3687.9876 avgDelayAcoustic=0.9431 pdrDDN=39.1552 throughputBps=2287.8581 energyJ=20874966.6376 energyPerPktMj=4954893.5764 pdrHigh=100.0000 pdrMedium=87.6471 pdrLow=93.2374 highAvgDelay=6.1699 mediumAvgDelay=281.5065 lowAvgDelay=5863.9233 highMissRatio=1.3986 mediumMissRatio=13.0147 lowMissRatio=6.7626 burstGenerated=0 burstDelivered=0 burstMeanDelay=0.0000 burstDeadlineMiss=0 highDeadlineMiss=6 mediumDeadlineMiss=9 lowDeadlineMiss=0 directCritical=422 bufferDropped=0 bufferDroppedHigh=0 bufferDroppedMedium=0 bufferDroppedLow=0 directLow=0 acousticSourceAttempts=1811 acousticRetransmissions=22 acousticRetryExhausted=0 acousticAcks=1789 acousticPending=0 directSourceAttempts=1549 directRetransmissions=8 directCyclesExhausted=0 directAcks=1541 directPending=0 mobileSourceAttempts=0 mobileRetransmissions=0 mobileContactFailures=0 mobileAcks=0 mobilePending=0 auvSurfaceSourceAttempts=2977 auvSurfaceRetransmissions=301 auvSurfaceContactFailures=4 auvSurfaceAcks=2672 auvSurfacePending=0 optical=2672 opticalAttempted=2672 opticalLost=0 opticalPending=0 opticalLossPct=0.0000 opticalMeanPktSuccess=1.0000 opticalMeanSnrDb=43.7388 directMedium=1119 highEnergyJ=382.2575 mediumEnergyJ=3157.7933 lowEnergyJ=68087.9522 bsnEnergyJ=7953.0977 drnEnergyJ=2452.4149 ddnEnergyJ=2458.0801 auvEnergyJ=20856107.4307 sinkEnergyJ=5995.6142 bsnEnergyPct=0.0381 drnEnergyPct=0.0117 ddnEnergyPct=0.0118 auvEnergyPct=99.9097 sinkEnergyPct=0.0287 dominantNodeRole=AUV highEnergyMjByte=13.9225 mediumEnergyMjByte=10.3483 lowEnergyMjByte=2.6269 rhoMax=0.4000 lowRhoMax=0.0000 opticalExtCoeff=0.1510
