[0/2] Re-checking globbed directories...
ninja: no work to do.
----------- Initializing AUV-Based EDC simulation -----------
Use sweeps like: ./ns3 run "scratch/edc --trafficLoad=1 --nodes=126"

----------- AUV-Based EDC UW-LSN summary -----------
Paper setup: MAC=Underwater MAC, UDP-like packets, omni acoustic, BW=25000 Hz, rate=31200 bps, simTime=91798 s, trafficStop=91798 s, protocol=contribution, auvCollectionMedium=optical, energyModel=hardware, matchHybridQueues=0, ddnBufferPolicy=priority, nodeIdlePowerW=0.0005
Acoustic MAC: aloha (hop ACKs off; end-to-end retry)
Topology: BSN=144 DRN=36 DDN=8 SINK=15 sinkPlacement=hybrid AUV=1 length=12600 m pipelineDepth=1000 m ddnEomOffset=500 m
Ranges: BSN=100 DRN=250 DDN=400 DDN-AUV=400 SINK=500 m
AUV: speed=6.087 km/h contactDepth=500 m sinusAmplitude=0 m completePatrolInSimTime=0
UWOC: waterType=clear-ocean c=0.151 1/m opticalRange=30 m dataRate=2.5e+06 bps pointingSigma=0.75 m pointingCoherence=60 s m divergence=30 deg disableOpticalLoss=0
Traffic: load=0.05 pkt/s payloadBytes(H/M/L)=64/256/10000 ddnContactPacketsPerTick=0 sinkContactPacketsPerTick=0
Generated=4592 gatewayOriginated=2758 reachedDDN=4592 collectedByAUV=2635 deliveredToSink=4160 directCriticalToSink=453 directMediumToSink=1072 directLowToSink=0 mediumFallbackRhoMax=0.4 lowFallbackRhoMax=0 opticalTransfers=2635 opticalAttempted=2636 opticalLost=1 opticalPending=0 opticalLossPct=0.0379363 opticalMeanPktSuccess=0.999621 opticalMeanSnrDb=43.5386 acousticTransfers=15850 acousticTxBytes=30689418 acousticTxAirtimeS=7869.08 acousticSourceAttempts=1838 acousticRetransmissions=4 acousticRetryExhausted=0 acousticAcks=1834 acousticPending=0 directSourceAttempts=1535 directRetransmissions=10 directCyclesExhausted=0 directAcks=1525 directPending=0 mobileSourceAttempts=0 mobileRetransmissions=0 mobileContactFailures=0 mobileAcks=0 mobilePending=0 auvSurfaceSourceAttempts=2956 auvSurfaceRetransmissions=316 auvSurfaceContactFailures=5 auvSurfaceAcks=2635 auvSurfacePending=0 energyConsumedJ=2.08739e+07 ddnBuffered=230 auvBuffered=0
Priority: highGenerated=454 mediumGenerated=1380 lowGenerated=2758 highDelivered=454 mediumDelivered=1174 lowDelivered=2532
PDR_surface=90.5923 %
AvgDelay_E2E=3675.2885 s  (BSN->surface-sink, includes AUV transit)
Throughput=2235.3072 bps
EnergyPerPkt=5017768.1036 mJ/pkt
PDR_DDN=39.9390 %  (BSN->DDN acoustic, comparable to Ahmed 2022)
AvgDelay_acoustic=0.8071 s  (BSN->DDN hop only, ~1-9 s reference range)
Priority_PDR: HIGH=100.0000% MEDIUM=85.0725% LOW=91.8057%
Priority_delay: HIGH=3.5976s MEDIUM=412.7230s LOW=5846.3784s
Priority_miss: HIGH=0.2203% MEDIUM=17.3913% LOW=8.1943%
Priority_energy: HIGH=14.0893 mJ/byte MEDIUM=10.4670 mJ/byte LOW=2.6470 mJ/byte
Node_role_energy: BSN=7941.9217 J DRN=2479.8949 J DDN=2412.3655 J AUV=20855201.7181 J SINK=5879.4107 J dominant=AUV
Node_role_energy_pct: BSN=0.0380% DRN=0.0119% DDN=0.0116% AUV=99.9103% SINK=0.0282%
RESULT nodes=180 protocol=contribution matchHybridQueues=0 ddnBufferPolicy=priority nodeIdlePowerW=0.0005 trafficLoad=0.0500 trafficStop=91798.0300 sinkPlacement=hybrid generated=4592 delivered=4160 pdr=90.5923 avgDelayE2E=3675.2885 avgDelayAcoustic=0.8071 pdrDDN=39.9390 throughputBps=2235.3072 energyJ=20873915.3109 energyPerPktMj=5017768.1036 pdrHigh=100.0000 pdrMedium=85.0725 pdrLow=91.8057 highAvgDelay=3.5976 mediumAvgDelay=412.7230 lowAvgDelay=5846.3784 highMissRatio=0.2203 mediumMissRatio=17.3913 lowMissRatio=8.1943 burstGenerated=0 burstDelivered=0 burstMeanDelay=0.0000 burstDeadlineMiss=0 highDeadlineMiss=1 mediumDeadlineMiss=34 lowDeadlineMiss=0 directCritical=453 bufferDropped=0 bufferDroppedHigh=0 bufferDroppedMedium=0 bufferDroppedLow=0 directLow=0 acousticSourceAttempts=1838 acousticRetransmissions=4 acousticRetryExhausted=0 acousticAcks=1834 acousticPending=0 directSourceAttempts=1535 directRetransmissions=10 directCyclesExhausted=0 directAcks=1525 directPending=0 mobileSourceAttempts=0 mobileRetransmissions=0 mobileContactFailures=0 mobileAcks=0 mobilePending=0 auvSurfaceSourceAttempts=2956 auvSurfaceRetransmissions=316 auvSurfaceContactFailures=5 auvSurfaceAcks=2635 auvSurfacePending=0 optical=2635 opticalAttempted=2636 opticalLost=1 opticalPending=0 opticalLossPct=0.0379 opticalMeanPktSuccess=0.9996 opticalMeanSnrDb=43.5386 directMedium=1072 highEnergyJ=409.3783 mediumEnergyJ=3145.8004 lowEnergyJ=67021.4976 bsnEnergyJ=7941.9217 drnEnergyJ=2479.8949 ddnEnergyJ=2412.3655 auvEnergyJ=20855201.7181 sinkEnergyJ=5879.4107 bsnEnergyPct=0.0380 drnEnergyPct=0.0119 ddnEnergyPct=0.0116 auvEnergyPct=99.9103 sinkEnergyPct=0.0282 dominantNodeRole=AUV highEnergyMjByte=14.0893 mediumEnergyMjByte=10.4670 lowEnergyMjByte=2.6470 rhoMax=0.4000 lowRhoMax=0.0000 opticalExtCoeff=0.1510
