[0/2] Re-checking globbed directories...
ninja: no work to do.
----------- Initializing AUV-Based EDC simulation -----------
Use sweeps like: ./ns3 run "scratch/edc --trafficLoad=1 --nodes=126"

----------- AUV-Based EDC UW-LSN summary -----------
Paper setup: MAC=Underwater MAC, UDP-like packets, omni acoustic, BW=25000 Hz, rate=31200 bps, simTime=91798 s, trafficStop=91798 s, protocol=contribution, auvCollectionMedium=optical, energyModel=hardware, matchHybridQueues=0, ddnBufferPolicy=priority, nodeIdlePowerW=0.0005
Acoustic MAC: aloha (hop ACKs off; end-to-end retry)
Topology: BSN=144 DRN=36 DDN=8 SINK=15 sinkPlacement=hybrid AUV=1 length=12600 m pipelineDepth=1000 m ddnEomOffset=500 m
Ranges: BSN=100 DRN=250 DDN=400 DDN-AUV=400 SINK=500 m
AUV: speed=6.087 km/h contactDepth=500 m sinusAmplitude=0 m completePatrolInSimTime=0
UWOC: waterType=clear-ocean c=0.151 1/m opticalRange=30 m dataRate=2.5e+06 bps pointingSigma=0.75 m pointingCoherence=60 s m divergence=30 deg disableOpticalLoss=0
Traffic: load=0.05 pkt/s payloadBytes(H/M/L)=64/256/10000 ddnContactPacketsPerTick=0 sinkContactPacketsPerTick=0
Generated=4554 gatewayOriginated=2764 reachedDDN=4554 collectedByAUV=2610 deliveredToSink=4178 directCriticalToSink=441 directMediumToSink=1127 directLowToSink=0 mediumFallbackRhoMax=0.4 lowFallbackRhoMax=0 opticalTransfers=2610 opticalAttempted=2610 opticalLost=0 opticalPending=0 opticalLossPct=0 opticalMeanPktSuccess=1 opticalMeanSnrDb=43.49 acousticTransfers=15707 acousticTxBytes=30554419 acousticTxAirtimeS=7834.47 acousticSourceAttempts=1803 acousticRetransmissions=13 acousticRetryExhausted=0 acousticAcks=1790 acousticPending=0 directSourceAttempts=1581 directRetransmissions=13 directCyclesExhausted=0 directAcks=1568 directPending=0 mobileSourceAttempts=0 mobileRetransmissions=0 mobileContactFailures=0 mobileAcks=0 mobilePending=0 auvSurfaceSourceAttempts=2913 auvSurfaceRetransmissions=300 auvSurfaceContactFailures=3 auvSurfaceAcks=2610 auvSurfacePending=0 energyConsumedJ=2.08737e+07 ddnBuffered=245 auvBuffered=0
Priority: highGenerated=442 mediumGenerated=1348 lowGenerated=2764 highDelivered=442 mediumDelivered=1197 lowDelivered=2539
PDR_surface=91.7435 %
AvgDelay_E2E=3614.9603 s  (BSN->surface-sink, includes AUV transit)
Throughput=2241.8538 bps
EnergyPerPkt=4996090.8247 mJ/pkt
PDR_DDN=39.3061 %  (BSN->DDN acoustic, comparable to Ahmed 2022)
AvgDelay_acoustic=0.8767 s  (BSN->DDN hop only, ~1-9 s reference range)
Priority_PDR: HIGH=100.0000% MEDIUM=88.7982% LOW=91.8596%
Priority_delay: HIGH=3.0727s MEDIUM=316.7809s LOW=5798.6449s
Priority_miss: HIGH=0.0000% MEDIUM=13.1306% LOW=8.1404%
Priority_energy: HIGH=14.0203 mJ/byte MEDIUM=10.1652 mJ/byte LOW=2.6316 mJ/byte
Node_role_energy: BSN=7908.9330 J DRN=2457.5688 J DDN=2445.7791 J AUV=20854975.7918 J SINK=5879.3928 J dominant=AUV
Node_role_energy_pct: BSN=0.0379% DRN=0.0118% DDN=0.0117% AUV=99.9105% SINK=0.0282%
RESULT nodes=180 protocol=contribution matchHybridQueues=0 ddnBufferPolicy=priority nodeIdlePowerW=0.0005 trafficLoad=0.0500 trafficStop=91798.0300 sinkPlacement=hybrid generated=4554 delivered=4178 pdr=91.7435 avgDelayE2E=3614.9603 avgDelayAcoustic=0.8767 pdrDDN=39.3061 throughputBps=2241.8538 energyJ=20873667.4655 energyPerPktMj=4996090.8247 pdrHigh=100.0000 pdrMedium=88.7982 pdrLow=91.8596 highAvgDelay=3.0727 mediumAvgDelay=316.7809 lowAvgDelay=5798.6449 highMissRatio=0.0000 mediumMissRatio=13.1306 lowMissRatio=8.1404 burstGenerated=0 burstDelivered=0 burstMeanDelay=0.0000 burstDeadlineMiss=0 highDeadlineMiss=0 mediumDeadlineMiss=26 lowDeadlineMiss=0 directCritical=441 bufferDropped=0 bufferDroppedHigh=0 bufferDroppedMedium=0 bufferDroppedLow=0 directLow=0 acousticSourceAttempts=1803 acousticRetransmissions=13 acousticRetryExhausted=0 acousticAcks=1790 acousticPending=0 directSourceAttempts=1581 directRetransmissions=13 directCyclesExhausted=0 directAcks=1568 directPending=0 mobileSourceAttempts=0 mobileRetransmissions=0 mobileContactFailures=0 mobileAcks=0 mobilePending=0 auvSurfaceSourceAttempts=2913 auvSurfaceRetransmissions=300 auvSurfaceContactFailures=3 auvSurfaceAcks=2610 auvSurfacePending=0 optical=2610 opticalAttempted=2610 opticalLost=0 opticalPending=0 opticalLossPct=0.0000 opticalMeanPktSuccess=1.0000 opticalMeanSnrDb=43.4900 directMedium=1127 highEnergyJ=396.6072 mediumEnergyJ=3114.9514 lowEnergyJ=66817.2723 bsnEnergyJ=7908.9330 drnEnergyJ=2457.5688 ddnEnergyJ=2445.7791 auvEnergyJ=20854975.7918 sinkEnergyJ=5879.3928 bsnEnergyPct=0.0379 drnEnergyPct=0.0118 ddnEnergyPct=0.0117 auvEnergyPct=99.9105 sinkEnergyPct=0.0282 dominantNodeRole=AUV highEnergyMjByte=14.0203 mediumEnergyMjByte=10.1652 lowEnergyMjByte=2.6316 rhoMax=0.4000 lowRhoMax=0.0000 opticalExtCoeff=0.1510
