[0/2] Re-checking globbed directories...
ninja: no work to do.
----------- Initializing AUV-Based EDC simulation -----------
Use sweeps like: ./ns3 run "scratch/edc --trafficLoad=1 --nodes=126"

----------- AUV-Based EDC UW-LSN summary -----------
Paper setup: MAC=Underwater MAC, UDP-like packets, omni acoustic, BW=25000 Hz, rate=31200 bps, simTime=91798 s, trafficStop=91798 s, protocol=contribution, auvCollectionMedium=optical, energyModel=hardware, matchHybridQueues=0, ddnBufferPolicy=priority, nodeIdlePowerW=0.0005
Acoustic MAC: aloha (hop ACKs off; end-to-end retry)
Topology: BSN=144 DRN=36 DDN=8 SINK=15 sinkPlacement=hybrid AUV=1 length=12600 m pipelineDepth=1000 m ddnEomOffset=500 m
Ranges: BSN=100 DRN=250 DDN=400 DDN-AUV=400 SINK=500 m
AUV: speed=6.087 km/h contactDepth=500 m sinusAmplitude=0 m completePatrolInSimTime=0
UWOC: waterType=clear-ocean c=0.151 1/m opticalRange=30 m dataRate=2.5e+06 bps pointingSigma=0.75 m pointingCoherence=60 s m divergence=30 deg disableOpticalLoss=0
Traffic: load=0.05 pkt/s payloadBytes(H/M/L)=64/256/10000 ddnContactPacketsPerTick=0 sinkContactPacketsPerTick=0
Generated=4663 gatewayOriginated=2840 reachedDDN=4663 collectedByAUV=2696 deliveredToSink=4276 directCriticalToSink=473 directMediumToSink=1107 directLowToSink=0 mediumFallbackRhoMax=0.4 lowFallbackRhoMax=0 opticalTransfers=2696 opticalAttempted=2696 opticalLost=0 opticalPending=0 opticalLossPct=0 opticalMeanPktSuccess=1 opticalMeanSnrDb=43.5175 acousticTransfers=16146 acousticTxBytes=31623234 acousticTxAirtimeS=8108.52 acousticSourceAttempts=1841 acousticRetransmissions=18 acousticRetryExhausted=0 acousticAcks=1823 acousticPending=0 directSourceAttempts=1585 directRetransmissions=5 directCyclesExhausted=0 directAcks=1580 directPending=0 mobileSourceAttempts=0 mobileRetransmissions=0 mobileContactFailures=0 mobileAcks=0 mobilePending=0 auvSurfaceSourceAttempts=3026 auvSurfaceRetransmissions=323 auvSurfaceContactFailures=7 auvSurfaceAcks=2696 auvSurfacePending=0 energyConsumedJ=2.08761e+07 ddnBuffered=229 auvBuffered=0
Priority: highGenerated=475 mediumGenerated=1348 lowGenerated=2840 highDelivered=475 mediumDelivered=1185 lowDelivered=2616
PDR_surface=91.7006 %
AvgDelay_E2E=3564.3237 s  (BSN->surface-sink, includes AUV transit)
Throughput=2308.8739 bps
EnergyPerPkt=4882164.4931 mJ/pkt
PDR_DDN=39.0950 %  (BSN->DDN acoustic, comparable to Ahmed 2022)
AvgDelay_acoustic=0.9095 s  (BSN->DDN hop only, ~1-9 s reference range)
Priority_PDR: HIGH=100.0000% MEDIUM=87.9080% LOW=92.1127%
Priority_delay: HIGH=4.3940s MEDIUM=348.7731s LOW=5667.3031s
Priority_miss: HIGH=0.4211% MEDIUM=14.4659% LOW=7.8873%
Priority_energy: HIGH=13.9375 mJ/byte MEDIUM=10.2949 mJ/byte LOW=2.6472 mJ/byte
Node_role_energy: BSN=7919.6870 J DRN=2483.4069 J DDN=2475.4932 J AUV=20857176.0519 J SINK=6080.7333 J dominant=AUV
Node_role_energy_pct: BSN=0.0379% DRN=0.0119% DDN=0.0119% AUV=99.9092% SINK=0.0291%
RESULT nodes=180 protocol=contribution matchHybridQueues=0 ddnBufferPolicy=priority nodeIdlePowerW=0.0005 trafficLoad=0.0500 trafficStop=91798.0300 sinkPlacement=hybrid generated=4663 delivered=4276 pdr=91.7006 avgDelayE2E=3564.3237 avgDelayAcoustic=0.9095 pdrDDN=39.0950 throughputBps=2308.8739 energyJ=20876135.3724 energyPerPktMj=4882164.4931 pdrHigh=100.0000 pdrMedium=87.9080 pdrLow=92.1127 highAvgDelay=4.3940 mediumAvgDelay=348.7731 lowAvgDelay=5667.3031 highMissRatio=0.4211 mediumMissRatio=14.4659 lowMissRatio=7.8873 burstGenerated=0 burstDelivered=0 burstMeanDelay=0.0000 burstDeadlineMiss=0 highDeadlineMiss=2 mediumDeadlineMiss=32 lowDeadlineMiss=0 directCritical=473 bufferDropped=0 bufferDroppedHigh=0 bufferDroppedMedium=0 bufferDroppedLow=0 directLow=0 acousticSourceAttempts=1841 acousticRetransmissions=18 acousticRetryExhausted=0 acousticAcks=1823 acousticPending=0 directSourceAttempts=1585 directRetransmissions=5 directCyclesExhausted=0 directAcks=1580 directPending=0 mobileSourceAttempts=0 mobileRetransmissions=0 mobileContactFailures=0 mobileAcks=0 mobilePending=0 auvSurfaceSourceAttempts=3026 auvSurfaceRetransmissions=323 auvSurfaceContactFailures=7 auvSurfaceAcks=2696 auvSurfacePending=0 optical=2696 opticalAttempted=2696 opticalLost=0 opticalPending=0 opticalLossPct=0.0000 opticalMeanPktSuccess=1.0000 opticalMeanSnrDb=43.5175 directMedium=1107 highEnergyJ=423.6997 mediumEnergyJ=3123.0605 lowEnergyJ=69249.9776 bsnEnergyJ=7919.6870 drnEnergyJ=2483.4069 ddnEnergyJ=2475.4932 auvEnergyJ=20857176.0519 sinkEnergyJ=6080.7333 bsnEnergyPct=0.0379 drnEnergyPct=0.0119 ddnEnergyPct=0.0119 auvEnergyPct=99.9092 sinkEnergyPct=0.0291 dominantNodeRole=AUV highEnergyMjByte=13.9375 mediumEnergyMjByte=10.2949 lowEnergyMjByte=2.6472 rhoMax=0.4000 lowRhoMax=0.0000 opticalExtCoeff=0.1510
