[0/2] Re-checking globbed directories...
ninja: no work to do.
----------- Initializing AUV-Based EDC simulation -----------
Use sweeps like: ./ns3 run "scratch/edc --trafficLoad=1 --nodes=126"

----------- AUV-Based EDC UW-LSN summary -----------
Paper setup: MAC=Underwater MAC, UDP-like packets, omni acoustic, BW=25000 Hz, rate=31200 bps, simTime=91798 s, trafficStop=91798 s, protocol=contribution, auvCollectionMedium=optical, energyModel=hardware, matchHybridQueues=0, ddnBufferPolicy=priority, nodeIdlePowerW=0.0005
Acoustic MAC: aloha (hop ACKs off; end-to-end retry)
Topology: BSN=144 DRN=36 DDN=8 SINK=15 sinkPlacement=hybrid AUV=1 length=12600 m pipelineDepth=1000 m ddnEomOffset=500 m
Ranges: BSN=100 DRN=250 DDN=400 DDN-AUV=400 SINK=500 m
AUV: speed=6.087 km/h contactDepth=500 m sinusAmplitude=0 m completePatrolInSimTime=0
UWOC: waterType=clear-ocean c=0.151 1/m opticalRange=30 m dataRate=2.5e+06 bps pointingSigma=0.75 m pointingCoherence=60 s m divergence=30 deg disableOpticalLoss=0
Traffic: load=0.05 pkt/s payloadBytes(H/M/L)=64/256/25000 ddnContactPacketsPerTick=0 sinkContactPacketsPerTick=0
Generated=4592 gatewayOriginated=2758 reachedDDN=4592 collectedByAUV=2633 deliveredToSink=4159 directCriticalToSink=453 directMediumToSink=1073 directLowToSink=0 mediumFallbackRhoMax=0.4 lowFallbackRhoMax=0 opticalTransfers=2633 opticalAttempted=2634 opticalLost=1 opticalPending=0 opticalLossPct=0.0379651 opticalMeanPktSuccess=0.99962 opticalMeanSnrDb=44.8633 acousticTransfers=28561 acousticTxBytes=78585369 acousticTxAirtimeS=20150.1 acousticSourceAttempts=1845 acousticRetransmissions=11 acousticRetryExhausted=0 acousticAcks=1834 acousticPending=0 directSourceAttempts=1534 directRetransmissions=8 directCyclesExhausted=0 directAcks=1526 directPending=0 mobileSourceAttempts=0 mobileRetransmissions=0 mobileContactFailures=0 mobileAcks=0 mobilePending=0 auvSurfaceSourceAttempts=3137 auvSurfaceRetransmissions=464 auvSurfaceContactFailures=40 auvSurfaceAcks=2633 auvSurfacePending=0 energyConsumedJ=2.09789e+07 ddnBuffered=230 auvBuffered=0
Priority: highGenerated=454 mediumGenerated=1380 lowGenerated=2758 highDelivered=454 mediumDelivered=1173 lowDelivered=2532
PDR_surface=90.5706 %
AvgDelay_E2E=3769.8516 s  (BSN->surface-sink, includes AUV transit)
Throughput=5545.1599 bps
EnergyPerPkt=5044219.8091 mJ/pkt
PDR_DDN=39.9390 %  (BSN->DDN acoustic, comparable to Ahmed 2022)
AvgDelay_acoustic=0.8563 s  (BSN->DDN hop only, ~1-9 s reference range)
Priority_PDR: HIGH=100.0000% MEDIUM=85.0000% LOW=91.8057%
Priority_delay: HIGH=4.4616s MEDIUM=419.4318s LOW=5997.1539s
Priority_miss: HIGH=0.2203% MEDIUM=18.1159% LOW=8.1943%
Priority_energy: HIGH=14.0819 mJ/byte MEDIUM=10.5040 mJ/byte LOW=2.7173 mJ/byte
Node_role_energy: BSN=7947.7322 J DRN=2485.2562 J DDN=4235.1689 J AUV=20948799.7005 J SINK=15442.3282 J dominant=AUV
Node_role_energy_pct: BSN=0.0379% DRN=0.0118% DDN=0.0202% AUV=99.8565% SINK=0.0736%
RESULT nodes=180 protocol=contribution matchHybridQueues=0 ddnBufferPolicy=priority nodeIdlePowerW=0.0005 trafficLoad=0.0500 trafficStop=91798.0300 sinkPlacement=hybrid generated=4592 delivered=4159 pdr=90.5706 avgDelayE2E=3769.8516 avgDelayAcoustic=0.8563 pdrDDN=39.9390 throughputBps=5545.1599 energyJ=20978910.1860 energyPerPktMj=5044219.8091 pdrHigh=100.0000 pdrMedium=85.0000 pdrLow=91.8057 highAvgDelay=4.4616 mediumAvgDelay=419.4318 lowAvgDelay=5997.1539 highMissRatio=0.2203 mediumMissRatio=18.1159 lowMissRatio=8.1943 burstGenerated=0 burstDelivered=0 burstMeanDelay=0.0000 burstDeadlineMiss=0 highDeadlineMiss=1 mediumDeadlineMiss=43 lowDeadlineMiss=0 directCritical=453 bufferDropped=0 bufferDroppedHigh=0 bufferDroppedMedium=0 bufferDroppedLow=0 directLow=0 acousticSourceAttempts=1845 acousticRetransmissions=11 acousticRetryExhausted=0 acousticAcks=1834 acousticPending=0 directSourceAttempts=1534 directRetransmissions=8 directCyclesExhausted=0 directAcks=1526 directPending=0 mobileSourceAttempts=0 mobileRetransmissions=0 mobileContactFailures=0 mobileAcks=0 mobilePending=0 auvSurfaceSourceAttempts=3137 auvSurfaceRetransmissions=464 auvSurfaceContactFailures=40 auvSurfaceAcks=2633 auvSurfacePending=0 optical=2633 opticalAttempted=2634 opticalLost=1 opticalPending=0 opticalLossPct=0.0380 opticalMeanPktSuccess=0.9996 opticalMeanSnrDb=44.8633 directMedium=1073 highEnergyJ=409.1629 mediumEnergyJ=3154.2113 lowEnergyJ=172008.1773 bsnEnergyJ=7947.7322 drnEnergyJ=2485.2562 ddnEnergyJ=4235.1689 auvEnergyJ=20948799.7005 sinkEnergyJ=15442.3282 bsnEnergyPct=0.0379 drnEnergyPct=0.0118 ddnEnergyPct=0.0202 auvEnergyPct=99.8565 sinkEnergyPct=0.0736 dominantNodeRole=AUV highEnergyMjByte=14.0819 mediumEnergyMjByte=10.5040 lowEnergyMjByte=2.7173 rhoMax=0.4000 lowRhoMax=0.0000 opticalExtCoeff=0.1510
